[2018-10-24T17:15:47.651+0200][gc,heap] Heap region size: 1M
[2018-10-24T17:15:47.674+0200][gc     ] Using G1
[2018-10-24T17:15:47.674+0200][gc,heap,coops] Heap address: 0x00000000c0000000, size: 1024 MB, Compressed Oops mode: 32-bit
[2018-10-24T17:15:48.729+0200][gc,start     ] GC(0) Pause Initial Mark (Metadata GC Threshold)
[2018-10-24T17:15:48.729+0200][gc,task      ] GC(0) Using 4 workers of 4 for evacuation
[2018-10-24T17:15:48.736+0200][gc,phases    ] GC(0)   Pre Evacuate Collection Set: 0,0ms
[2018-10-24T17:15:48.736+0200][gc,phases    ] GC(0)   Evacuate Collection Set: 6,4ms
[2018-10-24T17:15:48.736+0200][gc,phases    ] GC(0)   Post Evacuate Collection Set: 0,4ms
[2018-10-24T17:15:48.736+0200][gc,phases    ] GC(0)   Other: 0,3ms
[2018-10-24T17:15:48.736+0200][gc,heap      ] GC(0) Eden regions: 44->0(45)
[2018-10-24T17:15:48.736+0200][gc,heap      ] GC(0) Survivor regions: 0->6(7)
[2018-10-24T17:15:48.736+0200][gc,heap      ] GC(0) Old regions: 0->0
[2018-10-24T17:15:48.736+0200][gc,heap      ] GC(0) Humongous regions: 1->1
[2018-10-24T17:15:48.736+0200][gc,metaspace ] GC(0) Metaspace: 20769K->20769K(1069056K)
[2018-10-24T17:15:48.736+0200][gc           ] GC(0) Pause Initial Mark (Metadata GC Threshold) 44M->6M(1024M) 7,130ms
[2018-10-24T17:15:48.736+0200][gc,cpu       ] GC(0) User=0,02s Sys=0,00s Real=0,01s
[2018-10-24T17:15:48.736+0200][gc           ] GC(1) Concurrent Cycle
[2018-10-24T17:15:48.736+0200][gc,marking   ] GC(1) Concurrent Clear Claimed Marks
[2018-10-24T17:15:48.736+0200][gc,marking   ] GC(1) Concurrent Clear Claimed Marks 0,024ms
[2018-10-24T17:15:48.736+0200][gc,marking   ] GC(1) Concurrent Scan Root Regions
[2018-10-24T17:15:48.739+0200][gc,marking   ] GC(1) Concurrent Scan Root Regions 2,545ms
[2018-10-24T17:15:48.739+0200][gc,marking   ] GC(1) Concurrent Mark (1,112s)
[2018-10-24T17:15:48.739+0200][gc,marking   ] GC(1) Concurrent Mark From Roots
[2018-10-24T17:15:48.739+0200][gc,task      ] GC(1) Using 1 workers of 1 for marking
[2018-10-24T17:15:48.739+0200][gc,marking   ] GC(1) Concurrent Mark From Roots 0,609ms
[2018-10-24T17:15:48.739+0200][gc,marking   ] GC(1) Concurrent Mark (1,112s, 1,113s) 0,637ms
[2018-10-24T17:15:48.739+0200][gc,start     ] GC(1) Pause Remark
[2018-10-24T17:15:48.742+0200][gc,stringtable] GC(1) Cleaned string and symbol table, strings: 8298 processed, 0 removed, symbols: 67123 processed, 43 removed
[2018-10-24T17:15:48.742+0200][gc            ] GC(1) Pause Remark 7M->7M(1024M) 2,250ms
[2018-10-24T17:15:48.742+0200][gc,cpu        ] GC(1) User=0,01s Sys=0,00s Real=0,00s
[2018-10-24T17:15:48.742+0200][gc,marking    ] GC(1) Concurrent Create Live Data
[2018-10-24T17:15:48.742+0200][gc,marking    ] GC(1) Concurrent Create Live Data 0,151ms
[2018-10-24T17:15:48.742+0200][gc,start      ] GC(1) Pause Cleanup
[2018-10-24T17:15:48.743+0200][gc            ] GC(1) Pause Cleanup 7M->7M(1024M) 0,613ms
[2018-10-24T17:15:48.743+0200][gc,cpu        ] GC(1) User=0,00s Sys=0,00s Real=0,00s
[2018-10-24T17:15:48.743+0200][gc,marking    ] GC(1) Concurrent Cleanup for Next Mark
[2018-10-24T17:15:48.750+0200][gc,marking    ] GC(1) Concurrent Cleanup for Next Mark 7,259ms
[2018-10-24T17:15:48.750+0200][gc            ] GC(1) Concurrent Cycle 14,043ms
[2018-10-24T17:15:49.450+0200][gc,start      ] GC(2) Pause Young (G1 Evacuation Pause)
[2018-10-24T17:15:49.450+0200][gc,task       ] GC(2) Using 4 workers of 4 for evacuation
[2018-10-24T17:15:49.461+0200][gc,phases     ] GC(2)   Pre Evacuate Collection Set: 0,0ms
[2018-10-24T17:15:49.461+0200][gc,phases     ] GC(2)   Evacuate Collection Set: 10,9ms
[2018-10-24T17:15:49.461+0200][gc,phases     ] GC(2)   Post Evacuate Collection Set: 0,4ms
[2018-10-24T17:15:49.461+0200][gc,phases     ] GC(2)   Other: 0,2ms
[2018-10-24T17:15:49.461+0200][gc,heap       ] GC(2) Eden regions: 45->0(47)
[2018-10-24T17:15:49.461+0200][gc,heap       ] GC(2) Survivor regions: 6->4(7)
[2018-10-24T17:15:49.461+0200][gc,heap       ] GC(2) Old regions: 0->7
[2018-10-24T17:15:49.461+0200][gc,heap       ] GC(2) Humongous regions: 130->130
[2018-10-24T17:15:49.461+0200][gc,metaspace  ] GC(2) Metaspace: 29121K->29121K(1075200K)
[2018-10-24T17:15:49.461+0200][gc            ] GC(2) Pause Young (G1 Evacuation Pause) 180M->139M(1024M) 11,575ms
[2018-10-24T17:15:49.461+0200][gc,cpu        ] GC(2) User=0,04s Sys=0,00s Real=0,01s
[2018-10-24T17:15:52.949+0200][gc,heap,exit  ] Heap
[2018-10-24T17:15:52.949+0200][gc,heap,exit  ]  garbage-first heap   total 1048576K, used 153279K [0x00000000c0000000, 0x0000000100000000)
[2018-10-24T17:15:52.949+0200][gc,heap,exit  ]   region size 1024K, 15 young (15360K), 4 survivors (4096K)
[2018-10-24T17:15:52.949+0200][gc,heap,exit  ]  Metaspace       used 30091K, capacity 30432K, committed 30976K, reserved 1077248K
[2018-10-24T17:15:52.949+0200][gc,heap,exit  ]   class space    used 3613K, capacity 3748K, committed 3840K, reserved 1048576K
