[2018-10-24T17:16:11.573+0200][gc,heap] Heap region size: 1M
[2018-10-24T17:16:11.582+0200][gc     ] Using G1
[2018-10-24T17:16:11.582+0200][gc,heap,coops] Heap address: 0x00000000c0000000, size: 1024 MB, Compressed Oops mode: 32-bit
[2018-10-24T17:16:12.576+0200][gc,start     ] GC(0) Pause Initial Mark (Metadata GC Threshold)
[2018-10-24T17:16:12.576+0200][gc,task      ] GC(0) Using 4 workers of 4 for evacuation
[2018-10-24T17:16:12.581+0200][gc,phases    ] GC(0)   Pre Evacuate Collection Set: 0,0ms
[2018-10-24T17:16:12.581+0200][gc,phases    ] GC(0)   Evacuate Collection Set: 4,7ms
[2018-10-24T17:16:12.581+0200][gc,phases    ] GC(0)   Post Evacuate Collection Set: 0,3ms
[2018-10-24T17:16:12.581+0200][gc,phases    ] GC(0)   Other: 0,3ms
[2018-10-24T17:16:12.581+0200][gc,heap      ] GC(0) Eden regions: 44->0(44)
[2018-10-24T17:16:12.581+0200][gc,heap      ] GC(0) Survivor regions: 0->7(7)
[2018-10-24T17:16:12.581+0200][gc,heap      ] GC(0) Old regions: 0->0
[2018-10-24T17:16:12.581+0200][gc,heap      ] GC(0) Humongous regions: 1->1
[2018-10-24T17:16:12.581+0200][gc,metaspace ] GC(0) Metaspace: 20766K->20766K(1069056K)
[2018-10-24T17:16:12.581+0200][gc           ] GC(0) Pause Initial Mark (Metadata GC Threshold) 44M->7M(1024M) 5,369ms
[2018-10-24T17:16:12.581+0200][gc,cpu       ] GC(0) User=0,02s Sys=0,00s Real=0,00s
[2018-10-24T17:16:12.581+0200][gc           ] GC(1) Concurrent Cycle
[2018-10-24T17:16:12.581+0200][gc,marking   ] GC(1) Concurrent Clear Claimed Marks
[2018-10-24T17:16:12.581+0200][gc,marking   ] GC(1) Concurrent Clear Claimed Marks 0,025ms
[2018-10-24T17:16:12.581+0200][gc,marking   ] GC(1) Concurrent Scan Root Regions
[2018-10-24T17:16:12.584+0200][gc,marking   ] GC(1) Concurrent Scan Root Regions 2,469ms
[2018-10-24T17:16:12.584+0200][gc,marking   ] GC(1) Concurrent Mark (1,013s)
[2018-10-24T17:16:12.584+0200][gc,marking   ] GC(1) Concurrent Mark From Roots
[2018-10-24T17:16:12.584+0200][gc,task      ] GC(1) Using 1 workers of 1 for marking
[2018-10-24T17:16:12.584+0200][gc,marking   ] GC(1) Concurrent Mark From Roots 0,616ms
[2018-10-24T17:16:12.584+0200][gc,marking   ] GC(1) Concurrent Mark (1,013s, 1,014s) 0,641ms
[2018-10-24T17:16:12.585+0200][gc,start     ] GC(1) Pause Remark
[2018-10-24T17:16:12.587+0200][gc,stringtable] GC(1) Cleaned string and symbol table, strings: 8300 processed, 0 removed, symbols: 67317 processed, 43 removed
[2018-10-24T17:16:12.587+0200][gc            ] GC(1) Pause Remark 7M->7M(1024M) 2,296ms
[2018-10-24T17:16:12.587+0200][gc,cpu        ] GC(1) User=0,01s Sys=0,00s Real=0,00s
[2018-10-24T17:16:12.587+0200][gc,marking    ] GC(1) Concurrent Create Live Data
[2018-10-24T17:16:12.587+0200][gc,marking    ] GC(1) Concurrent Create Live Data 0,113ms
[2018-10-24T17:16:12.587+0200][gc,start      ] GC(1) Pause Cleanup
[2018-10-24T17:16:12.588+0200][gc            ] GC(1) Pause Cleanup 7M->7M(1024M) 0,579ms
[2018-10-24T17:16:12.588+0200][gc,cpu        ] GC(1) User=0,00s Sys=0,00s Real=0,00s
[2018-10-24T17:16:12.588+0200][gc,marking    ] GC(1) Concurrent Cleanup for Next Mark
[2018-10-24T17:16:12.595+0200][gc,marking    ] GC(1) Concurrent Cleanup for Next Mark 6,752ms
[2018-10-24T17:16:12.595+0200][gc            ] GC(1) Concurrent Cycle 13,482ms
[2018-10-24T17:16:13.194+0200][gc,start      ] GC(2) Pause Young (G1 Evacuation Pause)
[2018-10-24T17:16:13.194+0200][gc,task       ] GC(2) Using 4 workers of 4 for evacuation
[2018-10-24T17:16:13.203+0200][gc,phases     ] GC(2)   Pre Evacuate Collection Set: 0,0ms
[2018-10-24T17:16:13.203+0200][gc,phases     ] GC(2)   Evacuate Collection Set: 8,6ms
[2018-10-24T17:16:13.203+0200][gc,phases     ] GC(2)   Post Evacuate Collection Set: 0,4ms
[2018-10-24T17:16:13.203+0200][gc,phases     ] GC(2)   Other: 0,2ms
[2018-10-24T17:16:13.203+0200][gc,heap       ] GC(2) Eden regions: 44->0(47)
[2018-10-24T17:16:13.203+0200][gc,heap       ] GC(2) Survivor regions: 7->4(7)
[2018-10-24T17:16:13.203+0200][gc,heap       ] GC(2) Old regions: 0->6
[2018-10-24T17:16:13.203+0200][gc,heap       ] GC(2) Humongous regions: 130->130
[2018-10-24T17:16:13.203+0200][gc,metaspace  ] GC(2) Metaspace: 28821K->28821K(1075200K)
[2018-10-24T17:16:13.203+0200][gc            ] GC(2) Pause Young (G1 Evacuation Pause) 180M->139M(1024M) 9,306ms
[2018-10-24T17:16:13.203+0200][gc,cpu        ] GC(2) User=0,03s Sys=0,00s Real=0,01s
[2018-10-24T17:16:18.685+0200][gc,start      ] GC(3) Pause Young (G1 Evacuation Pause)
[2018-10-24T17:16:18.685+0200][gc,task       ] GC(3) Using 4 workers of 4 for evacuation
[2018-10-24T17:16:18.698+0200][gc,phases     ] GC(3)   Pre Evacuate Collection Set: 0,0ms
[2018-10-24T17:16:18.698+0200][gc,phases     ] GC(3)   Evacuate Collection Set: 11,5ms
[2018-10-24T17:16:18.698+0200][gc,phases     ] GC(3)   Post Evacuate Collection Set: 0,7ms
[2018-10-24T17:16:18.698+0200][gc,phases     ] GC(3)   Other: 0,4ms
[2018-10-24T17:16:18.698+0200][gc,heap       ] GC(3) Eden regions: 47->0(45)
[2018-10-24T17:16:18.698+0200][gc,heap       ] GC(3) Survivor regions: 4->6(7)
[2018-10-24T17:16:18.698+0200][gc,heap       ] GC(3) Old regions: 6->6
[2018-10-24T17:16:18.698+0200][gc,heap       ] GC(3) Humongous regions: 166->130
[2018-10-24T17:16:18.698+0200][gc,metaspace  ] GC(3) Metaspace: 34911K->34911K(1081344K)
[2018-10-24T17:16:18.698+0200][gc            ] GC(3) Pause Young (G1 Evacuation Pause) 222M->141M(1024M) 12,872ms
[2018-10-24T17:16:18.698+0200][gc,cpu        ] GC(3) User=0,05s Sys=0,00s Real=0,02s
[2018-10-24T17:16:25.183+0200][gc,start      ] GC(4) Pause Initial Mark (Metadata GC Threshold)
[2018-10-24T17:16:25.183+0200][gc,task       ] GC(4) Using 4 workers of 4 for evacuation
[2018-10-24T17:16:25.192+0200][gc,phases     ] GC(4)   Pre Evacuate Collection Set: 0,0ms
[2018-10-24T17:16:25.192+0200][gc,phases     ] GC(4)   Evacuate Collection Set: 8,1ms
[2018-10-24T17:16:25.192+0200][gc,phases     ] GC(4)   Post Evacuate Collection Set: 0,2ms
[2018-10-24T17:16:25.192+0200][gc,phases     ] GC(4)   Other: 0,2ms
[2018-10-24T17:16:25.192+0200][gc,heap       ] GC(4) Eden regions: 4->0(48)
[2018-10-24T17:16:25.192+0200][gc,heap       ] GC(4) Survivor regions: 6->3(7)
[2018-10-24T17:16:25.192+0200][gc,heap       ] GC(4) Old regions: 6->10
[2018-10-24T17:16:25.192+0200][gc,heap       ] GC(4) Humongous regions: 130->130
[2018-10-24T17:16:25.192+0200][gc,metaspace  ] GC(4) Metaspace: 35181K->35181K(1081344K)
[2018-10-24T17:16:25.192+0200][gc            ] GC(4) Pause Initial Mark (Metadata GC Threshold) 145M->141M(1024M) 8,707ms
[2018-10-24T17:16:25.192+0200][gc,cpu        ] GC(4) User=0,02s Sys=0,00s Real=0,01s
[2018-10-24T17:16:25.192+0200][gc            ] GC(5) Concurrent Cycle
[2018-10-24T17:16:25.192+0200][gc,marking    ] GC(5) Concurrent Clear Claimed Marks
[2018-10-24T17:16:25.192+0200][gc,marking    ] GC(5) Concurrent Clear Claimed Marks 0,025ms
[2018-10-24T17:16:25.192+0200][gc,marking    ] GC(5) Concurrent Scan Root Regions
[2018-10-24T17:16:25.194+0200][gc,marking    ] GC(5) Concurrent Scan Root Regions 1,463ms
[2018-10-24T17:16:25.194+0200][gc,marking    ] GC(5) Concurrent Mark (13,623s)
[2018-10-24T17:16:25.194+0200][gc,marking    ] GC(5) Concurrent Mark From Roots
[2018-10-24T17:16:25.194+0200][gc,task       ] GC(5) Using 1 workers of 1 for marking
[2018-10-24T17:16:25.204+0200][gc,marking    ] GC(5) Concurrent Mark From Roots 10,701ms
[2018-10-24T17:16:25.204+0200][gc,marking    ] GC(5) Concurrent Mark (13,623s, 13,633s) 10,745ms
[2018-10-24T17:16:25.204+0200][gc,start      ] GC(5) Pause Remark
[2018-10-24T17:16:25.210+0200][gc,stringtable] GC(5) Cleaned string and symbol table, strings: 13644 processed, 5 removed, symbols: 94560 processed, 16 removed
[2018-10-24T17:16:25.210+0200][gc            ] GC(5) Pause Remark 141M->141M(1024M) 5,235ms
[2018-10-24T17:16:25.210+0200][gc,cpu        ] GC(5) User=0,02s Sys=0,00s Real=0,01s
[2018-10-24T17:16:25.210+0200][gc,marking    ] GC(5) Concurrent Create Live Data
[2018-10-24T17:16:25.212+0200][gc,marking    ] GC(5) Concurrent Create Live Data 2,658ms
[2018-10-24T17:16:25.212+0200][gc,start      ] GC(5) Pause Cleanup
[2018-10-24T17:16:25.213+0200][gc            ] GC(5) Pause Cleanup 141M->141M(1024M) 0,497ms
[2018-10-24T17:16:25.213+0200][gc,cpu        ] GC(5) User=0,00s Sys=0,00s Real=0,00s
[2018-10-24T17:16:25.213+0200][gc,marking    ] GC(5) Concurrent Cleanup for Next Mark
[2018-10-24T17:16:25.221+0200][gc,marking    ] GC(5) Concurrent Cleanup for Next Mark 8,026ms
[2018-10-24T17:16:25.221+0200][gc            ] GC(5) Concurrent Cycle 29,133ms
[2018-10-24T17:17:37.810+0200][gc,start      ] GC(6) Pause Young (G1 Evacuation Pause)
[2018-10-24T17:17:37.810+0200][gc,task       ] GC(6) Using 4 workers of 4 for evacuation
[2018-10-24T17:17:37.823+0200][gc,phases     ] GC(6)   Pre Evacuate Collection Set: 0,0ms
[2018-10-24T17:17:37.823+0200][gc,phases     ] GC(6)   Evacuate Collection Set: 11,7ms
[2018-10-24T17:17:37.823+0200][gc,phases     ] GC(6)   Post Evacuate Collection Set: 0,5ms
[2018-10-24T17:17:37.823+0200][gc,phases     ] GC(6)   Other: 0,4ms
[2018-10-24T17:17:37.823+0200][gc,heap       ] GC(6) Eden regions: 48->0(47)
[2018-10-24T17:17:37.823+0200][gc,heap       ] GC(6) Survivor regions: 3->4(7)
[2018-10-24T17:17:37.823+0200][gc,heap       ] GC(6) Old regions: 10->10
[2018-10-24T17:17:37.823+0200][gc,heap       ] GC(6) Humongous regions: 130->130
[2018-10-24T17:17:37.823+0200][gc,metaspace  ] GC(6) Metaspace: 37729K->37729K(1083392K)
[2018-10-24T17:17:37.823+0200][gc            ] GC(6) Pause Young (G1 Evacuation Pause) 189M->142M(1024M) 12,871ms
[2018-10-24T17:17:37.823+0200][gc,cpu        ] GC(6) User=0,05s Sys=0,00s Real=0,01s
[2018-10-24T17:18:50.521+0200][gc,start      ] GC(7) Pause Young (G1 Evacuation Pause)
[2018-10-24T17:18:50.521+0200][gc,task       ] GC(7) Using 4 workers of 4 for evacuation
[2018-10-24T17:18:50.538+0200][gc,phases     ] GC(7)   Pre Evacuate Collection Set: 0,0ms
[2018-10-24T17:18:50.538+0200][gc,phases     ] GC(7)   Evacuate Collection Set: 15,8ms
[2018-10-24T17:18:50.538+0200][gc,phases     ] GC(7)   Post Evacuate Collection Set: 0,6ms
[2018-10-24T17:18:50.538+0200][gc,phases     ] GC(7)   Other: 0,4ms
[2018-10-24T17:18:50.538+0200][gc,heap       ] GC(7) Eden regions: 47->0(46)
[2018-10-24T17:18:50.538+0200][gc,heap       ] GC(7) Survivor regions: 4->5(7)
[2018-10-24T17:18:50.538+0200][gc,heap       ] GC(7) Old regions: 10->10
[2018-10-24T17:18:50.538+0200][gc,heap       ] GC(7) Humongous regions: 130->130
[2018-10-24T17:18:50.538+0200][gc,metaspace  ] GC(7) Metaspace: 37933K->37933K(1083392K)
[2018-10-24T17:18:50.538+0200][gc            ] GC(7) Pause Young (G1 Evacuation Pause) 189M->143M(1024M) 17,044ms
[2018-10-24T17:18:50.538+0200][gc,cpu        ] GC(7) User=0,04s Sys=0,00s Real=0,02s
[2018-10-24T17:20:21.150+0200][gc,start      ] GC(8) Pause Young (G1 Evacuation Pause)
[2018-10-24T17:20:21.150+0200][gc,task       ] GC(8) Using 4 workers of 4 for evacuation
[2018-10-24T17:20:21.167+0200][gc,phases     ] GC(8)   Pre Evacuate Collection Set: 0,0ms
[2018-10-24T17:20:21.167+0200][gc,phases     ] GC(8)   Evacuate Collection Set: 16,0ms
[2018-10-24T17:20:21.167+0200][gc,phases     ] GC(8)   Post Evacuate Collection Set: 0,6ms
[2018-10-24T17:20:21.167+0200][gc,phases     ] GC(8)   Other: 0,4ms
[2018-10-24T17:20:21.167+0200][gc,heap       ] GC(8) Eden regions: 46->0(48)
[2018-10-24T17:20:21.167+0200][gc,heap       ] GC(8) Survivor regions: 5->3(7)
[2018-10-24T17:20:21.167+0200][gc,heap       ] GC(8) Old regions: 10->11
[2018-10-24T17:20:21.167+0200][gc,heap       ] GC(8) Humongous regions: 130->130
[2018-10-24T17:20:21.167+0200][gc,metaspace  ] GC(8) Metaspace: 37944K->37944K(1083392K)
[2018-10-24T17:20:21.167+0200][gc            ] GC(8) Pause Young (G1 Evacuation Pause) 189M->143M(1024M) 17,354ms
[2018-10-24T17:20:21.167+0200][gc,cpu        ] GC(8) User=0,06s Sys=0,00s Real=0,02s
[2018-10-24T17:22:29.687+0200][gc,start      ] GC(9) Pause Young (G1 Evacuation Pause)
[2018-10-24T17:22:29.687+0200][gc,task       ] GC(9) Using 4 workers of 4 for evacuation
[2018-10-24T17:22:29.705+0200][gc,phases     ] GC(9)   Pre Evacuate Collection Set: 0,1ms
[2018-10-24T17:22:29.705+0200][gc,phases     ] GC(9)   Evacuate Collection Set: 17,3ms
[2018-10-24T17:22:29.705+0200][gc,phases     ] GC(9)   Post Evacuate Collection Set: 0,6ms
[2018-10-24T17:22:29.705+0200][gc,phases     ] GC(9)   Other: 0,5ms
[2018-10-24T17:22:29.705+0200][gc,heap       ] GC(9) Eden regions: 48->0(47)
[2018-10-24T17:22:29.706+0200][gc,heap       ] GC(9) Survivor regions: 3->4(7)
[2018-10-24T17:22:29.706+0200][gc,heap       ] GC(9) Old regions: 11->11
[2018-10-24T17:22:29.706+0200][gc,heap       ] GC(9) Humongous regions: 130->130
[2018-10-24T17:22:29.706+0200][gc,metaspace  ] GC(9) Metaspace: 37992K->37992K(1083392K)
[2018-10-24T17:22:29.706+0200][gc            ] GC(9) Pause Young (G1 Evacuation Pause) 191M->144M(1024M) 18,667ms
[2018-10-24T17:22:29.706+0200][gc,cpu        ] GC(9) User=0,05s Sys=0,00s Real=0,02s
