[2018-10-28T21:36:02.208+0100][gc,heap] Heap region size: 1M
[2018-10-28T21:36:02.217+0100][gc     ] Using G1
[2018-10-28T21:36:02.217+0100][gc,heap,coops] Heap address: 0x00000000c0000000, size: 1024 MB, Compressed Oops mode: 32-bit
[2018-10-28T21:36:04.427+0100][gc,start     ] GC(0) Pause Initial Mark (Metadata GC Threshold)
[2018-10-28T21:36:04.427+0100][gc,task      ] GC(0) Using 4 workers of 4 for evacuation
[2018-10-28T21:36:04.435+0100][gc,phases    ] GC(0)   Pre Evacuate Collection Set: 0,0ms
[2018-10-28T21:36:04.435+0100][gc,phases    ] GC(0)   Evacuate Collection Set: 7,4ms
[2018-10-28T21:36:04.435+0100][gc,phases    ] GC(0)   Post Evacuate Collection Set: 0,4ms
[2018-10-28T21:36:04.435+0100][gc,phases    ] GC(0)   Other: 0,4ms
[2018-10-28T21:36:04.435+0100][gc,heap      ] GC(0) Eden regions: 43->0(45)
[2018-10-28T21:36:04.435+0100][gc,heap      ] GC(0) Survivor regions: 0->6(7)
[2018-10-28T21:36:04.435+0100][gc,heap      ] GC(0) Old regions: 0->0
[2018-10-28T21:36:04.435+0100][gc,heap      ] GC(0) Humongous regions: 1->1
[2018-10-28T21:36:04.435+0100][gc,metaspace ] GC(0) Metaspace: 20726K->20726K(1069056K)
[2018-10-28T21:36:04.435+0100][gc           ] GC(0) Pause Initial Mark (Metadata GC Threshold) 44M->6M(1024M) 8,367ms
[2018-10-28T21:36:04.435+0100][gc,cpu       ] GC(0) User=0,02s Sys=0,00s Real=0,00s
[2018-10-28T21:36:04.435+0100][gc           ] GC(1) Concurrent Cycle
[2018-10-28T21:36:04.435+0100][gc,marking   ] GC(1) Concurrent Clear Claimed Marks
[2018-10-28T21:36:04.435+0100][gc,marking   ] GC(1) Concurrent Clear Claimed Marks 0,029ms
[2018-10-28T21:36:04.435+0100][gc,marking   ] GC(1) Concurrent Scan Root Regions
[2018-10-28T21:36:04.439+0100][gc,marking   ] GC(1) Concurrent Scan Root Regions 3,109ms
[2018-10-28T21:36:04.439+0100][gc,marking   ] GC(1) Concurrent Mark (2,233s)
[2018-10-28T21:36:04.439+0100][gc,marking   ] GC(1) Concurrent Mark From Roots
[2018-10-28T21:36:04.439+0100][gc,task      ] GC(1) Using 1 workers of 1 for marking
[2018-10-28T21:36:04.439+0100][gc,marking   ] GC(1) Concurrent Mark From Roots 0,754ms
[2018-10-28T21:36:04.439+0100][gc,marking   ] GC(1) Concurrent Mark (2,233s, 2,233s) 0,786ms
[2018-10-28T21:36:04.440+0100][gc,start     ] GC(1) Pause Remark
[2018-10-28T21:36:04.443+0100][gc,stringtable] GC(1) Cleaned string and symbol table, strings: 8292 processed, 0 removed, symbols: 67210 processed, 43 removed
[2018-10-28T21:36:04.443+0100][gc            ] GC(1) Pause Remark 7M->7M(1024M) 3,490ms
[2018-10-28T21:36:04.443+0100][gc,cpu        ] GC(1) User=0,01s Sys=0,00s Real=0,00s
[2018-10-28T21:36:04.443+0100][gc,marking    ] GC(1) Concurrent Create Live Data
[2018-10-28T21:36:04.443+0100][gc,marking    ] GC(1) Concurrent Create Live Data 0,115ms
[2018-10-28T21:36:04.443+0100][gc,start      ] GC(1) Pause Cleanup
[2018-10-28T21:36:04.444+0100][gc            ] GC(1) Pause Cleanup 7M->7M(1024M) 0,708ms
[2018-10-28T21:36:04.444+0100][gc,cpu        ] GC(1) User=0,00s Sys=0,00s Real=0,01s
[2018-10-28T21:36:04.444+0100][gc,marking    ] GC(1) Concurrent Cleanup for Next Mark
[2018-10-28T21:36:04.451+0100][gc,marking    ] GC(1) Concurrent Cleanup for Next Mark 6,539ms
[2018-10-28T21:36:04.451+0100][gc            ] GC(1) Concurrent Cycle 15,291ms
[2018-10-28T21:36:05.885+0100][gc,start      ] GC(2) Pause Young (G1 Evacuation Pause)
[2018-10-28T21:36:05.885+0100][gc,task       ] GC(2) Using 4 workers of 4 for evacuation
[2018-10-28T21:36:05.895+0100][gc,phases     ] GC(2)   Pre Evacuate Collection Set: 0,0ms
[2018-10-28T21:36:05.895+0100][gc,phases     ] GC(2)   Evacuate Collection Set: 9,2ms
[2018-10-28T21:36:05.895+0100][gc,phases     ] GC(2)   Post Evacuate Collection Set: 0,4ms
[2018-10-28T21:36:05.895+0100][gc,phases     ] GC(2)   Other: 0,2ms
[2018-10-28T21:36:05.895+0100][gc,heap       ] GC(2) Eden regions: 45->0(47)
[2018-10-28T21:36:05.895+0100][gc,heap       ] GC(2) Survivor regions: 6->4(7)
[2018-10-28T21:36:05.895+0100][gc,heap       ] GC(2) Old regions: 0->6
[2018-10-28T21:36:05.895+0100][gc,heap       ] GC(2) Humongous regions: 130->130
[2018-10-28T21:36:05.895+0100][gc,metaspace  ] GC(2) Metaspace: 29709K->29709K(1077248K)
[2018-10-28T21:36:05.895+0100][gc            ] GC(2) Pause Young (G1 Evacuation Pause) 180M->139M(1024M) 9,880ms
[2018-10-28T21:36:05.895+0100][gc,cpu        ] GC(2) User=0,03s Sys=0,01s Real=0,00s
