[2018-10-30T18:21:56.573+0100][gc,heap] Heap region size: 1M
[2018-10-30T18:21:56.581+0100][gc     ] Using G1
[2018-10-30T18:21:56.581+0100][gc,heap,coops] Heap address: 0x00000000c0000000, size: 1024 MB, Compressed Oops mode: 32-bit
[2018-10-30T18:21:58.741+0100][gc,start     ] GC(0) Pause Initial Mark (Metadata GC Threshold)
[2018-10-30T18:21:58.742+0100][gc,task      ] GC(0) Using 4 workers of 4 for evacuation
[2018-10-30T18:21:58.749+0100][gc,phases    ] GC(0)   Pre Evacuate Collection Set: 0,0ms
[2018-10-30T18:21:58.749+0100][gc,phases    ] GC(0)   Evacuate Collection Set: 6,4ms
[2018-10-30T18:21:58.749+0100][gc,phases    ] GC(0)   Post Evacuate Collection Set: 0,3ms
[2018-10-30T18:21:58.749+0100][gc,phases    ] GC(0)   Other: 0,3ms
[2018-10-30T18:21:58.749+0100][gc,heap      ] GC(0) Eden regions: 43->0(44)
[2018-10-30T18:21:58.749+0100][gc,heap      ] GC(0) Survivor regions: 0->7(7)
[2018-10-30T18:21:58.749+0100][gc,heap      ] GC(0) Old regions: 0->0
[2018-10-30T18:21:58.749+0100][gc,heap      ] GC(0) Humongous regions: 1->1
[2018-10-30T18:21:58.749+0100][gc,metaspace ] GC(0) Metaspace: 20731K->20731K(1069056K)
[2018-10-30T18:21:58.749+0100][gc           ] GC(0) Pause Initial Mark (Metadata GC Threshold) 44M->7M(1024M) 7,155ms
[2018-10-30T18:21:58.749+0100][gc,cpu       ] GC(0) User=0,03s Sys=0,00s Real=0,01s
[2018-10-30T18:21:58.749+0100][gc           ] GC(1) Concurrent Cycle
[2018-10-30T18:21:58.749+0100][gc,marking   ] GC(1) Concurrent Clear Claimed Marks
[2018-10-30T18:21:58.749+0100][gc,marking   ] GC(1) Concurrent Clear Claimed Marks 0,030ms
[2018-10-30T18:21:58.749+0100][gc,marking   ] GC(1) Concurrent Scan Root Regions
[2018-10-30T18:21:58.752+0100][gc,marking   ] GC(1) Concurrent Scan Root Regions 3,260ms
[2018-10-30T18:21:58.752+0100][gc,marking   ] GC(1) Concurrent Mark (2,181s)
[2018-10-30T18:21:58.752+0100][gc,marking   ] GC(1) Concurrent Mark From Roots
[2018-10-30T18:21:58.752+0100][gc,task      ] GC(1) Using 1 workers of 1 for marking
[2018-10-30T18:21:58.753+0100][gc,marking   ] GC(1) Concurrent Mark From Roots 0,679ms
[2018-10-30T18:21:58.753+0100][gc,marking   ] GC(1) Concurrent Mark (2,181s, 2,181s) 0,705ms
[2018-10-30T18:21:58.753+0100][gc,start     ] GC(1) Pause Remark
[2018-10-30T18:21:58.755+0100][gc,stringtable] GC(1) Cleaned string and symbol table, strings: 8293 processed, 0 removed, symbols: 67210 processed, 43 removed
[2018-10-30T18:21:58.755+0100][gc            ] GC(1) Pause Remark 7M->7M(1024M) 2,051ms
[2018-10-30T18:21:58.755+0100][gc,cpu        ] GC(1) User=0,00s Sys=0,00s Real=0,01s
[2018-10-30T18:21:58.755+0100][gc,marking    ] GC(1) Concurrent Create Live Data
[2018-10-30T18:21:58.755+0100][gc,marking    ] GC(1) Concurrent Create Live Data 0,138ms
[2018-10-30T18:21:58.755+0100][gc,start      ] GC(1) Pause Cleanup
[2018-10-30T18:21:58.756+0100][gc            ] GC(1) Pause Cleanup 7M->7M(1024M) 0,713ms
[2018-10-30T18:21:58.756+0100][gc,cpu        ] GC(1) User=0,01s Sys=0,00s Real=0,00s
[2018-10-30T18:21:58.756+0100][gc,marking    ] GC(1) Concurrent Cleanup for Next Mark
[2018-10-30T18:21:58.764+0100][gc,marking    ] GC(1) Concurrent Cleanup for Next Mark 8,218ms
[2018-10-30T18:21:58.764+0100][gc            ] GC(1) Concurrent Cycle 15,627ms
[2018-10-30T18:22:00.181+0100][gc,start      ] GC(2) Pause Young (G1 Evacuation Pause)
[2018-10-30T18:22:00.181+0100][gc,task       ] GC(2) Using 4 workers of 4 for evacuation
[2018-10-30T18:22:00.193+0100][gc,phases     ] GC(2)   Pre Evacuate Collection Set: 0,0ms
[2018-10-30T18:22:00.193+0100][gc,phases     ] GC(2)   Evacuate Collection Set: 11,7ms
[2018-10-30T18:22:00.193+0100][gc,phases     ] GC(2)   Post Evacuate Collection Set: 0,5ms
[2018-10-30T18:22:00.193+0100][gc,phases     ] GC(2)   Other: 0,3ms
[2018-10-30T18:22:00.193+0100][gc,heap       ] GC(2) Eden regions: 44->0(47)
[2018-10-30T18:22:00.193+0100][gc,heap       ] GC(2) Survivor regions: 7->4(7)
[2018-10-30T18:22:00.193+0100][gc,heap       ] GC(2) Old regions: 0->7
[2018-10-30T18:22:00.193+0100][gc,heap       ] GC(2) Humongous regions: 130->130
[2018-10-30T18:22:00.193+0100][gc,metaspace  ] GC(2) Metaspace: 29745K->29745K(1077248K)
[2018-10-30T18:22:00.193+0100][gc            ] GC(2) Pause Young (G1 Evacuation Pause) 180M->139M(1024M) 12,627ms
[2018-10-30T18:22:00.194+0100][gc,cpu        ] GC(2) User=0,05s Sys=0,00s Real=0,01s
[2018-10-30T19:31:26.115+0100][gc,start      ] GC(3) Pause Young (G1 Evacuation Pause)
[2018-10-30T19:31:26.150+0100][gc,task       ] GC(3) Using 4 workers of 4 for evacuation
[2018-10-30T19:31:26.163+0100][gc,phases     ] GC(3)   Pre Evacuate Collection Set: 0,0ms
[2018-10-30T19:31:26.163+0100][gc,phases     ] GC(3)   Evacuate Collection Set: 11,6ms
[2018-10-30T19:31:26.163+0100][gc,phases     ] GC(3)   Post Evacuate Collection Set: 0,5ms
[2018-10-30T19:31:26.163+0100][gc,phases     ] GC(3)   Other: 35,7ms
[2018-10-30T19:31:26.163+0100][gc,heap       ] GC(3) Eden regions: 47->0(47)
[2018-10-30T19:31:26.163+0100][gc,heap       ] GC(3) Survivor regions: 4->4(7)
[2018-10-30T19:31:26.163+0100][gc,heap       ] GC(3) Old regions: 7->7
[2018-10-30T19:31:26.163+0100][gc,heap       ] GC(3) Humongous regions: 130->130
[2018-10-30T19:31:26.163+0100][gc,metaspace  ] GC(3) Metaspace: 33083K->33083K(1079296K)
[2018-10-30T19:31:26.163+0100][gc            ] GC(3) Pause Young (G1 Evacuation Pause) 186M->140M(1024M) 48,041ms
[2018-10-30T19:31:26.163+0100][gc,cpu        ] GC(3) User=0,04s Sys=0,00s Real=0,05s
[2018-10-31T02:34:16.440+0100][gc,start      ] GC(4) Pause Young (G1 Evacuation Pause)
[2018-10-31T02:34:16.440+0100][gc,task       ] GC(4) Using 4 workers of 4 for evacuation
[2018-10-31T02:34:16.452+0100][gc,phases     ] GC(4)   Pre Evacuate Collection Set: 0,0ms
[2018-10-31T02:34:16.453+0100][gc,phases     ] GC(4)   Evacuate Collection Set: 11,2ms
[2018-10-31T02:34:16.453+0100][gc,phases     ] GC(4)   Post Evacuate Collection Set: 0,7ms
[2018-10-31T02:34:16.453+0100][gc,phases     ] GC(4)   Other: 0,4ms
[2018-10-31T02:34:16.453+0100][gc,heap       ] GC(4) Eden regions: 47->0(49)
[2018-10-31T02:34:16.453+0100][gc,heap       ] GC(4) Survivor regions: 4->2(7)
[2018-10-31T02:34:16.453+0100][gc,heap       ] GC(4) Old regions: 7->10
[2018-10-31T02:34:16.453+0100][gc,heap       ] GC(4) Humongous regions: 130->130
[2018-10-31T02:34:16.453+0100][gc,metaspace  ] GC(4) Metaspace: 33610K->33610K(1079296K)
[2018-10-31T02:34:16.453+0100][gc            ] GC(4) Pause Young (G1 Evacuation Pause) 187M->140M(1024M) 12,498ms
[2018-10-31T02:34:16.453+0100][gc,cpu        ] GC(4) User=0,04s Sys=0,01s Real=0,01s
[2018-10-31T02:37:04.131+0100][gc,start      ] GC(5) Pause Young (G1 Evacuation Pause)
[2018-10-31T02:37:04.131+0100][gc,task       ] GC(5) Using 4 workers of 4 for evacuation
[2018-10-31T02:37:04.144+0100][gc,phases     ] GC(5)   Pre Evacuate Collection Set: 0,0ms
[2018-10-31T02:37:04.144+0100][gc,phases     ] GC(5)   Evacuate Collection Set: 12,1ms
[2018-10-31T02:37:04.144+0100][gc,phases     ] GC(5)   Post Evacuate Collection Set: 0,4ms
[2018-10-31T02:37:04.144+0100][gc,phases     ] GC(5)   Other: 0,5ms
[2018-10-31T02:37:04.144+0100][gc,heap       ] GC(5) Eden regions: 49->0(50)
[2018-10-31T02:37:04.144+0100][gc,heap       ] GC(5) Survivor regions: 2->1(7)
[2018-10-31T02:37:04.144+0100][gc,heap       ] GC(5) Old regions: 10->10
[2018-10-31T02:37:04.144+0100][gc,heap       ] GC(5) Humongous regions: 130->130
[2018-10-31T02:37:04.144+0100][gc,metaspace  ] GC(5) Metaspace: 33727K->33727K(1079296K)
[2018-10-31T02:37:04.144+0100][gc            ] GC(5) Pause Young (G1 Evacuation Pause) 189M->140M(1024M) 13,215ms
[2018-10-31T02:37:04.144+0100][gc,cpu        ] GC(5) User=0,02s Sys=0,00s Real=0,02s
[2018-10-31T02:39:19.876+0100][gc,start      ] GC(6) Pause Young (G1 Evacuation Pause)
[2018-10-31T02:39:19.876+0100][gc,task       ] GC(6) Using 4 workers of 4 for evacuation
[2018-10-31T02:39:19.881+0100][gc,phases     ] GC(6)   Pre Evacuate Collection Set: 0,0ms
[2018-10-31T02:39:19.881+0100][gc,phases     ] GC(6)   Evacuate Collection Set: 3,5ms
[2018-10-31T02:39:19.881+0100][gc,phases     ] GC(6)   Post Evacuate Collection Set: 0,5ms
[2018-10-31T02:39:19.881+0100][gc,phases     ] GC(6)   Other: 0,4ms
[2018-10-31T02:39:19.881+0100][gc,heap       ] GC(6) Eden regions: 50->0(50)
[2018-10-31T02:39:19.881+0100][gc,heap       ] GC(6) Survivor regions: 1->1(7)
[2018-10-31T02:39:19.881+0100][gc,heap       ] GC(6) Old regions: 10->10
[2018-10-31T02:39:19.881+0100][gc,heap       ] GC(6) Humongous regions: 130->130
[2018-10-31T02:39:19.881+0100][gc,metaspace  ] GC(6) Metaspace: 33750K->33750K(1079296K)
[2018-10-31T02:39:19.881+0100][gc            ] GC(6) Pause Young (G1 Evacuation Pause) 190M->140M(1024M) 4,660ms
[2018-10-31T02:39:19.881+0100][gc,cpu        ] GC(6) User=0,01s Sys=0,00s Real=0,01s
[2018-10-31T02:42:10.874+0100][gc,start      ] GC(7) Pause Young (G1 Evacuation Pause)
[2018-10-31T02:42:10.874+0100][gc,task       ] GC(7) Using 4 workers of 4 for evacuation
[2018-10-31T02:42:10.879+0100][gc,phases     ] GC(7)   Pre Evacuate Collection Set: 0,0ms
[2018-10-31T02:42:10.879+0100][gc,phases     ] GC(7)   Evacuate Collection Set: 3,9ms
[2018-10-31T02:42:10.879+0100][gc,phases     ] GC(7)   Post Evacuate Collection Set: 0,4ms
[2018-10-31T02:42:10.879+0100][gc,phases     ] GC(7)   Other: 0,4ms
[2018-10-31T02:42:10.879+0100][gc,heap       ] GC(7) Eden regions: 50->0(50)
[2018-10-31T02:42:10.879+0100][gc,heap       ] GC(7) Survivor regions: 1->1(7)
[2018-10-31T02:42:10.879+0100][gc,heap       ] GC(7) Old regions: 10->10
[2018-10-31T02:42:10.879+0100][gc,heap       ] GC(7) Humongous regions: 130->130
[2018-10-31T02:42:10.879+0100][gc,metaspace  ] GC(7) Metaspace: 33752K->33752K(1079296K)
[2018-10-31T02:42:10.879+0100][gc            ] GC(7) Pause Young (G1 Evacuation Pause) 190M->140M(1024M) 4,959ms
[2018-10-31T02:42:10.879+0100][gc,cpu        ] GC(7) User=0,02s Sys=0,00s Real=0,01s
[2018-10-31T02:44:26.368+0100][gc,start      ] GC(8) Pause Young (G1 Evacuation Pause)
[2018-10-31T02:44:26.368+0100][gc,task       ] GC(8) Using 4 workers of 4 for evacuation
[2018-10-31T02:44:26.372+0100][gc,phases     ] GC(8)   Pre Evacuate Collection Set: 0,0ms
[2018-10-31T02:44:26.373+0100][gc,phases     ] GC(8)   Evacuate Collection Set: 3,8ms
[2018-10-31T02:44:26.373+0100][gc,phases     ] GC(8)   Post Evacuate Collection Set: 0,5ms
[2018-10-31T02:44:26.373+0100][gc,phases     ] GC(8)   Other: 0,4ms
[2018-10-31T02:44:26.373+0100][gc,heap       ] GC(8) Eden regions: 50->0(50)
[2018-10-31T02:44:26.373+0100][gc,heap       ] GC(8) Survivor regions: 1->1(7)
[2018-10-31T02:44:26.373+0100][gc,heap       ] GC(8) Old regions: 10->10
[2018-10-31T02:44:26.373+0100][gc,heap       ] GC(8) Humongous regions: 130->130
[2018-10-31T02:44:26.373+0100][gc,metaspace  ] GC(8) Metaspace: 33776K->33776K(1079296K)
[2018-10-31T02:44:26.373+0100][gc            ] GC(8) Pause Young (G1 Evacuation Pause) 190M->140M(1024M) 4,983ms
[2018-10-31T02:44:26.373+0100][gc,cpu        ] GC(8) User=0,02s Sys=0,00s Real=0,00s
[2018-10-31T02:47:21.189+0100][gc,start      ] GC(9) Pause Young (G1 Evacuation Pause)
[2018-10-31T02:47:21.189+0100][gc,task       ] GC(9) Using 4 workers of 4 for evacuation
[2018-10-31T02:47:21.198+0100][gc,phases     ] GC(9)   Pre Evacuate Collection Set: 0,0ms
[2018-10-31T02:47:21.198+0100][gc,phases     ] GC(9)   Evacuate Collection Set: 8,7ms
[2018-10-31T02:47:21.198+0100][gc,phases     ] GC(9)   Post Evacuate Collection Set: 0,4ms
[2018-10-31T02:47:21.198+0100][gc,phases     ] GC(9)   Other: 0,4ms
[2018-10-31T02:47:21.198+0100][gc,heap       ] GC(9) Eden regions: 50->0(51)
[2018-10-31T02:47:21.198+0100][gc,heap       ] GC(9) Survivor regions: 1->1(7)
[2018-10-31T02:47:21.198+0100][gc,heap       ] GC(9) Old regions: 10->10
[2018-10-31T02:47:21.199+0100][gc,heap       ] GC(9) Humongous regions: 130->130
[2018-10-31T02:47:21.199+0100][gc,metaspace  ] GC(9) Metaspace: 33778K->33778K(1079296K)
[2018-10-31T02:47:21.199+0100][gc            ] GC(9) Pause Young (G1 Evacuation Pause) 190M->140M(1024M) 9,749ms
[2018-10-31T02:47:21.199+0100][gc,cpu        ] GC(9) User=0,02s Sys=0,00s Real=0,01s
