[2018-10-26T19:25:41.974+0200][gc,heap] Heap region size: 1M
[2018-10-26T19:25:41.983+0200][gc     ] Using G1
[2018-10-26T19:25:41.983+0200][gc,heap,coops] Heap address: 0x00000000c0000000, size: 1024 MB, Compressed Oops mode: 32-bit
[2018-10-26T19:25:43.178+0200][gc,start     ] GC(0) Pause Initial Mark (Metadata GC Threshold)
[2018-10-26T19:25:43.178+0200][gc,task      ] GC(0) Using 4 workers of 4 for evacuation
[2018-10-26T19:25:43.196+0200][gc,phases    ] GC(0)   Pre Evacuate Collection Set: 0,0ms
[2018-10-26T19:25:43.196+0200][gc,phases    ] GC(0)   Evacuate Collection Set: 17,9ms
[2018-10-26T19:25:43.196+0200][gc,phases    ] GC(0)   Post Evacuate Collection Set: 0,2ms
[2018-10-26T19:25:43.196+0200][gc,phases    ] GC(0)   Other: 0,3ms
[2018-10-26T19:25:43.196+0200][gc,heap      ] GC(0) Eden regions: 43->0(45)
[2018-10-26T19:25:43.196+0200][gc,heap      ] GC(0) Survivor regions: 0->6(7)
[2018-10-26T19:25:43.196+0200][gc,heap      ] GC(0) Old regions: 0->0
[2018-10-26T19:25:43.196+0200][gc,heap      ] GC(0) Humongous regions: 1->1
[2018-10-26T19:25:43.196+0200][gc,metaspace ] GC(0) Metaspace: 20659K->20659K(1069056K)
[2018-10-26T19:25:43.196+0200][gc           ] GC(0) Pause Initial Mark (Metadata GC Threshold) 44M->6M(1024M) 18,502ms
[2018-10-26T19:25:43.196+0200][gc,cpu       ] GC(0) User=0,03s Sys=0,00s Real=0,02s
[2018-10-26T19:25:43.196+0200][gc           ] GC(1) Concurrent Cycle
[2018-10-26T19:25:43.196+0200][gc,marking   ] GC(1) Concurrent Clear Claimed Marks
[2018-10-26T19:25:43.196+0200][gc,marking   ] GC(1) Concurrent Clear Claimed Marks 0,023ms
[2018-10-26T19:25:43.196+0200][gc,marking   ] GC(1) Concurrent Scan Root Regions
[2018-10-26T19:25:43.199+0200][gc,marking   ] GC(1) Concurrent Scan Root Regions 2,557ms
[2018-10-26T19:25:43.199+0200][gc,marking   ] GC(1) Concurrent Mark (1,227s)
[2018-10-26T19:25:43.199+0200][gc,marking   ] GC(1) Concurrent Mark From Roots
[2018-10-26T19:25:43.199+0200][gc,task      ] GC(1) Using 1 workers of 1 for marking
[2018-10-26T19:25:43.200+0200][gc,marking   ] GC(1) Concurrent Mark From Roots 0,632ms
[2018-10-26T19:25:43.200+0200][gc,marking   ] GC(1) Concurrent Mark (1,227s, 1,227s) 0,650ms
[2018-10-26T19:25:43.200+0200][gc,start     ] GC(1) Pause Remark
[2018-10-26T19:25:43.205+0200][gc,stringtable] GC(1) Cleaned string and symbol table, strings: 8274 processed, 0 removed, symbols: 67005 processed, 35 removed
[2018-10-26T19:25:43.205+0200][gc            ] GC(1) Pause Remark 7M->7M(1024M) 5,524ms
[2018-10-26T19:25:43.205+0200][gc,cpu        ] GC(1) User=0,01s Sys=0,00s Real=0,00s
[2018-10-26T19:25:43.205+0200][gc,marking    ] GC(1) Concurrent Create Live Data
[2018-10-26T19:25:43.205+0200][gc,marking    ] GC(1) Concurrent Create Live Data 0,124ms
[2018-10-26T19:25:43.206+0200][gc,start      ] GC(1) Pause Cleanup
[2018-10-26T19:25:43.206+0200][gc            ] GC(1) Pause Cleanup 7M->7M(1024M) 0,512ms
[2018-10-26T19:25:43.206+0200][gc,cpu        ] GC(1) User=0,00s Sys=0,00s Real=0,00s
[2018-10-26T19:25:43.206+0200][gc,marking    ] GC(1) Concurrent Cleanup for Next Mark
[2018-10-26T19:25:43.222+0200][gc,marking    ] GC(1) Concurrent Cleanup for Next Mark 15,871ms
[2018-10-26T19:25:43.222+0200][gc            ] GC(1) Concurrent Cycle 25,746ms
[2018-10-26T19:25:45.840+0200][gc,start      ] GC(2) Pause Young (G1 Evacuation Pause)
[2018-10-26T19:25:45.840+0200][gc,task       ] GC(2) Using 4 workers of 4 for evacuation
[2018-10-26T19:25:45.855+0200][gc,phases     ] GC(2)   Pre Evacuate Collection Set: 0,0ms
[2018-10-26T19:25:45.855+0200][gc,phases     ] GC(2)   Evacuate Collection Set: 14,4ms
[2018-10-26T19:25:45.855+0200][gc,phases     ] GC(2)   Post Evacuate Collection Set: 0,7ms
[2018-10-26T19:25:45.855+0200][gc,phases     ] GC(2)   Other: 0,2ms
[2018-10-26T19:25:45.855+0200][gc,heap       ] GC(2) Eden regions: 45->0(47)
[2018-10-26T19:25:45.855+0200][gc,heap       ] GC(2) Survivor regions: 6->4(7)
[2018-10-26T19:25:45.855+0200][gc,heap       ] GC(2) Old regions: 0->6
[2018-10-26T19:25:45.855+0200][gc,heap       ] GC(2) Humongous regions: 130->130
[2018-10-26T19:25:45.855+0200][gc,metaspace  ] GC(2) Metaspace: 29838K->29838K(1077248K)
[2018-10-26T19:25:45.855+0200][gc            ] GC(2) Pause Young (G1 Evacuation Pause) 180M->139M(1024M) 15,368ms
[2018-10-26T19:25:45.855+0200][gc,cpu        ] GC(2) User=0,04s Sys=0,00s Real=0,01s
[2018-10-26T19:26:21.455+0200][gc,start      ] GC(3) Pause Initial Mark (Metadata GC Threshold)
[2018-10-26T19:26:21.455+0200][gc,task       ] GC(3) Using 4 workers of 4 for evacuation
[2018-10-26T19:26:21.468+0200][gc,phases     ] GC(3)   Pre Evacuate Collection Set: 0,1ms
[2018-10-26T19:26:21.469+0200][gc,phases     ] GC(3)   Evacuate Collection Set: 12,6ms
[2018-10-26T19:26:21.469+0200][gc,phases     ] GC(3)   Post Evacuate Collection Set: 0,5ms
[2018-10-26T19:26:21.469+0200][gc,phases     ] GC(3)   Other: 0,5ms
[2018-10-26T19:26:21.469+0200][gc,heap       ] GC(3) Eden regions: 44->0(45)
[2018-10-26T19:26:21.469+0200][gc,heap       ] GC(3) Survivor regions: 4->6(7)
[2018-10-26T19:26:21.469+0200][gc,heap       ] GC(3) Old regions: 6->6
[2018-10-26T19:26:21.469+0200][gc,heap       ] GC(3) Humongous regions: 130->130
[2018-10-26T19:26:21.469+0200][gc,metaspace  ] GC(3) Metaspace: 34981K->34981K(1081344K)
[2018-10-26T19:26:21.469+0200][gc            ] GC(3) Pause Initial Mark (Metadata GC Threshold) 183M->141M(1024M) 13,917ms
[2018-10-26T19:26:21.469+0200][gc,cpu        ] GC(3) User=0,05s Sys=0,00s Real=0,02s
[2018-10-26T19:26:21.469+0200][gc            ] GC(4) Concurrent Cycle
[2018-10-26T19:26:21.469+0200][gc,marking    ] GC(4) Concurrent Clear Claimed Marks
[2018-10-26T19:26:21.469+0200][gc,marking    ] GC(4) Concurrent Clear Claimed Marks 0,054ms
[2018-10-26T19:26:21.469+0200][gc,marking    ] GC(4) Concurrent Scan Root Regions
[2018-10-26T19:26:21.478+0200][gc,marking    ] GC(4) Concurrent Scan Root Regions 8,682ms
[2018-10-26T19:26:21.478+0200][gc,marking    ] GC(4) Concurrent Mark (39,505s)
[2018-10-26T19:26:21.478+0200][gc,marking    ] GC(4) Concurrent Mark From Roots
[2018-10-26T19:26:21.478+0200][gc,task       ] GC(4) Using 1 workers of 1 for marking
[2018-10-26T19:26:21.489+0200][gc,marking    ] GC(4) Concurrent Mark From Roots 11,455ms
[2018-10-26T19:26:21.489+0200][gc,marking    ] GC(4) Concurrent Mark (39,505s, 39,517s) 11,511ms
[2018-10-26T19:26:21.489+0200][gc,start      ] GC(4) Pause Remark
[2018-10-26T19:26:21.496+0200][gc,stringtable] GC(4) Cleaned string and symbol table, strings: 14875 processed, 5 removed, symbols: 96115 processed, 12 removed
[2018-10-26T19:26:21.496+0200][gc            ] GC(4) Pause Remark 141M->141M(1024M) 6,987ms
[2018-10-26T19:26:21.496+0200][gc,cpu        ] GC(4) User=0,02s Sys=0,00s Real=0,00s
[2018-10-26T19:26:21.497+0200][gc,marking    ] GC(4) Concurrent Create Live Data
[2018-10-26T19:26:21.499+0200][gc,marking    ] GC(4) Concurrent Create Live Data 2,605ms
[2018-10-26T19:26:21.499+0200][gc,start      ] GC(4) Pause Cleanup
[2018-10-26T19:26:21.500+0200][gc            ] GC(4) Pause Cleanup 141M->141M(1024M) 0,890ms
[2018-10-26T19:26:21.500+0200][gc,cpu        ] GC(4) User=0,00s Sys=0,00s Real=0,01s
[2018-10-26T19:26:21.500+0200][gc,marking    ] GC(4) Concurrent Cleanup for Next Mark
[2018-10-26T19:26:21.511+0200][gc,marking    ] GC(4) Concurrent Cleanup for Next Mark 10,695ms
[2018-10-26T19:26:21.511+0200][gc            ] GC(4) Concurrent Cycle 42,307ms
[2018-10-26T19:32:09.797+0200][gc,heap,exit  ] Heap
[2018-10-26T19:32:09.797+0200][gc,heap,exit  ]  garbage-first heap   total 1048576K, used 177407K [0x00000000c0000000, 0x0000000100000000)
[2018-10-26T19:32:09.797+0200][gc,heap,exit  ]   region size 1024K, 39 young (39936K), 6 survivors (6144K)
[2018-10-26T19:32:09.797+0200][gc,heap,exit  ]  Metaspace       used 36650K, capacity 36999K, committed 37632K, reserved 1083392K
[2018-10-26T19:32:09.797+0200][gc,heap,exit  ]   class space    used 4442K, capacity 4551K, committed 4608K, reserved 1048576K
