[2018-10-29T14:49:06.108+0100][gc,heap] Heap region size: 1M
[2018-10-29T14:49:06.116+0100][gc     ] Using G1
[2018-10-29T14:49:06.116+0100][gc,heap,coops] Heap address: 0x00000000c0000000, size: 1024 MB, Compressed Oops mode: 32-bit
[2018-10-29T14:49:07.144+0100][gc,start     ] GC(0) Pause Initial Mark (Metadata GC Threshold)
[2018-10-29T14:49:07.144+0100][gc,task      ] GC(0) Using 4 workers of 4 for evacuation
[2018-10-29T14:49:07.151+0100][gc,phases    ] GC(0)   Pre Evacuate Collection Set: 0,0ms
[2018-10-29T14:49:07.151+0100][gc,phases    ] GC(0)   Evacuate Collection Set: 6,1ms
[2018-10-29T14:49:07.151+0100][gc,phases    ] GC(0)   Post Evacuate Collection Set: 0,4ms
[2018-10-29T14:49:07.151+0100][gc,phases    ] GC(0)   Other: 0,7ms
[2018-10-29T14:49:07.151+0100][gc,heap      ] GC(0) Eden regions: 44->0(44)
[2018-10-29T14:49:07.151+0100][gc,heap      ] GC(0) Survivor regions: 0->7(7)
[2018-10-29T14:49:07.151+0100][gc,heap      ] GC(0) Old regions: 0->0
[2018-10-29T14:49:07.151+0100][gc,heap      ] GC(0) Humongous regions: 1->1
[2018-10-29T14:49:07.151+0100][gc,metaspace ] GC(0) Metaspace: 20749K->20749K(1069056K)
[2018-10-29T14:49:07.151+0100][gc           ] GC(0) Pause Initial Mark (Metadata GC Threshold) 45M->7M(1024M) 7,273ms
[2018-10-29T14:49:07.151+0100][gc,cpu       ] GC(0) User=0,02s Sys=0,01s Real=0,01s
[2018-10-29T14:49:07.151+0100][gc           ] GC(1) Concurrent Cycle
[2018-10-29T14:49:07.152+0100][gc,marking   ] GC(1) Concurrent Clear Claimed Marks
[2018-10-29T14:49:07.152+0100][gc,marking   ] GC(1) Concurrent Clear Claimed Marks 0,029ms
[2018-10-29T14:49:07.152+0100][gc,marking   ] GC(1) Concurrent Scan Root Regions
[2018-10-29T14:49:07.155+0100][gc,marking   ] GC(1) Concurrent Scan Root Regions 3,385ms
[2018-10-29T14:49:07.155+0100][gc,marking   ] GC(1) Concurrent Mark (1,049s)
[2018-10-29T14:49:07.155+0100][gc,marking   ] GC(1) Concurrent Mark From Roots
[2018-10-29T14:49:07.155+0100][gc,task      ] GC(1) Using 1 workers of 1 for marking
[2018-10-29T14:49:07.156+0100][gc,marking   ] GC(1) Concurrent Mark From Roots 0,653ms
[2018-10-29T14:49:07.156+0100][gc,marking   ] GC(1) Concurrent Mark (1,049s, 1,050s) 0,678ms
[2018-10-29T14:49:07.156+0100][gc,start     ] GC(1) Pause Remark
[2018-10-29T14:49:07.159+0100][gc,stringtable] GC(1) Cleaned string and symbol table, strings: 8292 processed, 0 removed, symbols: 67288 processed, 43 removed
[2018-10-29T14:49:07.159+0100][gc            ] GC(1) Pause Remark 7M->7M(1024M) 3,194ms
[2018-10-29T14:49:07.159+0100][gc,cpu        ] GC(1) User=0,01s Sys=0,00s Real=0,01s
[2018-10-29T14:49:07.159+0100][gc,marking    ] GC(1) Concurrent Create Live Data
[2018-10-29T14:49:07.159+0100][gc,marking    ] GC(1) Concurrent Create Live Data 0,141ms
[2018-10-29T14:49:07.159+0100][gc,start      ] GC(1) Pause Cleanup
[2018-10-29T14:49:07.160+0100][gc            ] GC(1) Pause Cleanup 7M->7M(1024M) 0,577ms
[2018-10-29T14:49:07.160+0100][gc,cpu        ] GC(1) User=0,01s Sys=0,00s Real=0,00s
[2018-10-29T14:49:07.160+0100][gc,marking    ] GC(1) Concurrent Cleanup for Next Mark
[2018-10-29T14:49:07.166+0100][gc,marking    ] GC(1) Concurrent Cleanup for Next Mark 6,477ms
[2018-10-29T14:49:07.166+0100][gc            ] GC(1) Concurrent Cycle 14,935ms
[2018-10-29T14:49:07.846+0100][gc,start      ] GC(2) Pause Young (G1 Evacuation Pause)
[2018-10-29T14:49:07.846+0100][gc,task       ] GC(2) Using 4 workers of 4 for evacuation
[2018-10-29T14:49:07.858+0100][gc,phases     ] GC(2)   Pre Evacuate Collection Set: 0,0ms
[2018-10-29T14:49:07.858+0100][gc,phases     ] GC(2)   Evacuate Collection Set: 11,7ms
[2018-10-29T14:49:07.858+0100][gc,phases     ] GC(2)   Post Evacuate Collection Set: 0,5ms
[2018-10-29T14:49:07.858+0100][gc,phases     ] GC(2)   Other: 0,2ms
[2018-10-29T14:49:07.858+0100][gc,heap       ] GC(2) Eden regions: 44->0(47)
[2018-10-29T14:49:07.858+0100][gc,heap       ] GC(2) Survivor regions: 7->4(7)
[2018-10-29T14:49:07.858+0100][gc,heap       ] GC(2) Old regions: 0->6
[2018-10-29T14:49:07.858+0100][gc,heap       ] GC(2) Humongous regions: 130->130
[2018-10-29T14:49:07.858+0100][gc,metaspace  ] GC(2) Metaspace: 29722K->29722K(1077248K)
[2018-10-29T14:49:07.859+0100][gc            ] GC(2) Pause Young (G1 Evacuation Pause) 180M->139M(1024M) 12,514ms
[2018-10-29T14:49:07.859+0100][gc,cpu        ] GC(2) User=0,03s Sys=0,00s Real=0,02s
[2018-10-29T15:21:13.111+0100][gc,start      ] GC(3) Pause Young (G1 Evacuation Pause)
[2018-10-29T15:21:13.141+0100][gc,task       ] GC(3) Using 4 workers of 4 for evacuation
[2018-10-29T15:21:13.214+0100][gc,mmu        ] GC(3) MMU target violated: 21,0ms (20,0ms/21,0ms)
[2018-10-29T15:21:13.215+0100][gc,phases     ] GC(3)   Pre Evacuate Collection Set: 12,9ms
[2018-10-29T15:21:13.215+0100][gc,phases     ] GC(3)   Evacuate Collection Set: 9,5ms
[2018-10-29T15:21:13.215+0100][gc,phases     ] GC(3)   Post Evacuate Collection Set: 33,1ms
[2018-10-29T15:21:13.215+0100][gc,phases     ] GC(3)   Other: 78,2ms
[2018-10-29T15:21:13.221+0100][gc,heap       ] GC(3) Eden regions: 47->0(47)
[2018-10-29T15:21:13.221+0100][gc,heap       ] GC(3) Survivor regions: 4->4(7)
[2018-10-29T15:21:13.221+0100][gc,heap       ] GC(3) Old regions: 6->6
[2018-10-29T15:21:13.221+0100][gc,heap       ] GC(3) Humongous regions: 130->130
[2018-10-29T15:21:13.221+0100][gc,metaspace  ] GC(3) Metaspace: 32991K->32991K(1079296K)
[2018-10-29T15:21:13.221+0100][gc            ] GC(3) Pause Young (G1 Evacuation Pause) 186M->139M(1024M) 114,561ms
[2018-10-29T15:21:13.221+0100][gc,cpu        ] GC(3) User=0,02s Sys=0,01s Real=0,12s
