[2018-10-29T13:43:36.550+0100][gc,heap] Heap region size: 1M
[2018-10-29T13:43:36.560+0100][gc     ] Using G1
[2018-10-29T13:43:36.560+0100][gc,heap,coops] Heap address: 0x00000000c0000000, size: 1024 MB, Compressed Oops mode: 32-bit
[2018-10-29T13:43:38.729+0100][gc,start     ] GC(0) Pause Initial Mark (Metadata GC Threshold)
[2018-10-29T13:43:38.729+0100][gc,task      ] GC(0) Using 4 workers of 4 for evacuation
[2018-10-29T13:43:38.736+0100][gc,phases    ] GC(0)   Pre Evacuate Collection Set: 0,0ms
[2018-10-29T13:43:38.736+0100][gc,phases    ] GC(0)   Evacuate Collection Set: 6,2ms
[2018-10-29T13:43:38.736+0100][gc,phases    ] GC(0)   Post Evacuate Collection Set: 0,3ms
[2018-10-29T13:43:38.736+0100][gc,phases    ] GC(0)   Other: 0,3ms
[2018-10-29T13:43:38.736+0100][gc,heap      ] GC(0) Eden regions: 43->0(44)
[2018-10-29T13:43:38.736+0100][gc,heap      ] GC(0) Survivor regions: 0->7(7)
[2018-10-29T13:43:38.736+0100][gc,heap      ] GC(0) Old regions: 0->0
[2018-10-29T13:43:38.736+0100][gc,heap      ] GC(0) Humongous regions: 1->1
[2018-10-29T13:43:38.736+0100][gc,metaspace ] GC(0) Metaspace: 20655K->20655K(1069056K)
[2018-10-29T13:43:38.736+0100][gc           ] GC(0) Pause Initial Mark (Metadata GC Threshold) 44M->7M(1024M) 6,878ms
[2018-10-29T13:43:38.736+0100][gc,cpu       ] GC(0) User=0,02s Sys=0,00s Real=0,01s
[2018-10-29T13:43:38.736+0100][gc           ] GC(1) Concurrent Cycle
[2018-10-29T13:43:38.736+0100][gc,marking   ] GC(1) Concurrent Clear Claimed Marks
[2018-10-29T13:43:38.736+0100][gc,marking   ] GC(1) Concurrent Clear Claimed Marks 0,028ms
[2018-10-29T13:43:38.736+0100][gc,marking   ] GC(1) Concurrent Scan Root Regions
[2018-10-29T13:43:38.739+0100][gc,marking   ] GC(1) Concurrent Scan Root Regions 2,705ms
[2018-10-29T13:43:38.739+0100][gc,marking   ] GC(1) Concurrent Mark (2,209s)
[2018-10-29T13:43:38.739+0100][gc,marking   ] GC(1) Concurrent Mark From Roots
[2018-10-29T13:43:38.739+0100][gc,task      ] GC(1) Using 1 workers of 1 for marking
[2018-10-29T13:43:38.740+0100][gc,marking   ] GC(1) Concurrent Mark From Roots 0,688ms
[2018-10-29T13:43:38.740+0100][gc,marking   ] GC(1) Concurrent Mark (2,209s, 2,209s) 0,713ms
[2018-10-29T13:43:38.740+0100][gc,start     ] GC(1) Pause Remark
[2018-10-29T13:43:38.743+0100][gc,stringtable] GC(1) Cleaned string and symbol table, strings: 8282 processed, 0 removed, symbols: 67004 processed, 35 removed
[2018-10-29T13:43:38.743+0100][gc            ] GC(1) Pause Remark 7M->7M(1024M) 2,849ms
[2018-10-29T13:43:38.743+0100][gc,cpu        ] GC(1) User=0,01s Sys=0,00s Real=0,00s
[2018-10-29T13:43:38.743+0100][gc,marking    ] GC(1) Concurrent Create Live Data
[2018-10-29T13:43:38.743+0100][gc,marking    ] GC(1) Concurrent Create Live Data 0,109ms
[2018-10-29T13:43:38.743+0100][gc,start      ] GC(1) Pause Cleanup
[2018-10-29T13:43:38.744+0100][gc            ] GC(1) Pause Cleanup 7M->7M(1024M) 0,985ms
[2018-10-29T13:43:38.744+0100][gc,cpu        ] GC(1) User=0,00s Sys=0,00s Real=0,00s
[2018-10-29T13:43:38.744+0100][gc,marking    ] GC(1) Concurrent Cleanup for Next Mark
[2018-10-29T13:43:38.750+0100][gc,marking    ] GC(1) Concurrent Cleanup for Next Mark 6,414ms
[2018-10-29T13:43:38.750+0100][gc            ] GC(1) Concurrent Cycle 14,356ms
[2018-10-29T13:43:40.299+0100][gc,start      ] GC(2) Pause Young (G1 Evacuation Pause)
[2018-10-29T13:43:40.299+0100][gc,task       ] GC(2) Using 4 workers of 4 for evacuation
[2018-10-29T13:43:40.310+0100][gc,phases     ] GC(2)   Pre Evacuate Collection Set: 0,0ms
[2018-10-29T13:43:40.310+0100][gc,phases     ] GC(2)   Evacuate Collection Set: 10,6ms
[2018-10-29T13:43:40.310+0100][gc,phases     ] GC(2)   Post Evacuate Collection Set: 0,7ms
[2018-10-29T13:43:40.310+0100][gc,phases     ] GC(2)   Other: 0,2ms
[2018-10-29T13:43:40.310+0100][gc,heap       ] GC(2) Eden regions: 44->0(47)
[2018-10-29T13:43:40.310+0100][gc,heap       ] GC(2) Survivor regions: 7->4(7)
[2018-10-29T13:43:40.310+0100][gc,heap       ] GC(2) Old regions: 0->7
[2018-10-29T13:43:40.310+0100][gc,heap       ] GC(2) Humongous regions: 130->130
[2018-10-29T13:43:40.310+0100][gc,metaspace  ] GC(2) Metaspace: 29632K->29632K(1077248K)
[2018-10-29T13:43:40.310+0100][gc            ] GC(2) Pause Young (G1 Evacuation Pause) 180M->139M(1024M) 11,569ms
[2018-10-29T13:43:40.310+0100][gc,cpu        ] GC(2) User=0,03s Sys=0,00s Real=0,01s
[2018-10-29T14:12:29.932+0100][gc,start      ] GC(3) Pause Young (G1 Evacuation Pause)
[2018-10-29T14:12:29.932+0100][gc,task       ] GC(3) Using 4 workers of 4 for evacuation
[2018-10-29T14:12:29.943+0100][gc,phases     ] GC(3)   Pre Evacuate Collection Set: 0,0ms
[2018-10-29T14:12:29.943+0100][gc,phases     ] GC(3)   Evacuate Collection Set: 9,9ms
[2018-10-29T14:12:29.943+0100][gc,phases     ] GC(3)   Post Evacuate Collection Set: 0,6ms
[2018-10-29T14:12:29.943+0100][gc,phases     ] GC(3)   Other: 0,4ms
[2018-10-29T14:12:29.943+0100][gc,heap       ] GC(3) Eden regions: 47->0(46)
[2018-10-29T14:12:29.943+0100][gc,heap       ] GC(3) Survivor regions: 4->5(7)
[2018-10-29T14:12:29.943+0100][gc,heap       ] GC(3) Old regions: 7->7
[2018-10-29T14:12:29.943+0100][gc,heap       ] GC(3) Humongous regions: 130->130
[2018-10-29T14:12:29.943+0100][gc,metaspace  ] GC(3) Metaspace: 33253K->33253K(1079296K)
[2018-10-29T14:12:29.943+0100][gc            ] GC(3) Pause Young (G1 Evacuation Pause) 186M->140M(1024M) 11,159ms
[2018-10-29T14:12:29.943+0100][gc,cpu        ] GC(3) User=0,04s Sys=0,00s Real=0,01s
[2018-10-29T14:45:17.905+0100][gc,start      ] GC(4) Pause Young (G1 Evacuation Pause)
[2018-10-29T14:45:17.905+0100][gc,task       ] GC(4) Using 4 workers of 4 for evacuation
[2018-10-29T14:45:17.912+0100][gc,phases     ] GC(4)   Pre Evacuate Collection Set: 0,0ms
[2018-10-29T14:45:17.912+0100][gc,phases     ] GC(4)   Evacuate Collection Set: 6,5ms
[2018-10-29T14:45:17.912+0100][gc,phases     ] GC(4)   Post Evacuate Collection Set: 0,3ms
[2018-10-29T14:45:17.912+0100][gc,phases     ] GC(4)   Other: 0,4ms
[2018-10-29T14:45:17.912+0100][gc,heap       ] GC(4) Eden regions: 46->0(50)
[2018-10-29T14:45:17.912+0100][gc,heap       ] GC(4) Survivor regions: 5->1(7)
[2018-10-29T14:45:17.912+0100][gc,heap       ] GC(4) Old regions: 7->10
[2018-10-29T14:45:17.912+0100][gc,heap       ] GC(4) Humongous regions: 130->130
[2018-10-29T14:45:17.912+0100][gc,metaspace  ] GC(4) Metaspace: 33544K->33544K(1079296K)
[2018-10-29T14:45:17.912+0100][gc            ] GC(4) Pause Young (G1 Evacuation Pause) 186M->140M(1024M) 7,252ms
[2018-10-29T14:45:17.912+0100][gc,cpu        ] GC(4) User=0,02s Sys=0,01s Real=0,01s
[2018-10-29T14:49:00.917+0100][gc,heap,exit  ] Heap
[2018-10-29T14:49:00.918+0100][gc,heap,exit  ]  garbage-first heap   total 1048576K, used 155705K [0x00000000c0000000, 0x0000000100000000)
[2018-10-29T14:49:00.918+0100][gc,heap,exit  ]   region size 1024K, 14 young (14336K), 1 survivors (1024K)
[2018-10-29T14:49:00.918+0100][gc,heap,exit  ]  Metaspace       used 34098K, capacity 34527K, committed 35072K, reserved 1079296K
[2018-10-29T14:49:00.918+0100][gc,heap,exit  ]   class space    used 4123K, capacity 4261K, committed 4352K, reserved 1048576K
