[2018-10-24T17:15:32.537+0200][gc,heap] Heap region size: 1M
[2018-10-24T17:15:32.546+0200][gc     ] Using G1
[2018-10-24T17:15:32.546+0200][gc,heap,coops] Heap address: 0x00000000c0000000, size: 1024 MB, Compressed Oops mode: 32-bit
[2018-10-24T17:15:34.868+0200][gc,start     ] GC(0) Pause Initial Mark (Metadata GC Threshold)
[2018-10-24T17:15:34.868+0200][gc,task      ] GC(0) Using 4 workers of 4 for evacuation
[2018-10-24T17:15:34.873+0200][gc,phases    ] GC(0)   Pre Evacuate Collection Set: 0,0ms
[2018-10-24T17:15:34.873+0200][gc,phases    ] GC(0)   Evacuate Collection Set: 4,1ms
[2018-10-24T17:15:34.873+0200][gc,phases    ] GC(0)   Post Evacuate Collection Set: 0,3ms
[2018-10-24T17:15:34.873+0200][gc,phases    ] GC(0)   Other: 0,3ms
[2018-10-24T17:15:34.873+0200][gc,heap      ] GC(0) Eden regions: 44->0(44)
[2018-10-24T17:15:34.873+0200][gc,heap      ] GC(0) Survivor regions: 0->7(7)
[2018-10-24T17:15:34.873+0200][gc,heap      ] GC(0) Old regions: 0->0
[2018-10-24T17:15:34.873+0200][gc,heap      ] GC(0) Humongous regions: 1->1
[2018-10-24T17:15:34.873+0200][gc,metaspace ] GC(0) Metaspace: 20765K->20765K(1069056K)
[2018-10-24T17:15:34.873+0200][gc           ] GC(0) Pause Initial Mark (Metadata GC Threshold) 44M->7M(1024M) 4,836ms
[2018-10-24T17:15:34.873+0200][gc,cpu       ] GC(0) User=0,01s Sys=0,00s Real=0,00s
[2018-10-24T17:15:34.873+0200][gc           ] GC(1) Concurrent Cycle
[2018-10-24T17:15:34.873+0200][gc,marking   ] GC(1) Concurrent Clear Claimed Marks
[2018-10-24T17:15:34.873+0200][gc,marking   ] GC(1) Concurrent Clear Claimed Marks 0,026ms
[2018-10-24T17:15:34.873+0200][gc,marking   ] GC(1) Concurrent Scan Root Regions
[2018-10-24T17:15:34.875+0200][gc,marking   ] GC(1) Concurrent Scan Root Regions 2,429ms
[2018-10-24T17:15:34.875+0200][gc,marking   ] GC(1) Concurrent Mark (2,340s)
[2018-10-24T17:15:34.875+0200][gc,marking   ] GC(1) Concurrent Mark From Roots
[2018-10-24T17:15:34.956+0200][gc,task      ] GC(1) Using 1 workers of 1 for marking
[2018-10-24T17:15:34.958+0200][gc,marking   ] GC(1) Concurrent Mark From Roots 82,034ms
[2018-10-24T17:15:34.958+0200][gc,marking   ] GC(1) Concurrent Mark (2,340s, 2,422s) 82,099ms
[2018-10-24T17:15:34.958+0200][gc,start     ] GC(1) Pause Remark
[2018-10-24T17:15:34.965+0200][gc,stringtable] GC(1) Cleaned string and symbol table, strings: 8380 processed, 0 removed, symbols: 68475 processed, 42 removed
[2018-10-24T17:15:34.965+0200][gc            ] GC(1) Pause Remark 9M->9M(1024M) 6,978ms
[2018-10-24T17:15:34.965+0200][gc,cpu        ] GC(1) User=0,03s Sys=0,00s Real=0,00s
[2018-10-24T17:15:34.965+0200][gc,marking    ] GC(1) Concurrent Create Live Data
[2018-10-24T17:15:34.965+0200][gc,marking    ] GC(1) Concurrent Create Live Data 0,219ms
[2018-10-24T17:15:34.965+0200][gc,start      ] GC(1) Pause Cleanup
[2018-10-24T17:15:34.967+0200][gc            ] GC(1) Pause Cleanup 9M->9M(1024M) 1,512ms
[2018-10-24T17:15:34.967+0200][gc,cpu        ] GC(1) User=0,00s Sys=0,00s Real=0,00s
[2018-10-24T17:15:34.967+0200][gc,marking    ] GC(1) Concurrent Cleanup for Next Mark
[2018-10-24T17:15:34.985+0200][gc,marking    ] GC(1) Concurrent Cleanup for Next Mark 18,013ms
[2018-10-24T17:15:34.985+0200][gc            ] GC(1) Concurrent Cycle 111,955ms
[2018-10-24T17:15:36.440+0200][gc,start      ] GC(2) Pause Initial Mark (G1 Evacuation Pause)
[2018-10-24T17:15:36.441+0200][gc,task       ] GC(2) Using 4 workers of 4 for evacuation
[2018-10-24T17:15:36.451+0200][gc,phases     ] GC(2)   Pre Evacuate Collection Set: 0,0ms
[2018-10-24T17:15:36.451+0200][gc,phases     ] GC(2)   Evacuate Collection Set: 10,3ms
[2018-10-24T17:15:36.452+0200][gc,phases     ] GC(2)   Post Evacuate Collection Set: 0,4ms
[2018-10-24T17:15:36.452+0200][gc,phases     ] GC(2)   Other: 0,3ms
[2018-10-24T17:15:36.452+0200][gc,heap       ] GC(2) Eden regions: 44->0(47)
[2018-10-24T17:15:36.452+0200][gc,heap       ] GC(2) Survivor regions: 7->4(7)
[2018-10-24T17:15:36.452+0200][gc,heap       ] GC(2) Old regions: 0->7
[2018-10-24T17:15:36.452+0200][gc,heap       ] GC(2) Humongous regions: 130->130
[2018-10-24T17:15:36.452+0200][gc,metaspace  ] GC(2) Metaspace: 28825K->28825K(1075200K)
[2018-10-24T17:15:36.452+0200][gc            ] GC(2) Pause Initial Mark (G1 Evacuation Pause) 180M->139M(1024M) 11,081ms
[2018-10-24T17:15:36.452+0200][gc,cpu        ] GC(2) User=0,03s Sys=0,00s Real=0,01s
[2018-10-24T17:15:36.452+0200][gc            ] GC(3) Concurrent Cycle
[2018-10-24T17:15:36.452+0200][gc,marking    ] GC(3) Concurrent Clear Claimed Marks
[2018-10-24T17:15:36.452+0200][gc,marking    ] GC(3) Concurrent Clear Claimed Marks 0,034ms
[2018-10-24T17:15:36.452+0200][gc,marking    ] GC(3) Concurrent Scan Root Regions
[2018-10-24T17:15:36.453+0200][gc,marking    ] GC(3) Concurrent Scan Root Regions 1,697ms
[2018-10-24T17:15:36.453+0200][gc,marking    ] GC(3) Concurrent Mark (3,918s)
[2018-10-24T17:15:36.453+0200][gc,marking    ] GC(3) Concurrent Mark From Roots
[2018-10-24T17:15:36.453+0200][gc,task       ] GC(3) Using 1 workers of 1 for marking
[2018-10-24T17:15:36.460+0200][gc,marking    ] GC(3) Concurrent Mark From Roots 6,152ms
[2018-10-24T17:15:36.460+0200][gc,marking    ] GC(3) Concurrent Mark (3,918s, 3,924s) 6,197ms
[2018-10-24T17:15:36.461+0200][gc,start      ] GC(3) Pause Remark
[2018-10-24T17:15:36.466+0200][gc,stringtable] GC(3) Cleaned string and symbol table, strings: 11445 processed, 0 removed, symbols: 84981 processed, 13 removed
[2018-10-24T17:15:36.466+0200][gc            ] GC(3) Pause Remark 140M->140M(1024M) 5,226ms
[2018-10-24T17:15:36.466+0200][gc,cpu        ] GC(3) User=0,02s Sys=0,00s Real=0,00s
[2018-10-24T17:15:36.466+0200][gc,marking    ] GC(3) Concurrent Create Live Data
[2018-10-24T17:15:36.468+0200][gc,marking    ] GC(3) Concurrent Create Live Data 2,243ms
[2018-10-24T17:15:36.471+0200][gc,start      ] GC(3) Pause Cleanup
[2018-10-24T17:15:36.471+0200][gc            ] GC(3) Pause Cleanup 141M->141M(1024M) 0,767ms
[2018-10-24T17:15:36.471+0200][gc,cpu        ] GC(3) User=0,00s Sys=0,00s Real=0,00s
[2018-10-24T17:15:36.471+0200][gc,marking    ] GC(3) Concurrent Cleanup for Next Mark
[2018-10-24T17:15:36.478+0200][gc,marking    ] GC(3) Concurrent Cleanup for Next Mark 6,611ms
[2018-10-24T17:15:36.478+0200][gc            ] GC(3) Concurrent Cycle 26,520ms
[2018-10-24T17:15:40.496+0200][gc,start      ] GC(4) Pause Young (G1 Evacuation Pause)
[2018-10-24T17:15:40.496+0200][gc,task       ] GC(4) Using 4 workers of 4 for evacuation
[2018-10-24T17:15:40.503+0200][gc,phases     ] GC(4)   Pre Evacuate Collection Set: 0,0ms
[2018-10-24T17:15:40.503+0200][gc,phases     ] GC(4)   Evacuate Collection Set: 6,7ms
[2018-10-24T17:15:40.503+0200][gc,phases     ] GC(4)   Post Evacuate Collection Set: 0,2ms
[2018-10-24T17:15:40.503+0200][gc,phases     ] GC(4)   Other: 0,2ms
[2018-10-24T17:15:40.503+0200][gc,heap       ] GC(4) Eden regions: 47->0(46)
[2018-10-24T17:15:40.503+0200][gc,heap       ] GC(4) Survivor regions: 4->5(7)
[2018-10-24T17:15:40.503+0200][gc,heap       ] GC(4) Old regions: 7->7
[2018-10-24T17:15:40.503+0200][gc,heap       ] GC(4) Humongous regions: 166->130
[2018-10-24T17:15:40.503+0200][gc,metaspace  ] GC(4) Metaspace: 34721K->34721K(1081344K)
[2018-10-24T17:15:40.503+0200][gc            ] GC(4) Pause Young (G1 Evacuation Pause) 222M->140M(1024M) 7,238ms
[2018-10-24T17:15:40.503+0200][gc,cpu        ] GC(4) User=0,01s Sys=0,01s Real=0,00s
[2018-10-24T17:15:42.401+0200][gc,heap,exit  ] Heap
[2018-10-24T17:15:42.401+0200][gc,heap,exit  ]  garbage-first heap   total 1048576K, used 153227K [0x00000000c0000000, 0x0000000100000000)
[2018-10-24T17:15:42.401+0200][gc,heap,exit  ]   region size 1024K, 15 young (15360K), 5 survivors (5120K)
[2018-10-24T17:15:42.401+0200][gc,heap,exit  ]  Metaspace       used 35193K, capacity 35557K, committed 35968K, reserved 1081344K
[2018-10-24T17:15:42.401+0200][gc,heap,exit  ]   class space    used 4325K, capacity 4452K, committed 4480K, reserved 1048576K
