[2018-10-26T19:32:12.628+0200][gc,heap] Heap region size: 1M
[2018-10-26T19:32:12.651+0200][gc     ] Using G1
[2018-10-26T19:32:12.652+0200][gc,heap,coops] Heap address: 0x00000000c0000000, size: 1024 MB, Compressed Oops mode: 32-bit
[2018-10-26T19:32:13.977+0200][gc,start     ] GC(0) Pause Initial Mark (Metadata GC Threshold)
[2018-10-26T19:32:13.977+0200][gc,task      ] GC(0) Using 4 workers of 4 for evacuation
[2018-10-26T19:32:13.986+0200][gc,phases    ] GC(0)   Pre Evacuate Collection Set: 0,0ms
[2018-10-26T19:32:13.986+0200][gc,phases    ] GC(0)   Evacuate Collection Set: 7,5ms
[2018-10-26T19:32:13.986+0200][gc,phases    ] GC(0)   Post Evacuate Collection Set: 0,7ms
[2018-10-26T19:32:13.986+0200][gc,phases    ] GC(0)   Other: 0,4ms
[2018-10-26T19:32:13.986+0200][gc,heap      ] GC(0) Eden regions: 44->0(44)
[2018-10-26T19:32:13.986+0200][gc,heap      ] GC(0) Survivor regions: 0->7(7)
[2018-10-26T19:32:13.986+0200][gc,heap      ] GC(0) Old regions: 0->0
[2018-10-26T19:32:13.986+0200][gc,heap      ] GC(0) Humongous regions: 1->1
[2018-10-26T19:32:13.986+0200][gc,metaspace ] GC(0) Metaspace: 20764K->20764K(1069056K)
[2018-10-26T19:32:13.986+0200][gc           ] GC(0) Pause Initial Mark (Metadata GC Threshold) 44M->7M(1024M) 8,746ms
[2018-10-26T19:32:13.986+0200][gc,cpu       ] GC(0) User=0,02s Sys=0,00s Real=0,01s
[2018-10-26T19:32:13.986+0200][gc           ] GC(1) Concurrent Cycle
[2018-10-26T19:32:13.986+0200][gc,marking   ] GC(1) Concurrent Clear Claimed Marks
[2018-10-26T19:32:13.986+0200][gc,marking   ] GC(1) Concurrent Clear Claimed Marks 0,032ms
[2018-10-26T19:32:13.986+0200][gc,marking   ] GC(1) Concurrent Scan Root Regions
[2018-10-26T19:32:13.990+0200][gc,marking   ] GC(1) Concurrent Scan Root Regions 3,859ms
[2018-10-26T19:32:13.990+0200][gc,marking   ] GC(1) Concurrent Mark (1,394s)
[2018-10-26T19:32:13.990+0200][gc,marking   ] GC(1) Concurrent Mark From Roots
[2018-10-26T19:32:13.990+0200][gc,task      ] GC(1) Using 1 workers of 1 for marking
[2018-10-26T19:32:13.991+0200][gc,marking   ] GC(1) Concurrent Mark From Roots 0,973ms
[2018-10-26T19:32:13.991+0200][gc,marking   ] GC(1) Concurrent Mark (1,394s, 1,395s) 1,013ms
[2018-10-26T19:32:13.991+0200][gc,start     ] GC(1) Pause Remark
[2018-10-26T19:32:13.995+0200][gc,stringtable] GC(1) Cleaned string and symbol table, strings: 8294 processed, 0 removed, symbols: 67273 processed, 43 removed
[2018-10-26T19:32:13.995+0200][gc            ] GC(1) Pause Remark 7M->7M(1024M) 3,168ms
[2018-10-26T19:32:13.995+0200][gc,cpu        ] GC(1) User=0,01s Sys=0,00s Real=0,00s
[2018-10-26T19:32:13.995+0200][gc,marking    ] GC(1) Concurrent Create Live Data
[2018-10-26T19:32:13.995+0200][gc,marking    ] GC(1) Concurrent Create Live Data 0,194ms
[2018-10-26T19:32:13.995+0200][gc,start      ] GC(1) Pause Cleanup
[2018-10-26T19:32:13.996+0200][gc            ] GC(1) Pause Cleanup 7M->7M(1024M) 1,275ms
[2018-10-26T19:32:13.996+0200][gc,cpu        ] GC(1) User=0,00s Sys=0,00s Real=0,00s
[2018-10-26T19:32:13.997+0200][gc,marking    ] GC(1) Concurrent Cleanup for Next Mark
[2018-10-26T19:32:14.007+0200][gc,marking    ] GC(1) Concurrent Cleanup for Next Mark 10,751ms
[2018-10-26T19:32:14.007+0200][gc            ] GC(1) Concurrent Cycle 21,142ms
[2018-10-26T19:32:14.679+0200][gc,start      ] GC(2) Pause Young (G1 Evacuation Pause)
[2018-10-26T19:32:14.679+0200][gc,task       ] GC(2) Using 4 workers of 4 for evacuation
[2018-10-26T19:32:14.689+0200][gc,phases     ] GC(2)   Pre Evacuate Collection Set: 0,0ms
[2018-10-26T19:32:14.689+0200][gc,phases     ] GC(2)   Evacuate Collection Set: 9,4ms
[2018-10-26T19:32:14.689+0200][gc,phases     ] GC(2)   Post Evacuate Collection Set: 0,6ms
[2018-10-26T19:32:14.689+0200][gc,phases     ] GC(2)   Other: 0,2ms
[2018-10-26T19:32:14.689+0200][gc,heap       ] GC(2) Eden regions: 44->0(47)
[2018-10-26T19:32:14.689+0200][gc,heap       ] GC(2) Survivor regions: 7->4(7)
[2018-10-26T19:32:14.689+0200][gc,heap       ] GC(2) Old regions: 0->6
[2018-10-26T19:32:14.689+0200][gc,heap       ] GC(2) Humongous regions: 130->130
[2018-10-26T19:32:14.689+0200][gc,metaspace  ] GC(2) Metaspace: 28825K->28825K(1075200K)
[2018-10-26T19:32:14.689+0200][gc            ] GC(2) Pause Young (G1 Evacuation Pause) 180M->139M(1024M) 10,286ms
[2018-10-26T19:32:14.689+0200][gc,cpu        ] GC(2) User=0,03s Sys=0,00s Real=0,02s
[2018-10-26T19:32:44.476+0200][gc,start      ] GC(3) Pause Initial Mark (Metadata GC Threshold)
[2018-10-26T19:32:44.476+0200][gc,task       ] GC(3) Using 4 workers of 4 for evacuation
[2018-10-26T19:32:44.480+0200][gc,phases     ] GC(3)   Pre Evacuate Collection Set: 0,0ms
[2018-10-26T19:32:44.480+0200][gc,phases     ] GC(3)   Evacuate Collection Set: 3,9ms
[2018-10-26T19:32:44.480+0200][gc,phases     ] GC(3)   Post Evacuate Collection Set: 0,3ms
[2018-10-26T19:32:44.480+0200][gc,phases     ] GC(3)   Other: 0,2ms
[2018-10-26T19:32:44.480+0200][gc,heap       ] GC(3) Eden regions: 47->0(45)
[2018-10-26T19:32:44.480+0200][gc,heap       ] GC(3) Survivor regions: 4->6(7)
[2018-10-26T19:32:44.480+0200][gc,heap       ] GC(3) Old regions: 6->6
[2018-10-26T19:32:44.480+0200][gc,heap       ] GC(3) Humongous regions: 142->130
[2018-10-26T19:32:44.480+0200][gc,metaspace  ] GC(3) Metaspace: 35182K->35182K(1081344K)
[2018-10-26T19:32:44.480+0200][gc            ] GC(3) Pause Initial Mark (Metadata GC Threshold) 197M->140M(1024M) 4,496ms
[2018-10-26T19:32:44.480+0200][gc,cpu        ] GC(3) User=0,02s Sys=0,00s Real=0,01s
[2018-10-26T19:32:44.480+0200][gc            ] GC(4) Concurrent Cycle
[2018-10-26T19:32:44.480+0200][gc,marking    ] GC(4) Concurrent Clear Claimed Marks
[2018-10-26T19:32:44.480+0200][gc,marking    ] GC(4) Concurrent Clear Claimed Marks 0,028ms
[2018-10-26T19:32:44.480+0200][gc,marking    ] GC(4) Concurrent Scan Root Regions
[2018-10-26T19:32:44.483+0200][gc,marking    ] GC(4) Concurrent Scan Root Regions 2,669ms
[2018-10-26T19:32:44.483+0200][gc,marking    ] GC(4) Concurrent Mark (31,887s)
[2018-10-26T19:32:44.483+0200][gc,marking    ] GC(4) Concurrent Mark From Roots
[2018-10-26T19:32:44.483+0200][gc,task       ] GC(4) Using 1 workers of 1 for marking
[2018-10-26T19:32:44.490+0200][gc,marking    ] GC(4) Concurrent Mark From Roots 6,547ms
[2018-10-26T19:32:44.490+0200][gc,marking    ] GC(4) Concurrent Mark (31,887s, 31,894s) 6,587ms
[2018-10-26T19:32:44.490+0200][gc,start      ] GC(4) Pause Remark
[2018-10-26T19:32:44.495+0200][gc,stringtable] GC(4) Cleaned string and symbol table, strings: 13639 processed, 5 removed, symbols: 94808 processed, 14 removed
[2018-10-26T19:32:44.495+0200][gc            ] GC(4) Pause Remark 141M->141M(1024M) 5,008ms
[2018-10-26T19:32:44.495+0200][gc,cpu        ] GC(4) User=0,01s Sys=0,00s Real=0,00s
[2018-10-26T19:32:44.495+0200][gc,marking    ] GC(4) Concurrent Create Live Data
[2018-10-26T19:32:44.497+0200][gc,marking    ] GC(4) Concurrent Create Live Data 1,703ms
[2018-10-26T19:32:44.497+0200][gc,start      ] GC(4) Pause Cleanup
[2018-10-26T19:32:44.498+0200][gc            ] GC(4) Pause Cleanup 141M->141M(1024M) 0,956ms
[2018-10-26T19:32:44.498+0200][gc,cpu        ] GC(4) User=0,00s Sys=0,00s Real=0,00s
[2018-10-26T19:32:44.498+0200][gc,marking    ] GC(4) Concurrent Cleanup for Next Mark
[2018-10-26T19:32:44.504+0200][gc,marking    ] GC(4) Concurrent Cleanup for Next Mark 6,391ms
[2018-10-26T19:32:44.504+0200][gc            ] GC(4) Concurrent Cycle 23,860ms
[2018-10-26T19:34:31.709+0200][gc,start      ] GC(5) Pause Young (G1 Evacuation Pause)
[2018-10-26T19:34:31.709+0200][gc,task       ] GC(5) Using 4 workers of 4 for evacuation
[2018-10-26T19:34:31.715+0200][gc,phases     ] GC(5)   Pre Evacuate Collection Set: 0,0ms
[2018-10-26T19:34:31.716+0200][gc,phases     ] GC(5)   Evacuate Collection Set: 6,0ms
[2018-10-26T19:34:31.716+0200][gc,phases     ] GC(5)   Post Evacuate Collection Set: 0,4ms
[2018-10-26T19:34:31.716+0200][gc,phases     ] GC(5)   Other: 0,2ms
[2018-10-26T19:34:31.716+0200][gc,heap       ] GC(5) Eden regions: 45->0(47)
[2018-10-26T19:34:31.716+0200][gc,heap       ] GC(5) Survivor regions: 6->4(7)
[2018-10-26T19:34:31.716+0200][gc,heap       ] GC(5) Old regions: 6->9
[2018-10-26T19:34:31.716+0200][gc,heap       ] GC(5) Humongous regions: 130->130
[2018-10-26T19:34:31.716+0200][gc,metaspace  ] GC(5) Metaspace: 36515K->36515K(1081344K)
[2018-10-26T19:34:31.716+0200][gc            ] GC(5) Pause Young (G1 Evacuation Pause) 185M->142M(1024M) 6,747ms
[2018-10-26T19:34:31.716+0200][gc,cpu        ] GC(5) User=0,02s Sys=0,01s Real=0,00s
[2018-10-26T19:36:17.208+0200][gc,start      ] GC(6) Pause Young (G1 Evacuation Pause)
[2018-10-26T19:36:17.208+0200][gc,task       ] GC(6) Using 4 workers of 4 for evacuation
[2018-10-26T19:36:17.214+0200][gc,phases     ] GC(6)   Pre Evacuate Collection Set: 0,0ms
[2018-10-26T19:36:17.214+0200][gc,phases     ] GC(6)   Evacuate Collection Set: 4,8ms
[2018-10-26T19:36:17.214+0200][gc,phases     ] GC(6)   Post Evacuate Collection Set: 0,3ms
[2018-10-26T19:36:17.214+0200][gc,phases     ] GC(6)   Other: 0,2ms
[2018-10-26T19:36:17.214+0200][gc,heap       ] GC(6) Eden regions: 47->0(48)
[2018-10-26T19:36:17.214+0200][gc,heap       ] GC(6) Survivor regions: 4->3(7)
[2018-10-26T19:36:17.214+0200][gc,heap       ] GC(6) Old regions: 9->11
[2018-10-26T19:36:17.214+0200][gc,heap       ] GC(6) Humongous regions: 130->130
[2018-10-26T19:36:17.214+0200][gc,metaspace  ] GC(6) Metaspace: 36594K->36594K(1081344K)
[2018-10-26T19:36:17.214+0200][gc            ] GC(6) Pause Young (G1 Evacuation Pause) 189M->143M(1024M) 5,350ms
[2018-10-26T19:36:17.214+0200][gc,cpu        ] GC(6) User=0,02s Sys=0,00s Real=0,00s
[2018-10-26T19:37:32.550+0200][gc,start      ] GC(7) Pause Young (G1 Evacuation Pause)
[2018-10-26T19:37:32.550+0200][gc,task       ] GC(7) Using 4 workers of 4 for evacuation
[2018-10-26T19:37:32.563+0200][gc,phases     ] GC(7)   Pre Evacuate Collection Set: 0,0ms
[2018-10-26T19:37:32.563+0200][gc,phases     ] GC(7)   Evacuate Collection Set: 11,6ms
[2018-10-26T19:37:32.563+0200][gc,phases     ] GC(7)   Post Evacuate Collection Set: 0,5ms
[2018-10-26T19:37:32.563+0200][gc,phases     ] GC(7)   Other: 0,5ms
[2018-10-26T19:37:32.563+0200][gc,heap       ] GC(7) Eden regions: 48->0(47)
[2018-10-26T19:37:32.563+0200][gc,heap       ] GC(7) Survivor regions: 3->4(7)
[2018-10-26T19:37:32.563+0200][gc,heap       ] GC(7) Old regions: 11->11
[2018-10-26T19:37:32.563+0200][gc,heap       ] GC(7) Humongous regions: 130->130
[2018-10-26T19:37:32.563+0200][gc,metaspace  ] GC(7) Metaspace: 37103K->37103K(1083392K)
[2018-10-26T19:37:32.563+0200][gc            ] GC(7) Pause Young (G1 Evacuation Pause) 191M->144M(1024M) 12,779ms
[2018-10-26T19:37:32.563+0200][gc,cpu        ] GC(7) User=0,04s Sys=0,00s Real=0,01s
[2018-10-26T19:39:27.412+0200][gc,start      ] GC(8) Pause Young (G1 Evacuation Pause)
[2018-10-26T19:39:27.412+0200][gc,task       ] GC(8) Using 4 workers of 4 for evacuation
[2018-10-26T19:39:27.431+0200][gc,phases     ] GC(8)   Pre Evacuate Collection Set: 0,0ms
[2018-10-26T19:39:27.431+0200][gc,phases     ] GC(8)   Evacuate Collection Set: 18,6ms
[2018-10-26T19:39:27.431+0200][gc,phases     ] GC(8)   Post Evacuate Collection Set: 0,4ms
[2018-10-26T19:39:27.431+0200][gc,phases     ] GC(8)   Other: 0,3ms
[2018-10-26T19:39:27.431+0200][gc,heap       ] GC(8) Eden regions: 47->0(46)
[2018-10-26T19:39:27.431+0200][gc,heap       ] GC(8) Survivor regions: 4->5(7)
[2018-10-26T19:39:27.431+0200][gc,heap       ] GC(8) Old regions: 11->11
[2018-10-26T19:39:27.431+0200][gc,heap       ] GC(8) Humongous regions: 130->130
[2018-10-26T19:39:27.431+0200][gc,metaspace  ] GC(8) Metaspace: 37124K->37124K(1083392K)
[2018-10-26T19:39:27.431+0200][gc            ] GC(8) Pause Young (G1 Evacuation Pause) 191M->145M(1024M) 19,508ms
[2018-10-26T19:39:27.431+0200][gc,cpu        ] GC(8) User=0,05s Sys=0,00s Real=0,02s
[2018-10-26T19:41:21.320+0200][gc,start      ] GC(9) Pause Young (G1 Evacuation Pause)
[2018-10-26T19:41:21.320+0200][gc,task       ] GC(9) Using 4 workers of 4 for evacuation
[2018-10-26T19:41:21.329+0200][gc,phases     ] GC(9)   Pre Evacuate Collection Set: 0,0ms
[2018-10-26T19:41:21.329+0200][gc,phases     ] GC(9)   Evacuate Collection Set: 8,3ms
[2018-10-26T19:41:21.329+0200][gc,phases     ] GC(9)   Post Evacuate Collection Set: 0,3ms
[2018-10-26T19:41:21.329+0200][gc,phases     ] GC(9)   Other: 0,2ms
[2018-10-26T19:41:21.329+0200][gc,heap       ] GC(9) Eden regions: 46->0(46)
[2018-10-26T19:41:21.329+0200][gc,heap       ] GC(9) Survivor regions: 5->5(7)
[2018-10-26T19:41:21.329+0200][gc,heap       ] GC(9) Old regions: 11->13
[2018-10-26T19:41:21.329+0200][gc,heap       ] GC(9) Humongous regions: 130->130
[2018-10-26T19:41:21.329+0200][gc,metaspace  ] GC(9) Metaspace: 37153K->37153K(1083392K)
[2018-10-26T19:41:21.329+0200][gc            ] GC(9) Pause Young (G1 Evacuation Pause) 191M->147M(1024M) 8,851ms
[2018-10-26T19:41:21.329+0200][gc,cpu        ] GC(9) User=0,03s Sys=0,00s Real=0,01s
[2018-10-26T19:46:37.825+0200][gc,start      ] GC(10) Pause Young (G1 Evacuation Pause)
[2018-10-26T19:46:37.826+0200][gc,task       ] GC(10) Using 4 workers of 4 for evacuation
[2018-10-26T19:46:37.854+0200][gc,mmu        ] GC(10) MMU target violated: 21,0ms (20,0ms/21,0ms)
[2018-10-26T19:46:37.854+0200][gc,phases     ] GC(10)   Pre Evacuate Collection Set: 0,0ms
[2018-10-26T19:46:37.854+0200][gc,phases     ] GC(10)   Evacuate Collection Set: 27,9ms
[2018-10-26T19:46:37.854+0200][gc,phases     ] GC(10)   Post Evacuate Collection Set: 0,5ms
[2018-10-26T19:46:37.854+0200][gc,phases     ] GC(10)   Other: 0,5ms
[2018-10-26T19:46:37.854+0200][gc,heap       ] GC(10) Eden regions: 46->0(45)
[2018-10-26T19:46:37.854+0200][gc,heap       ] GC(10) Survivor regions: 5->6(7)
[2018-10-26T19:46:37.854+0200][gc,heap       ] GC(10) Old regions: 13->15
[2018-10-26T19:46:37.854+0200][gc,heap       ] GC(10) Humongous regions: 130->130
[2018-10-26T19:46:37.854+0200][gc,metaspace  ] GC(10) Metaspace: 37236K->37236K(1083392K)
[2018-10-26T19:46:37.854+0200][gc            ] GC(10) Pause Young (G1 Evacuation Pause) 193M->150M(1024M) 29,042ms
[2018-10-26T19:46:37.855+0200][gc,cpu        ] GC(10) User=0,08s Sys=0,01s Real=0,03s
[2018-10-26T19:48:27.349+0200][gc,start      ] GC(11) Pause Young (G1 Evacuation Pause)
[2018-10-26T19:48:27.349+0200][gc,task       ] GC(11) Using 4 workers of 4 for evacuation
[2018-10-26T19:48:27.363+0200][gc,phases     ] GC(11)   Pre Evacuate Collection Set: 0,0ms
[2018-10-26T19:48:27.363+0200][gc,phases     ] GC(11)   Evacuate Collection Set: 12,9ms
[2018-10-26T19:48:27.363+0200][gc,phases     ] GC(11)   Post Evacuate Collection Set: 0,2ms
[2018-10-26T19:48:27.363+0200][gc,phases     ] GC(11)   Other: 0,3ms
[2018-10-26T19:48:27.363+0200][gc,heap       ] GC(11) Eden regions: 45->0(44)
[2018-10-26T19:48:27.363+0200][gc,heap       ] GC(11) Survivor regions: 6->7(7)
[2018-10-26T19:48:27.363+0200][gc,heap       ] GC(11) Old regions: 15->17
[2018-10-26T19:48:27.363+0200][gc,heap       ] GC(11) Humongous regions: 130->130
[2018-10-26T19:48:27.363+0200][gc,metaspace  ] GC(11) Metaspace: 37281K->37281K(1083392K)
[2018-10-26T19:48:27.363+0200][gc            ] GC(11) Pause Young (G1 Evacuation Pause) 195M->154M(1024M) 13,526ms
[2018-10-26T19:48:27.363+0200][gc,cpu        ] GC(11) User=0,04s Sys=0,00s Real=0,02s
[2018-10-26T19:50:36.892+0200][gc,start      ] GC(12) Pause Young (G1 Evacuation Pause)
[2018-10-26T19:50:36.892+0200][gc,task       ] GC(12) Using 4 workers of 4 for evacuation
[2018-10-26T19:50:36.927+0200][gc,mmu        ] GC(12) MMU target violated: 21,0ms (20,0ms/21,0ms)
[2018-10-26T19:50:36.927+0200][gc,phases     ] GC(12)   Pre Evacuate Collection Set: 0,0ms
[2018-10-26T19:50:36.927+0200][gc,phases     ] GC(12)   Evacuate Collection Set: 34,2ms
[2018-10-26T19:50:36.927+0200][gc,phases     ] GC(12)   Post Evacuate Collection Set: 0,5ms
[2018-10-26T19:50:36.927+0200][gc,phases     ] GC(12)   Other: 0,4ms
[2018-10-26T19:50:36.927+0200][gc,heap       ] GC(12) Eden regions: 44->0(44)
[2018-10-26T19:50:36.927+0200][gc,heap       ] GC(12) Survivor regions: 7->7(7)
[2018-10-26T19:50:36.927+0200][gc,heap       ] GC(12) Old regions: 17->21
[2018-10-26T19:50:36.927+0200][gc,heap       ] GC(12) Humongous regions: 130->130
[2018-10-26T19:50:36.927+0200][gc,metaspace  ] GC(12) Metaspace: 37356K->37356K(1083392K)
[2018-10-26T19:50:36.927+0200][gc            ] GC(12) Pause Young (G1 Evacuation Pause) 198M->157M(1024M) 35,202ms
[2018-10-26T19:50:36.927+0200][gc,cpu        ] GC(12) User=0,11s Sys=0,00s Real=0,03s
[2018-10-26T19:55:27.949+0200][gc,start      ] GC(13) Pause Young (G1 Evacuation Pause)
[2018-10-26T19:55:27.949+0200][gc,task       ] GC(13) Using 4 workers of 4 for evacuation
[2018-10-26T19:55:27.981+0200][gc,mmu        ] GC(13) MMU target violated: 21,0ms (20,0ms/21,0ms)
[2018-10-26T19:55:27.981+0200][gc,phases     ] GC(13)   Pre Evacuate Collection Set: 0,1ms
[2018-10-26T19:55:27.981+0200][gc,phases     ] GC(13)   Evacuate Collection Set: 30,5ms
[2018-10-26T19:55:27.981+0200][gc,phases     ] GC(13)   Post Evacuate Collection Set: 0,6ms
[2018-10-26T19:55:27.981+0200][gc,phases     ] GC(13)   Other: 0,7ms
[2018-10-26T19:55:27.981+0200][gc,heap       ] GC(13) Eden regions: 44->0(44)
[2018-10-26T19:55:27.981+0200][gc,heap       ] GC(13) Survivor regions: 7->7(7)
[2018-10-26T19:55:27.981+0200][gc,heap       ] GC(13) Old regions: 21->25
[2018-10-26T19:55:27.981+0200][gc,heap       ] GC(13) Humongous regions: 130->130
[2018-10-26T19:55:27.981+0200][gc,metaspace  ] GC(13) Metaspace: 37384K->37384K(1083392K)
[2018-10-26T19:55:27.981+0200][gc            ] GC(13) Pause Young (G1 Evacuation Pause) 201M->161M(1024M) 31,838ms
[2018-10-26T19:55:27.981+0200][gc,cpu        ] GC(13) User=0,11s Sys=0,01s Real=0,03s
[2018-10-26T19:57:15.147+0200][gc,start      ] GC(14) Pause Young (G1 Evacuation Pause)
[2018-10-26T19:57:15.147+0200][gc,task       ] GC(14) Using 4 workers of 4 for evacuation
[2018-10-26T19:57:15.191+0200][gc,mmu        ] GC(14) MMU target violated: 21,0ms (20,0ms/21,0ms)
[2018-10-26T19:57:15.191+0200][gc,phases     ] GC(14)   Pre Evacuate Collection Set: 0,0ms
[2018-10-26T19:57:15.191+0200][gc,phases     ] GC(14)   Evacuate Collection Set: 43,5ms
[2018-10-26T19:57:15.191+0200][gc,phases     ] GC(14)   Post Evacuate Collection Set: 0,5ms
[2018-10-26T19:57:15.191+0200][gc,phases     ] GC(14)   Other: 0,6ms
[2018-10-26T19:57:15.191+0200][gc,heap       ] GC(14) Eden regions: 44->0(47)
[2018-10-26T19:57:15.191+0200][gc,heap       ] GC(14) Survivor regions: 7->4(7)
[2018-10-26T19:57:15.191+0200][gc,heap       ] GC(14) Old regions: 25->31
[2018-10-26T19:57:15.191+0200][gc,heap       ] GC(14) Humongous regions: 130->130
[2018-10-26T19:57:15.191+0200][gc,metaspace  ] GC(14) Metaspace: 37415K->37415K(1083392K)
[2018-10-26T19:57:15.191+0200][gc            ] GC(14) Pause Young (G1 Evacuation Pause) 205M->164M(1024M) 44,686ms
[2018-10-26T19:57:15.191+0200][gc,cpu        ] GC(14) User=0,08s Sys=0,02s Real=0,05s
[2018-10-26T19:59:04.173+0200][gc,start      ] GC(15) Pause Young (G1 Evacuation Pause)
[2018-10-26T19:59:04.173+0200][gc,task       ] GC(15) Using 4 workers of 4 for evacuation
[2018-10-26T19:59:04.186+0200][gc,phases     ] GC(15)   Pre Evacuate Collection Set: 0,0ms
[2018-10-26T19:59:04.186+0200][gc,phases     ] GC(15)   Evacuate Collection Set: 13,0ms
[2018-10-26T19:59:04.186+0200][gc,phases     ] GC(15)   Post Evacuate Collection Set: 0,2ms
[2018-10-26T19:59:04.186+0200][gc,phases     ] GC(15)   Other: 0,2ms
[2018-10-26T19:59:04.186+0200][gc,heap       ] GC(15) Eden regions: 47->0(44)
[2018-10-26T19:59:04.186+0200][gc,heap       ] GC(15) Survivor regions: 4->7(7)
[2018-10-26T19:59:04.186+0200][gc,heap       ] GC(15) Old regions: 31->31
[2018-10-26T19:59:04.186+0200][gc,heap       ] GC(15) Humongous regions: 130->130
[2018-10-26T19:59:04.186+0200][gc,metaspace  ] GC(15) Metaspace: 37427K->37427K(1083392K)
[2018-10-26T19:59:04.186+0200][gc            ] GC(15) Pause Young (G1 Evacuation Pause) 211M->166M(1024M) 13,497ms
[2018-10-26T19:59:04.186+0200][gc,cpu        ] GC(15) User=0,03s Sys=0,00s Real=0,01s
[2018-10-26T20:00:52.242+0200][gc,start      ] GC(16) Pause Young (G1 Evacuation Pause)
[2018-10-26T20:00:52.242+0200][gc,task       ] GC(16) Using 4 workers of 4 for evacuation
[2018-10-26T20:00:52.269+0200][gc,mmu        ] GC(16) MMU target violated: 21,0ms (20,0ms/21,0ms)
[2018-10-26T20:00:52.269+0200][gc,phases     ] GC(16)   Pre Evacuate Collection Set: 0,0ms
[2018-10-26T20:00:52.269+0200][gc,phases     ] GC(16)   Evacuate Collection Set: 26,2ms
[2018-10-26T20:00:52.269+0200][gc,phases     ] GC(16)   Post Evacuate Collection Set: 0,4ms
[2018-10-26T20:00:52.269+0200][gc,phases     ] GC(16)   Other: 0,5ms
[2018-10-26T20:00:52.269+0200][gc,heap       ] GC(16) Eden regions: 44->0(44)
[2018-10-26T20:00:52.269+0200][gc,heap       ] GC(16) Survivor regions: 7->7(7)
[2018-10-26T20:00:52.269+0200][gc,heap       ] GC(16) Old regions: 31->34
[2018-10-26T20:00:52.269+0200][gc,heap       ] GC(16) Humongous regions: 130->130
[2018-10-26T20:00:52.269+0200][gc,metaspace  ] GC(16) Metaspace: 37433K->37433K(1083392K)
[2018-10-26T20:00:52.269+0200][gc            ] GC(16) Pause Young (G1 Evacuation Pause) 210M->170M(1024M) 27,192ms
[2018-10-26T20:00:52.269+0200][gc,cpu        ] GC(16) User=0,09s Sys=0,00s Real=0,03s
[2018-10-26T20:02:30.211+0200][gc,start      ] GC(17) Pause Young (G1 Evacuation Pause)
[2018-10-26T20:02:30.211+0200][gc,task       ] GC(17) Using 4 workers of 4 for evacuation
[2018-10-26T20:02:30.247+0200][gc,mmu        ] GC(17) MMU target violated: 21,0ms (20,0ms/21,0ms)
[2018-10-26T20:02:30.247+0200][gc,phases     ] GC(17)   Pre Evacuate Collection Set: 0,0ms
[2018-10-26T20:02:30.247+0200][gc,phases     ] GC(17)   Evacuate Collection Set: 35,0ms
[2018-10-26T20:02:30.247+0200][gc,phases     ] GC(17)   Post Evacuate Collection Set: 0,5ms
[2018-10-26T20:02:30.247+0200][gc,phases     ] GC(17)   Other: 0,4ms
[2018-10-26T20:02:30.247+0200][gc,heap       ] GC(17) Eden regions: 44->0(44)
[2018-10-26T20:02:30.247+0200][gc,heap       ] GC(17) Survivor regions: 7->7(7)
[2018-10-26T20:02:30.247+0200][gc,heap       ] GC(17) Old regions: 34->37
[2018-10-26T20:02:30.247+0200][gc,heap       ] GC(17) Humongous regions: 130->130
[2018-10-26T20:02:30.247+0200][gc,metaspace  ] GC(17) Metaspace: 38066K->38066K(1083392K)
[2018-10-26T20:02:30.247+0200][gc            ] GC(17) Pause Young (G1 Evacuation Pause) 214M->173M(1024M) 35,966ms
[2018-10-26T20:02:30.247+0200][gc,cpu        ] GC(17) User=0,09s Sys=0,00s Real=0,03s
[2018-10-26T20:05:22.234+0200][gc,start      ] GC(18) Pause Young (G1 Evacuation Pause)
[2018-10-26T20:05:22.234+0200][gc,task       ] GC(18) Using 4 workers of 4 for evacuation
[2018-10-26T20:05:22.262+0200][gc,mmu        ] GC(18) MMU target violated: 21,0ms (20,0ms/21,0ms)
[2018-10-26T20:05:22.262+0200][gc,phases     ] GC(18)   Pre Evacuate Collection Set: 0,0ms
[2018-10-26T20:05:22.262+0200][gc,phases     ] GC(18)   Evacuate Collection Set: 27,3ms
[2018-10-26T20:05:22.262+0200][gc,phases     ] GC(18)   Post Evacuate Collection Set: 0,5ms
[2018-10-26T20:05:22.262+0200][gc,phases     ] GC(18)   Other: 0,5ms
[2018-10-26T20:05:22.262+0200][gc,heap       ] GC(18) Eden regions: 44->0(45)
[2018-10-26T20:05:22.262+0200][gc,heap       ] GC(18) Survivor regions: 7->6(7)
[2018-10-26T20:05:22.262+0200][gc,heap       ] GC(18) Old regions: 37->40
[2018-10-26T20:05:22.262+0200][gc,heap       ] GC(18) Humongous regions: 130->130
[2018-10-26T20:05:22.262+0200][gc,metaspace  ] GC(18) Metaspace: 38293K->38293K(1083392K)
[2018-10-26T20:05:22.262+0200][gc            ] GC(18) Pause Young (G1 Evacuation Pause) 217M->175M(1024M) 28,500ms
[2018-10-26T20:05:22.262+0200][gc,cpu        ] GC(18) User=0,11s Sys=0,00s Real=0,02s
[2018-10-26T20:08:32.844+0200][gc,start      ] GC(19) Pause Young (G1 Evacuation Pause)
[2018-10-26T20:08:32.844+0200][gc,task       ] GC(19) Using 4 workers of 4 for evacuation
[2018-10-26T20:08:32.859+0200][gc,phases     ] GC(19)   Pre Evacuate Collection Set: 0,0ms
[2018-10-26T20:08:32.859+0200][gc,phases     ] GC(19)   Evacuate Collection Set: 14,1ms
[2018-10-26T20:08:32.859+0200][gc,phases     ] GC(19)   Post Evacuate Collection Set: 0,5ms
[2018-10-26T20:08:32.859+0200][gc,phases     ] GC(19)   Other: 0,4ms
[2018-10-26T20:08:32.859+0200][gc,heap       ] GC(19) Eden regions: 45->0(45)
[2018-10-26T20:08:32.859+0200][gc,heap       ] GC(19) Survivor regions: 6->6(7)
[2018-10-26T20:08:32.859+0200][gc,heap       ] GC(19) Old regions: 40->43
[2018-10-26T20:08:32.859+0200][gc,heap       ] GC(19) Humongous regions: 130->130
[2018-10-26T20:08:32.859+0200][gc,metaspace  ] GC(19) Metaspace: 38301K->38301K(1083392K)
[2018-10-26T20:08:32.859+0200][gc            ] GC(19) Pause Young (G1 Evacuation Pause) 220M->179M(1024M) 15,108ms
[2018-10-26T20:08:32.859+0200][gc,cpu        ] GC(19) User=0,05s Sys=0,00s Real=0,02s
[2018-10-26T20:13:27.233+0200][gc,start      ] GC(20) Pause Young (G1 Evacuation Pause)
[2018-10-26T20:13:27.234+0200][gc,task       ] GC(20) Using 4 workers of 4 for evacuation
[2018-10-26T20:13:27.252+0200][gc,phases     ] GC(20)   Pre Evacuate Collection Set: 0,0ms
[2018-10-26T20:13:27.252+0200][gc,phases     ] GC(20)   Evacuate Collection Set: 17,8ms
[2018-10-26T20:13:27.252+0200][gc,phases     ] GC(20)   Post Evacuate Collection Set: 0,3ms
[2018-10-26T20:13:27.252+0200][gc,phases     ] GC(20)   Other: 0,5ms
[2018-10-26T20:13:27.252+0200][gc,heap       ] GC(20) Eden regions: 45->0(44)
[2018-10-26T20:13:27.252+0200][gc,heap       ] GC(20) Survivor regions: 6->7(7)
[2018-10-26T20:13:27.252+0200][gc,heap       ] GC(20) Old regions: 43->46
[2018-10-26T20:13:27.252+0200][gc,heap       ] GC(20) Humongous regions: 130->130
[2018-10-26T20:13:27.252+0200][gc,metaspace  ] GC(20) Metaspace: 38315K->38315K(1083392K)
[2018-10-26T20:13:27.252+0200][gc            ] GC(20) Pause Young (G1 Evacuation Pause) 224M->182M(1024M) 18,707ms
[2018-10-26T20:13:27.252+0200][gc,cpu        ] GC(20) User=0,04s Sys=0,00s Real=0,01s
[2018-10-26T20:18:14.882+0200][gc,start      ] GC(21) Pause Young (G1 Evacuation Pause)
[2018-10-26T20:18:14.899+0200][gc,task       ] GC(21) Using 4 workers of 4 for evacuation
[2018-10-26T20:18:14.929+0200][gc,mmu        ] GC(21) MMU target violated: 21,0ms (20,0ms/21,0ms)
[2018-10-26T20:18:14.929+0200][gc,phases     ] GC(21)   Pre Evacuate Collection Set: 0,1ms
[2018-10-26T20:18:14.929+0200][gc,phases     ] GC(21)   Evacuate Collection Set: 28,2ms
[2018-10-26T20:18:14.929+0200][gc,phases     ] GC(21)   Post Evacuate Collection Set: 0,4ms
[2018-10-26T20:18:14.929+0200][gc,phases     ] GC(21)   Other: 18,3ms
[2018-10-26T20:18:14.929+0200][gc,heap       ] GC(21) Eden regions: 44->0(46)
[2018-10-26T20:18:14.929+0200][gc,heap       ] GC(21) Survivor regions: 7->5(7)
[2018-10-26T20:18:14.929+0200][gc,heap       ] GC(21) Old regions: 46->52
[2018-10-26T20:18:14.929+0200][gc,heap       ] GC(21) Humongous regions: 130->130
[2018-10-26T20:18:14.929+0200][gc,metaspace  ] GC(21) Metaspace: 38322K->38322K(1083392K)
[2018-10-26T20:18:14.929+0200][gc            ] GC(21) Pause Young (G1 Evacuation Pause) 226M->186M(1024M) 47,014ms
[2018-10-26T20:18:14.929+0200][gc,cpu        ] GC(21) User=0,07s Sys=0,01s Real=0,05s
[2018-10-26T20:23:18.033+0200][gc,start      ] GC(22) Pause Young (G1 Evacuation Pause)
[2018-10-26T20:23:18.097+0200][gc,task       ] GC(22) Using 4 workers of 4 for evacuation
[2018-10-26T20:23:18.119+0200][gc,mmu        ] GC(22) MMU target violated: 21,0ms (20,0ms/21,0ms)
[2018-10-26T20:23:18.119+0200][gc,phases     ] GC(22)   Pre Evacuate Collection Set: 0,0ms
[2018-10-26T20:23:18.119+0200][gc,phases     ] GC(22)   Evacuate Collection Set: 21,0ms
[2018-10-26T20:23:18.119+0200][gc,phases     ] GC(22)   Post Evacuate Collection Set: 0,7ms
[2018-10-26T20:23:18.119+0200][gc,phases     ] GC(22)   Other: 261,9ms
[2018-10-26T20:23:18.119+0200][gc,heap       ] GC(22) Eden regions: 46->0(46)
[2018-10-26T20:23:18.119+0200][gc,heap       ] GC(22) Survivor regions: 5->5(7)
[2018-10-26T20:23:18.119+0200][gc,heap       ] GC(22) Old regions: 52->56
[2018-10-26T20:23:18.119+0200][gc,heap       ] GC(22) Humongous regions: 130->130
[2018-10-26T20:23:18.204+0200][gc,metaspace  ] GC(22) Metaspace: 38330K->38330K(1083392K)
[2018-10-26T20:23:18.204+0200][gc            ] GC(22) Pause Young (G1 Evacuation Pause) 232M->190M(1024M) 368,346ms
[2018-10-26T20:23:18.204+0200][gc,cpu        ] GC(22) User=0,07s Sys=0,00s Real=0,36s
[2018-10-26T20:28:21.123+0200][gc,start      ] GC(23) Pause Young (G1 Evacuation Pause)
[2018-10-26T20:28:21.152+0200][gc,task       ] GC(23) Using 4 workers of 4 for evacuation
[2018-10-26T20:28:21.179+0200][gc,mmu        ] GC(23) MMU target violated: 21,0ms (20,0ms/21,0ms)
[2018-10-26T20:28:21.179+0200][gc,phases     ] GC(23)   Pre Evacuate Collection Set: 0,1ms
[2018-10-26T20:28:21.179+0200][gc,phases     ] GC(23)   Evacuate Collection Set: 25,9ms
[2018-10-26T20:28:21.179+0200][gc,phases     ] GC(23)   Post Evacuate Collection Set: 0,5ms
[2018-10-26T20:28:21.179+0200][gc,phases     ] GC(23)   Other: 29,9ms
[2018-10-26T20:28:21.179+0200][gc,heap       ] GC(23) Eden regions: 46->0(46)
[2018-10-26T20:28:21.179+0200][gc,heap       ] GC(23) Survivor regions: 5->5(7)
[2018-10-26T20:28:21.179+0200][gc,heap       ] GC(23) Old regions: 56->61
[2018-10-26T20:28:21.179+0200][gc,heap       ] GC(23) Humongous regions: 130->130
[2018-10-26T20:28:21.179+0200][gc,metaspace  ] GC(23) Metaspace: 38343K->38343K(1083392K)
[2018-10-26T20:28:21.179+0200][gc            ] GC(23) Pause Young (G1 Evacuation Pause) 236M->194M(1024M) 56,524ms
[2018-10-26T20:28:21.179+0200][gc,cpu        ] GC(23) User=0,09s Sys=0,01s Real=0,06s
[2018-10-26T20:33:25.279+0200][gc,start      ] GC(24) Pause Young (G1 Evacuation Pause)
[2018-10-26T20:33:25.295+0200][gc,task       ] GC(24) Using 4 workers of 4 for evacuation
[2018-10-26T20:33:25.323+0200][gc,mmu        ] GC(24) MMU target violated: 21,0ms (20,0ms/21,0ms)
[2018-10-26T20:33:25.323+0200][gc,phases     ] GC(24)   Pre Evacuate Collection Set: 0,1ms
[2018-10-26T20:33:25.323+0200][gc,phases     ] GC(24)   Evacuate Collection Set: 26,4ms
[2018-10-26T20:33:25.323+0200][gc,phases     ] GC(24)   Post Evacuate Collection Set: 0,5ms
[2018-10-26T20:33:25.323+0200][gc,phases     ] GC(24)   Other: 16,5ms
[2018-10-26T20:33:25.323+0200][gc,heap       ] GC(24) Eden regions: 46->0(47)
[2018-10-26T20:33:25.323+0200][gc,heap       ] GC(24) Survivor regions: 5->4(7)
[2018-10-26T20:33:25.323+0200][gc,heap       ] GC(24) Old regions: 61->65
[2018-10-26T20:33:25.323+0200][gc,heap       ] GC(24) Humongous regions: 130->130
[2018-10-26T20:33:25.323+0200][gc,metaspace  ] GC(24) Metaspace: 38346K->38346K(1083392K)
[2018-10-26T20:33:25.323+0200][gc            ] GC(24) Pause Young (G1 Evacuation Pause) 240M->198M(1024M) 43,390ms
[2018-10-26T20:33:25.323+0200][gc,cpu        ] GC(24) User=0,08s Sys=0,01s Real=0,04s
[2018-10-26T20:38:01.006+0200][gc,start      ] GC(25) Pause Young (G1 Evacuation Pause)
[2018-10-26T20:38:01.103+0200][gc,task       ] GC(25) Using 4 workers of 4 for evacuation
[2018-10-26T20:38:01.137+0200][gc,mmu        ] GC(25) MMU target violated: 21,0ms (20,0ms/21,0ms)
[2018-10-26T20:38:01.137+0200][gc,phases     ] GC(25)   Pre Evacuate Collection Set: 0,1ms
[2018-10-26T20:38:01.137+0200][gc,phases     ] GC(25)   Evacuate Collection Set: 33,0ms
[2018-10-26T20:38:01.137+0200][gc,phases     ] GC(25)   Post Evacuate Collection Set: 0,6ms
[2018-10-26T20:38:01.137+0200][gc,phases     ] GC(25)   Other: 114,7ms
[2018-10-26T20:38:01.137+0200][gc,heap       ] GC(25) Eden regions: 47->0(44)
[2018-10-26T20:38:01.137+0200][gc,heap       ] GC(25) Survivor regions: 4->7(7)
[2018-10-26T20:38:01.137+0200][gc,heap       ] GC(25) Old regions: 65->69
[2018-10-26T20:38:01.137+0200][gc,heap       ] GC(25) Humongous regions: 130->130
[2018-10-26T20:38:01.137+0200][gc,metaspace  ] GC(25) Metaspace: 38375K->38375K(1083392K)
[2018-10-26T20:38:01.137+0200][gc            ] GC(25) Pause Young (G1 Evacuation Pause) 245M->204M(1024M) 148,457ms
[2018-10-26T20:38:01.137+0200][gc,cpu        ] GC(25) User=0,11s Sys=0,01s Real=0,15s
[2018-10-26T20:42:52.746+0200][gc,start      ] GC(26) Pause Young (G1 Evacuation Pause)
[2018-10-26T20:42:52.806+0200][gc,task       ] GC(26) Using 4 workers of 4 for evacuation
[2018-10-26T20:42:53.242+0200][gc,mmu        ] GC(26) MMU target violated: 21,0ms (20,0ms/21,0ms)
[2018-10-26T20:42:53.242+0200][gc,phases     ] GC(26)   Pre Evacuate Collection Set: 0,0ms
[2018-10-26T20:42:53.242+0200][gc,phases     ] GC(26)   Evacuate Collection Set: 435,1ms
[2018-10-26T20:42:53.242+0200][gc,phases     ] GC(26)   Post Evacuate Collection Set: 0,5ms
[2018-10-26T20:42:53.242+0200][gc,phases     ] GC(26)   Other: 60,3ms
[2018-10-26T20:42:53.242+0200][gc,heap       ] GC(26) Eden regions: 44->0(48)
[2018-10-26T20:42:53.242+0200][gc,heap       ] GC(26) Survivor regions: 7->3(7)
[2018-10-26T20:42:53.242+0200][gc,heap       ] GC(26) Old regions: 69->73
[2018-10-26T20:42:53.242+0200][gc,heap       ] GC(26) Humongous regions: 130->130
[2018-10-26T20:42:53.242+0200][gc,metaspace  ] GC(26) Metaspace: 38399K->38399K(1083392K)
[2018-10-26T20:42:53.242+0200][gc            ] GC(26) Pause Young (G1 Evacuation Pause) 248M->205M(1024M) 495,892ms
[2018-10-26T20:42:53.242+0200][gc,cpu        ] GC(26) User=1,27s Sys=0,00s Real=0,49s
[2018-10-26T20:48:12.504+0200][gc,start      ] GC(27) Pause Young (G1 Evacuation Pause)
[2018-10-26T20:48:12.515+0200][gc,task       ] GC(27) Using 4 workers of 4 for evacuation
[2018-10-26T20:48:12.533+0200][gc,phases     ] GC(27)   Pre Evacuate Collection Set: 0,1ms
[2018-10-26T20:48:12.533+0200][gc,phases     ] GC(27)   Evacuate Collection Set: 16,8ms
[2018-10-26T20:48:12.533+0200][gc,phases     ] GC(27)   Post Evacuate Collection Set: 0,7ms
[2018-10-26T20:48:12.533+0200][gc,phases     ] GC(27)   Other: 11,4ms
[2018-10-26T20:48:12.533+0200][gc,heap       ] GC(27) Eden regions: 48->0(45)
[2018-10-26T20:48:12.533+0200][gc,heap       ] GC(27) Survivor regions: 3->6(7)
[2018-10-26T20:48:12.533+0200][gc,heap       ] GC(27) Old regions: 73->73
[2018-10-26T20:48:12.533+0200][gc,heap       ] GC(27) Humongous regions: 130->130
[2018-10-26T20:48:12.533+0200][gc,metaspace  ] GC(27) Metaspace: 38416K->38416K(1083392K)
[2018-10-26T20:48:12.534+0200][gc            ] GC(27) Pause Young (G1 Evacuation Pause) 253M->208M(1024M) 29,102ms
[2018-10-26T20:48:12.534+0200][gc,cpu        ] GC(27) User=0,07s Sys=0,00s Real=0,04s
[2018-10-26T20:53:11.800+0200][gc,start      ] GC(28) Pause Young (G1 Evacuation Pause)
[2018-10-26T20:53:11.801+0200][gc,task       ] GC(28) Using 4 workers of 4 for evacuation
[2018-10-26T20:53:11.828+0200][gc,mmu        ] GC(28) MMU target violated: 21,0ms (20,0ms/21,0ms)
[2018-10-26T20:53:11.828+0200][gc,phases     ] GC(28)   Pre Evacuate Collection Set: 0,0ms
[2018-10-26T20:53:11.829+0200][gc,phases     ] GC(28)   Evacuate Collection Set: 26,9ms
[2018-10-26T20:53:11.829+0200][gc,phases     ] GC(28)   Post Evacuate Collection Set: 0,6ms
[2018-10-26T20:53:11.829+0200][gc,phases     ] GC(28)   Other: 0,6ms
[2018-10-26T20:53:11.829+0200][gc,heap       ] GC(28) Eden regions: 45->0(46)
[2018-10-26T20:53:11.829+0200][gc,heap       ] GC(28) Survivor regions: 6->5(7)
[2018-10-26T20:53:11.829+0200][gc,heap       ] GC(28) Old regions: 73->79
[2018-10-26T20:53:11.829+0200][gc,heap       ] GC(28) Humongous regions: 130->130
[2018-10-26T20:53:11.829+0200][gc,metaspace  ] GC(28) Metaspace: 38417K->38417K(1083392K)
[2018-10-26T20:53:11.829+0200][gc            ] GC(28) Pause Young (G1 Evacuation Pause) 253M->212M(1024M) 28,299ms
[2018-10-26T20:53:11.829+0200][gc,cpu        ] GC(28) User=0,09s Sys=0,00s Real=0,03s
[2018-10-26T20:58:17.457+0200][gc,start      ] GC(29) Pause Young (G1 Evacuation Pause)
[2018-10-26T20:58:17.467+0200][gc,task       ] GC(29) Using 4 workers of 4 for evacuation
[2018-10-26T20:58:17.496+0200][gc,mmu        ] GC(29) MMU target violated: 21,0ms (20,0ms/21,0ms)
[2018-10-26T20:58:17.496+0200][gc,phases     ] GC(29)   Pre Evacuate Collection Set: 0,0ms
[2018-10-26T20:58:17.496+0200][gc,phases     ] GC(29)   Evacuate Collection Set: 27,7ms
[2018-10-26T20:58:17.496+0200][gc,phases     ] GC(29)   Post Evacuate Collection Set: 0,8ms
[2018-10-26T20:58:17.496+0200][gc,phases     ] GC(29)   Other: 10,3ms
[2018-10-26T20:58:17.496+0200][gc,heap       ] GC(29) Eden regions: 46->0(46)
[2018-10-26T20:58:17.496+0200][gc,heap       ] GC(29) Survivor regions: 5->5(7)
[2018-10-26T20:58:17.496+0200][gc,heap       ] GC(29) Old regions: 79->82
[2018-10-26T20:58:17.496+0200][gc,heap       ] GC(29) Humongous regions: 130->130
[2018-10-26T20:58:17.496+0200][gc,metaspace  ] GC(29) Metaspace: 38419K->38419K(1083392K)
[2018-10-26T20:58:17.496+0200][gc            ] GC(29) Pause Young (G1 Evacuation Pause) 258M->216M(1024M) 39,038ms
[2018-10-26T20:58:17.496+0200][gc,cpu        ] GC(29) User=0,08s Sys=0,01s Real=0,04s
[2018-10-26T21:03:21.410+0200][gc,start      ] GC(30) Pause Young (G1 Evacuation Pause)
[2018-10-26T21:03:21.410+0200][gc,task       ] GC(30) Using 4 workers of 4 for evacuation
[2018-10-26T21:03:21.436+0200][gc,mmu        ] GC(30) MMU target violated: 21,0ms (20,0ms/21,0ms)
[2018-10-26T21:03:21.436+0200][gc,phases     ] GC(30)   Pre Evacuate Collection Set: 0,0ms
[2018-10-26T21:03:21.436+0200][gc,phases     ] GC(30)   Evacuate Collection Set: 24,9ms
[2018-10-26T21:03:21.436+0200][gc,phases     ] GC(30)   Post Evacuate Collection Set: 0,3ms
[2018-10-26T21:03:21.436+0200][gc,phases     ] GC(30)   Other: 0,5ms
[2018-10-26T21:03:21.436+0200][gc,heap       ] GC(30) Eden regions: 46->0(46)
[2018-10-26T21:03:21.436+0200][gc,heap       ] GC(30) Survivor regions: 5->5(7)
[2018-10-26T21:03:21.436+0200][gc,heap       ] GC(30) Old regions: 82->86
[2018-10-26T21:03:21.436+0200][gc,heap       ] GC(30) Humongous regions: 130->130
[2018-10-26T21:03:21.436+0200][gc,metaspace  ] GC(30) Metaspace: 38421K->38421K(1083392K)
[2018-10-26T21:03:21.436+0200][gc            ] GC(30) Pause Young (G1 Evacuation Pause) 262M->220M(1024M) 25,831ms
[2018-10-26T21:03:21.436+0200][gc,cpu        ] GC(30) User=0,08s Sys=0,00s Real=0,03s
[2018-10-26T21:08:25.128+0200][gc,start      ] GC(31) Pause Young (G1 Evacuation Pause)
[2018-10-26T21:08:25.128+0200][gc,task       ] GC(31) Using 4 workers of 4 for evacuation
[2018-10-26T21:08:25.157+0200][gc,mmu        ] GC(31) MMU target violated: 21,0ms (20,0ms/21,0ms)
[2018-10-26T21:08:25.157+0200][gc,phases     ] GC(31)   Pre Evacuate Collection Set: 0,0ms
[2018-10-26T21:08:25.157+0200][gc,phases     ] GC(31)   Evacuate Collection Set: 27,4ms
[2018-10-26T21:08:25.157+0200][gc,phases     ] GC(31)   Post Evacuate Collection Set: 0,7ms
[2018-10-26T21:08:25.157+0200][gc,phases     ] GC(31)   Other: 0,6ms
[2018-10-26T21:08:25.157+0200][gc,heap       ] GC(31) Eden regions: 46->0(46)
[2018-10-26T21:08:25.157+0200][gc,heap       ] GC(31) Survivor regions: 5->5(7)
[2018-10-26T21:08:25.157+0200][gc,heap       ] GC(31) Old regions: 86->90
[2018-10-26T21:08:25.157+0200][gc,heap       ] GC(31) Humongous regions: 130->130
[2018-10-26T21:08:25.157+0200][gc,metaspace  ] GC(31) Metaspace: 38422K->38422K(1083392K)
[2018-10-26T21:08:25.157+0200][gc            ] GC(31) Pause Young (G1 Evacuation Pause) 266M->224M(1024M) 28,827ms
[2018-10-26T21:08:25.157+0200][gc,cpu        ] GC(31) User=0,10s Sys=0,00s Real=0,03s
