[2018-10-24T17:15:45.711+0200][gc,heap] Heap region size: 1M
[2018-10-24T17:15:45.716+0200][gc     ] Using G1
[2018-10-24T17:15:45.716+0200][gc,heap,coops] Heap address: 0x00000000e0000000, size: 512 MB, Compressed Oops mode: 32-bit
[2018-10-24T17:17:32.842+0200][gc,start     ] GC(0) Pause Young (G1 Evacuation Pause)
[2018-10-24T17:17:32.842+0200][gc,task      ] GC(0) Using 4 workers of 4 for evacuation
[2018-10-24T17:17:32.862+0200][gc,phases    ] GC(0)   Pre Evacuate Collection Set: 0,0ms
[2018-10-24T17:17:32.862+0200][gc,phases    ] GC(0)   Evacuate Collection Set: 19,2ms
[2018-10-24T17:17:32.862+0200][gc,phases    ] GC(0)   Post Evacuate Collection Set: 0,3ms
[2018-10-24T17:17:32.862+0200][gc,phases    ] GC(0)   Other: 0,5ms
[2018-10-24T17:17:32.862+0200][gc,heap      ] GC(0) Eden regions: 25->0(21)
[2018-10-24T17:17:32.862+0200][gc,heap      ] GC(0) Survivor regions: 0->4(4)
[2018-10-24T17:17:32.862+0200][gc,heap      ] GC(0) Old regions: 0->3
[2018-10-24T17:17:32.862+0200][gc,heap      ] GC(0) Humongous regions: 1->1
[2018-10-24T17:17:32.862+0200][gc,metaspace ] GC(0) Metaspace: 14981K->14981K(1062912K)
[2018-10-24T17:17:32.862+0200][gc           ] GC(0) Pause Young (G1 Evacuation Pause) 26M->7M(512M) 20,297ms
[2018-10-24T17:17:32.862+0200][gc,cpu       ] GC(0) User=0,05s Sys=0,01s Real=0,02s
[2018-10-24T17:24:57.574+0200][gc,heap,exit ] Heap
[2018-10-24T17:24:57.574+0200][gc,heap,exit ]  garbage-first heap   total 524288K, used 15376K [0x00000000e0000000, 0x0000000100000000)
[2018-10-24T17:24:57.574+0200][gc,heap,exit ]   region size 1024K, 13 young (13312K), 4 survivors (4096K)
[2018-10-24T17:24:57.574+0200][gc,heap,exit ]  Metaspace       used 15003K, capacity 15326K, committed 15488K, reserved 1062912K
[2018-10-24T17:24:57.574+0200][gc,heap,exit ]   class space    used 1425K, capacity 1556K, committed 1664K, reserved 1048576K
