[2018-10-30T18:21:30.348+0100][gc,heap] Heap region size: 1M
[2018-10-30T18:21:30.362+0100][gc     ] Using G1
[2018-10-30T18:21:30.362+0100][gc,heap,coops] Heap address: 0x00000000e0000000, size: 512 MB, Compressed Oops mode: 32-bit
[2018-10-30T19:41:34.847+0100][gc,start     ] GC(0) Pause Young (G1 Evacuation Pause)
[2018-10-30T19:41:34.881+0100][gc,task      ] GC(0) Using 4 workers of 4 for evacuation
[2018-10-30T19:41:34.895+0100][gc,phases    ] GC(0)   Pre Evacuate Collection Set: 0,0ms
[2018-10-30T19:41:34.896+0100][gc,phases    ] GC(0)   Evacuate Collection Set: 13,4ms
[2018-10-30T19:41:34.896+0100][gc,phases    ] GC(0)   Post Evacuate Collection Set: 0,7ms
[2018-10-30T19:41:34.896+0100][gc,phases    ] GC(0)   Other: 34,5ms
[2018-10-30T19:41:34.896+0100][gc,heap      ] GC(0) Eden regions: 25->0(21)
[2018-10-30T19:41:34.896+0100][gc,heap      ] GC(0) Survivor regions: 0->4(4)
[2018-10-30T19:41:34.896+0100][gc,heap      ] GC(0) Old regions: 0->2
[2018-10-30T19:41:34.896+0100][gc,heap      ] GC(0) Humongous regions: 1->1
[2018-10-30T19:41:34.896+0100][gc,metaspace ] GC(0) Metaspace: 14909K->14909K(1062912K)
[2018-10-30T19:41:34.896+0100][gc           ] GC(0) Pause Young (G1 Evacuation Pause) 26M->6M(512M) 48,819ms
[2018-10-30T19:41:34.896+0100][gc,cpu       ] GC(0) User=0,05s Sys=0,01s Real=0,05s
