[2018-10-26T19:19:42.752+0200][gc,heap] Heap region size: 1M
[2018-10-26T19:19:42.768+0200][gc     ] Using G1
[2018-10-26T19:19:42.768+0200][gc,heap,coops] Heap address: 0x00000000e0000000, size: 512 MB, Compressed Oops mode: 32-bit
[2018-10-26T19:36:25.854+0200][gc,start     ] GC(0) Pause Young (G1 Evacuation Pause)
[2018-10-26T19:36:25.874+0200][gc,task      ] GC(0) Using 4 workers of 4 for evacuation
[2018-10-26T19:36:25.898+0200][gc,mmu       ] GC(0) MMU target violated: 21,0ms (20,0ms/21,0ms)
[2018-10-26T19:36:25.898+0200][gc,phases    ] GC(0)   Pre Evacuate Collection Set: 0,0ms
[2018-10-26T19:36:25.898+0200][gc,phases    ] GC(0)   Evacuate Collection Set: 23,1ms
[2018-10-26T19:36:25.898+0200][gc,phases    ] GC(0)   Post Evacuate Collection Set: 0,5ms
[2018-10-26T19:36:25.898+0200][gc,phases    ] GC(0)   Other: 19,9ms
[2018-10-26T19:36:25.898+0200][gc,heap      ] GC(0) Eden regions: 25->0(21)
[2018-10-26T19:36:25.898+0200][gc,heap      ] GC(0) Survivor regions: 0->4(4)
[2018-10-26T19:36:25.898+0200][gc,heap      ] GC(0) Old regions: 0->2
[2018-10-26T19:36:25.898+0200][gc,heap      ] GC(0) Humongous regions: 1->1
[2018-10-26T19:36:25.898+0200][gc,metaspace ] GC(0) Metaspace: 14979K->14979K(1062912K)
[2018-10-26T19:36:25.898+0200][gc           ] GC(0) Pause Young (G1 Evacuation Pause) 26M->6M(512M) 43,619ms
[2018-10-26T19:36:25.898+0200][gc,cpu       ] GC(0) User=0,05s Sys=0,00s Real=0,04s
[2018-10-26T20:10:32.435+0200][gc,start     ] GC(1) Pause Young (G1 Evacuation Pause)
[2018-10-26T20:10:32.446+0200][gc,task      ] GC(1) Using 4 workers of 4 for evacuation
[2018-10-26T20:10:32.460+0200][gc,phases    ] GC(1)   Pre Evacuate Collection Set: 0,0ms
[2018-10-26T20:10:32.460+0200][gc,phases    ] GC(1)   Evacuate Collection Set: 13,0ms
[2018-10-26T20:10:32.460+0200][gc,phases    ] GC(1)   Post Evacuate Collection Set: 0,5ms
[2018-10-26T20:10:32.460+0200][gc,phases    ] GC(1)   Other: 11,2ms
[2018-10-26T20:10:32.460+0200][gc,heap      ] GC(1) Eden regions: 21->0(24)
[2018-10-26T20:10:32.460+0200][gc,heap      ] GC(1) Survivor regions: 4->1(4)
[2018-10-26T20:10:32.460+0200][gc,heap      ] GC(1) Old regions: 2->6
[2018-10-26T20:10:32.460+0200][gc,heap      ] GC(1) Humongous regions: 1->1
[2018-10-26T20:10:32.460+0200][gc,metaspace ] GC(1) Metaspace: 15067K->15067K(1062912K)
[2018-10-26T20:10:32.460+0200][gc           ] GC(1) Pause Young (G1 Evacuation Pause) 27M->6M(512M) 24,786ms
[2018-10-26T20:10:32.460+0200][gc,cpu       ] GC(1) User=0,03s Sys=0,00s Real=0,02s
[2018-10-26T21:11:51.897+0200][gc,heap,exit ] Heap
[2018-10-26T21:11:52.051+0200][gc,heap,exit ]  garbage-first heap   total 524288K, used 12254K [0x00000000e0000000, 0x0000000100000000)
[2018-10-26T21:11:52.051+0200][gc,heap,exit ]   region size 1024K, 7 young (7168K), 1 survivors (1024K)
[2018-10-26T21:11:52.088+0200][gc,heap,exit ]  Metaspace       used 15100K, capacity 15391K, committed 15744K, reserved 1062912K
[2018-10-26T21:11:52.088+0200][gc,heap,exit ]   class space    used 1425K, capacity 1556K, committed 1664K, reserved 1048576K
