[2018-12-25T11:52:58.943+0100][gc,heap] Heap region size: 1M
[2018-12-25T11:52:58.964+0100][gc     ] Using G1
[2018-12-25T11:52:58.964+0100][gc,heap,coops] Heap address: 0x00000000c0000000, size: 1024 MB, Compressed Oops mode: 32-bit
[2018-12-25T11:53:01.376+0100][gc,start     ] GC(0) Pause Initial Mark (Metadata GC Threshold)
[2018-12-25T11:53:01.376+0100][gc,task      ] GC(0) Using 4 workers of 4 for evacuation
[2018-12-25T11:53:01.382+0100][gc,phases    ] GC(0)   Pre Evacuate Collection Set: 0,0ms
[2018-12-25T11:53:01.382+0100][gc,phases    ] GC(0)   Evacuate Collection Set: 4,7ms
[2018-12-25T11:53:01.382+0100][gc,phases    ] GC(0)   Post Evacuate Collection Set: 0,4ms
[2018-12-25T11:53:01.382+0100][gc,phases    ] GC(0)   Other: 0,2ms
[2018-12-25T11:53:01.382+0100][gc,heap      ] GC(0) Eden regions: 44->0(44)
[2018-12-25T11:53:01.382+0100][gc,heap      ] GC(0) Survivor regions: 0->7(7)
[2018-12-25T11:53:01.382+0100][gc,heap      ] GC(0) Old regions: 0->0
[2018-12-25T11:53:01.382+0100][gc,heap      ] GC(0) Humongous regions: 1->1
[2018-12-25T11:53:01.382+0100][gc,metaspace ] GC(0) Metaspace: 20722K->20722K(1069056K)
[2018-12-25T11:53:01.382+0100][gc           ] GC(0) Pause Initial Mark (Metadata GC Threshold) 44M->7M(1024M) 5,460ms
[2018-12-25T11:53:01.382+0100][gc,cpu       ] GC(0) User=0,02s Sys=0,01s Real=0,00s
[2018-12-25T11:53:01.382+0100][gc           ] GC(1) Concurrent Cycle
[2018-12-25T11:53:01.382+0100][gc,marking   ] GC(1) Concurrent Clear Claimed Marks
[2018-12-25T11:53:01.382+0100][gc,marking   ] GC(1) Concurrent Clear Claimed Marks 0,025ms
[2018-12-25T11:53:01.382+0100][gc,marking   ] GC(1) Concurrent Scan Root Regions
[2018-12-25T11:53:01.385+0100][gc,marking   ] GC(1) Concurrent Scan Root Regions 2,514ms
[2018-12-25T11:53:01.385+0100][gc,marking   ] GC(1) Concurrent Mark (2,447s)
[2018-12-25T11:53:01.385+0100][gc,marking   ] GC(1) Concurrent Mark From Roots
[2018-12-25T11:53:01.385+0100][gc,task      ] GC(1) Using 1 workers of 1 for marking
[2018-12-25T11:53:01.385+0100][gc,marking   ] GC(1) Concurrent Mark From Roots 0,686ms
[2018-12-25T11:53:01.385+0100][gc,marking   ] GC(1) Concurrent Mark (2,447s, 2,448s) 0,712ms
[2018-12-25T11:53:01.385+0100][gc,start     ] GC(1) Pause Remark
[2018-12-25T11:53:01.387+0100][gc,stringtable] GC(1) Cleaned string and symbol table, strings: 8277 processed, 0 removed, symbols: 67230 processed, 43 removed
[2018-12-25T11:53:01.387+0100][gc            ] GC(1) Pause Remark 7M->7M(1024M) 2,043ms
[2018-12-25T11:53:01.387+0100][gc,cpu        ] GC(1) User=0,01s Sys=0,00s Real=0,00s
[2018-12-25T11:53:01.388+0100][gc,marking    ] GC(1) Concurrent Create Live Data
[2018-12-25T11:53:01.388+0100][gc,marking    ] GC(1) Concurrent Create Live Data 0,141ms
[2018-12-25T11:53:01.388+0100][gc,start      ] GC(1) Pause Cleanup
[2018-12-25T11:53:01.388+0100][gc            ] GC(1) Pause Cleanup 7M->7M(1024M) 0,636ms
[2018-12-25T11:53:01.388+0100][gc,cpu        ] GC(1) User=0,00s Sys=0,00s Real=0,00s
[2018-12-25T11:53:01.388+0100][gc,marking    ] GC(1) Concurrent Cleanup for Next Mark
[2018-12-25T11:53:01.395+0100][gc,marking    ] GC(1) Concurrent Cleanup for Next Mark 6,410ms
[2018-12-25T11:53:01.395+0100][gc            ] GC(1) Concurrent Cycle 12,888ms
[2018-12-25T11:53:03.064+0100][gc,start      ] GC(2) Pause Young (G1 Evacuation Pause)
[2018-12-25T11:53:03.064+0100][gc,task       ] GC(2) Using 4 workers of 4 for evacuation
[2018-12-25T11:53:03.077+0100][gc,phases     ] GC(2)   Pre Evacuate Collection Set: 0,0ms
[2018-12-25T11:53:03.077+0100][gc,phases     ] GC(2)   Evacuate Collection Set: 13,0ms
[2018-12-25T11:53:03.078+0100][gc,phases     ] GC(2)   Post Evacuate Collection Set: 0,5ms
[2018-12-25T11:53:03.078+0100][gc,phases     ] GC(2)   Other: 0,3ms
[2018-12-25T11:53:03.078+0100][gc,heap       ] GC(2) Eden regions: 44->0(47)
[2018-12-25T11:53:03.078+0100][gc,heap       ] GC(2) Survivor regions: 7->4(7)
[2018-12-25T11:53:03.078+0100][gc,heap       ] GC(2) Old regions: 0->6
[2018-12-25T11:53:03.078+0100][gc,heap       ] GC(2) Humongous regions: 130->130
[2018-12-25T11:53:03.078+0100][gc,metaspace  ] GC(2) Metaspace: 29590K->29590K(1077248K)
[2018-12-25T11:53:03.078+0100][gc            ] GC(2) Pause Young (G1 Evacuation Pause) 180M->139M(1024M) 13,996ms
[2018-12-25T11:53:03.078+0100][gc,cpu        ] GC(2) User=0,02s Sys=0,01s Real=0,01s
[2018-12-25T12:00:40.719+0100][gc,start      ] GC(3) Pause Young (G1 Evacuation Pause)
[2018-12-25T12:00:40.719+0100][gc,task       ] GC(3) Using 4 workers of 4 for evacuation
[2018-12-25T12:00:40.736+0100][gc,phases     ] GC(3)   Pre Evacuate Collection Set: 0,0ms
[2018-12-25T12:00:40.736+0100][gc,phases     ] GC(3)   Evacuate Collection Set: 15,8ms
[2018-12-25T12:00:40.736+0100][gc,phases     ] GC(3)   Post Evacuate Collection Set: 0,5ms
[2018-12-25T12:00:40.736+0100][gc,phases     ] GC(3)   Other: 0,4ms
[2018-12-25T12:00:40.736+0100][gc,heap       ] GC(3) Eden regions: 47->0(45)
[2018-12-25T12:00:40.736+0100][gc,heap       ] GC(3) Survivor regions: 4->6(7)
[2018-12-25T12:00:40.736+0100][gc,heap       ] GC(3) Old regions: 6->6
[2018-12-25T12:00:40.736+0100][gc,heap       ] GC(3) Humongous regions: 130->130
[2018-12-25T12:00:40.736+0100][gc,metaspace  ] GC(3) Metaspace: 34155K->34155K(1079296K)
[2018-12-25T12:00:40.736+0100][gc            ] GC(3) Pause Young (G1 Evacuation Pause) 186M->141M(1024M) 16,946ms
[2018-12-25T12:00:40.736+0100][gc,cpu        ] GC(3) User=0,07s Sys=0,00s Real=0,02s
[2018-12-25T12:17:32.180+0100][gc,start      ] GC(4) Pause Young (G1 Evacuation Pause)
[2018-12-25T12:17:32.180+0100][gc,task       ] GC(4) Using 4 workers of 4 for evacuation
[2018-12-25T12:17:32.193+0100][gc,phases     ] GC(4)   Pre Evacuate Collection Set: 0,0ms
[2018-12-25T12:17:32.193+0100][gc,phases     ] GC(4)   Evacuate Collection Set: 12,4ms
[2018-12-25T12:17:32.193+0100][gc,phases     ] GC(4)   Post Evacuate Collection Set: 0,3ms
[2018-12-25T12:17:32.193+0100][gc,phases     ] GC(4)   Other: 0,2ms
[2018-12-25T12:17:32.193+0100][gc,heap       ] GC(4) Eden regions: 45->0(48)
[2018-12-25T12:17:32.193+0100][gc,heap       ] GC(4) Survivor regions: 6->3(7)
[2018-12-25T12:17:32.193+0100][gc,heap       ] GC(4) Old regions: 6->10
[2018-12-25T12:17:32.193+0100][gc,heap       ] GC(4) Humongous regions: 130->130
[2018-12-25T12:17:32.193+0100][gc,metaspace  ] GC(4) Metaspace: 35026K->35026K(1081344K)
[2018-12-25T12:17:32.193+0100][gc            ] GC(4) Pause Young (G1 Evacuation Pause) 186M->142M(1024M) 12,954ms
[2018-12-25T12:17:32.193+0100][gc,cpu        ] GC(4) User=0,04s Sys=0,00s Real=0,02s
[2018-12-25T12:20:08.689+0100][gc,start      ] GC(5) Pause Initial Mark (Metadata GC Threshold)
[2018-12-25T12:20:08.689+0100][gc,task       ] GC(5) Using 4 workers of 4 for evacuation
[2018-12-25T12:20:08.696+0100][gc,phases     ] GC(5)   Pre Evacuate Collection Set: 0,0ms
[2018-12-25T12:20:08.696+0100][gc,phases     ] GC(5)   Evacuate Collection Set: 6,6ms
[2018-12-25T12:20:08.696+0100][gc,phases     ] GC(5)   Post Evacuate Collection Set: 0,2ms
[2018-12-25T12:20:08.696+0100][gc,phases     ] GC(5)   Other: 0,2ms
[2018-12-25T12:20:08.696+0100][gc,heap       ] GC(5) Eden regions: 4->0(48)
[2018-12-25T12:20:08.696+0100][gc,heap       ] GC(5) Survivor regions: 3->3(7)
[2018-12-25T12:20:08.696+0100][gc,heap       ] GC(5) Old regions: 10->10
[2018-12-25T12:20:08.696+0100][gc,heap       ] GC(5) Humongous regions: 130->130
[2018-12-25T12:20:08.696+0100][gc,metaspace  ] GC(5) Metaspace: 35031K->35031K(1081344K)
[2018-12-25T12:20:08.696+0100][gc            ] GC(5) Pause Initial Mark (Metadata GC Threshold) 145M->141M(1024M) 7,109ms
[2018-12-25T12:20:08.696+0100][gc,cpu        ] GC(5) User=0,02s Sys=0,00s Real=0,01s
[2018-12-25T12:20:08.696+0100][gc            ] GC(6) Concurrent Cycle
[2018-12-25T12:20:08.696+0100][gc,marking    ] GC(6) Concurrent Clear Claimed Marks
[2018-12-25T12:20:08.696+0100][gc,marking    ] GC(6) Concurrent Clear Claimed Marks 0,019ms
[2018-12-25T12:20:08.696+0100][gc,marking    ] GC(6) Concurrent Scan Root Regions
[2018-12-25T12:20:08.698+0100][gc,marking    ] GC(6) Concurrent Scan Root Regions 1,724ms
[2018-12-25T12:20:08.698+0100][gc,marking    ] GC(6) Concurrent Mark (1629,760s)
[2018-12-25T12:20:08.698+0100][gc,marking    ] GC(6) Concurrent Mark From Roots
[2018-12-25T12:20:08.698+0100][gc,task       ] GC(6) Using 1 workers of 1 for marking
[2018-12-25T12:20:08.708+0100][gc,marking    ] GC(6) Concurrent Mark From Roots 10,118ms
[2018-12-25T12:20:08.708+0100][gc,marking    ] GC(6) Concurrent Mark (1629,760s, 1629,770s) 10,159ms
[2018-12-25T12:20:08.708+0100][gc,start      ] GC(6) Pause Remark
[2018-12-25T12:20:08.715+0100][gc,stringtable] GC(6) Cleaned string and symbol table, strings: 14441 processed, 320 removed, symbols: 95143 processed, 17 removed
[2018-12-25T12:20:08.715+0100][gc            ] GC(6) Pause Remark 142M->142M(1024M) 6,463ms
[2018-12-25T12:20:08.715+0100][gc,cpu        ] GC(6) User=0,01s Sys=0,00s Real=0,01s
[2018-12-25T12:20:08.715+0100][gc,marking    ] GC(6) Concurrent Create Live Data
[2018-12-25T12:20:08.717+0100][gc,marking    ] GC(6) Concurrent Create Live Data 2,520ms
[2018-12-25T12:20:08.717+0100][gc,start      ] GC(6) Pause Cleanup
[2018-12-25T12:20:08.718+0100][gc            ] GC(6) Pause Cleanup 142M->142M(1024M) 0,628ms
[2018-12-25T12:20:08.718+0100][gc,cpu        ] GC(6) User=0,00s Sys=0,00s Real=0,00s
[2018-12-25T12:20:08.718+0100][gc,marking    ] GC(6) Concurrent Cleanup for Next Mark
[2018-12-25T12:20:08.724+0100][gc,marking    ] GC(6) Concurrent Cleanup for Next Mark 6,469ms
[2018-12-25T12:20:08.724+0100][gc            ] GC(6) Concurrent Cycle 28,427ms
[2018-12-25T20:01:45.072+0100][gc,heap,exit  ] Heap
[2018-12-25T20:01:45.072+0100][gc,heap,exit  ]  garbage-first heap   total 1048576K, used 168833K [0x00000000c0000000, 0x0000000100000000)
[2018-12-25T20:01:45.072+0100][gc,heap,exit  ]   region size 1024K, 27 young (27648K), 3 survivors (3072K)
[2018-12-25T20:01:45.072+0100][gc,heap,exit  ]  Metaspace       used 35594K, capacity 35918K, committed 36736K, reserved 1081344K
[2018-12-25T20:01:45.072+0100][gc,heap,exit  ]   class space    used 4246K, capacity 4318K, committed 4480K, reserved 1048576K
