[2018-11-16T19:21:34.067+0100][gc,heap] Heap region size: 1M
[2018-11-16T19:21:34.076+0100][gc     ] Using G1
[2018-11-16T19:21:34.076+0100][gc,heap,coops] Heap address: 0x00000000c0000000, size: 1024 MB, Compressed Oops mode: 32-bit
[2018-11-16T19:21:36.219+0100][gc,start     ] GC(0) Pause Initial Mark (Metadata GC Threshold)
[2018-11-16T19:21:36.219+0100][gc,task      ] GC(0) Using 4 workers of 4 for evacuation
[2018-11-16T19:21:36.224+0100][gc,phases    ] GC(0)   Pre Evacuate Collection Set: 0,0ms
[2018-11-16T19:21:36.224+0100][gc,phases    ] GC(0)   Evacuate Collection Set: 4,3ms
[2018-11-16T19:21:36.224+0100][gc,phases    ] GC(0)   Post Evacuate Collection Set: 0,4ms
[2018-11-16T19:21:36.224+0100][gc,phases    ] GC(0)   Other: 0,2ms
[2018-11-16T19:21:36.224+0100][gc,heap      ] GC(0) Eden regions: 43->0(44)
[2018-11-16T19:21:36.224+0100][gc,heap      ] GC(0) Survivor regions: 0->7(7)
[2018-11-16T19:21:36.224+0100][gc,heap      ] GC(0) Old regions: 0->0
[2018-11-16T19:21:36.224+0100][gc,heap      ] GC(0) Humongous regions: 1->1
[2018-11-16T19:21:36.224+0100][gc,metaspace ] GC(0) Metaspace: 20743K->20743K(1069056K)
[2018-11-16T19:21:36.224+0100][gc           ] GC(0) Pause Initial Mark (Metadata GC Threshold) 44M->7M(1024M) 4,989ms
[2018-11-16T19:21:36.224+0100][gc,cpu       ] GC(0) User=0,01s Sys=0,01s Real=0,00s
[2018-11-16T19:21:36.224+0100][gc           ] GC(1) Concurrent Cycle
[2018-11-16T19:21:36.224+0100][gc,marking   ] GC(1) Concurrent Clear Claimed Marks
[2018-11-16T19:21:36.224+0100][gc,marking   ] GC(1) Concurrent Clear Claimed Marks 0,025ms
[2018-11-16T19:21:36.224+0100][gc,marking   ] GC(1) Concurrent Scan Root Regions
[2018-11-16T19:21:36.226+0100][gc,marking   ] GC(1) Concurrent Scan Root Regions 2,458ms
[2018-11-16T19:21:36.226+0100][gc,marking   ] GC(1) Concurrent Mark (2,161s)
[2018-11-16T19:21:36.226+0100][gc,marking   ] GC(1) Concurrent Mark From Roots
[2018-11-16T19:21:36.226+0100][gc,task      ] GC(1) Using 1 workers of 1 for marking
[2018-11-16T19:21:36.227+0100][gc,marking   ] GC(1) Concurrent Mark From Roots 0,670ms
[2018-11-16T19:21:36.227+0100][gc,marking   ] GC(1) Concurrent Mark (2,161s, 2,162s) 0,692ms
[2018-11-16T19:21:36.227+0100][gc,start     ] GC(1) Pause Remark
[2018-11-16T19:21:36.229+0100][gc,stringtable] GC(1) Cleaned string and symbol table, strings: 8312 processed, 0 removed, symbols: 67229 processed, 43 removed
[2018-11-16T19:21:36.229+0100][gc            ] GC(1) Pause Remark 7M->7M(1024M) 2,186ms
[2018-11-16T19:21:36.229+0100][gc,cpu        ] GC(1) User=0,01s Sys=0,00s Real=0,01s
[2018-11-16T19:21:36.230+0100][gc,marking    ] GC(1) Concurrent Create Live Data
[2018-11-16T19:21:36.230+0100][gc,marking    ] GC(1) Concurrent Create Live Data 0,136ms
[2018-11-16T19:21:36.230+0100][gc,start      ] GC(1) Pause Cleanup
[2018-11-16T19:21:36.230+0100][gc            ] GC(1) Pause Cleanup 7M->7M(1024M) 0,700ms
[2018-11-16T19:21:36.230+0100][gc,cpu        ] GC(1) User=0,00s Sys=0,00s Real=0,00s
[2018-11-16T19:21:36.230+0100][gc,marking    ] GC(1) Concurrent Cleanup for Next Mark
[2018-11-16T19:21:36.237+0100][gc,marking    ] GC(1) Concurrent Cleanup for Next Mark 6,336ms
[2018-11-16T19:21:36.237+0100][gc            ] GC(1) Concurrent Cycle 12,925ms
[2018-11-16T19:21:37.627+0100][gc,start      ] GC(2) Pause Young (G1 Evacuation Pause)
[2018-11-16T19:21:37.627+0100][gc,task       ] GC(2) Using 4 workers of 4 for evacuation
[2018-11-16T19:21:37.646+0100][gc,phases     ] GC(2)   Pre Evacuate Collection Set: 0,0ms
[2018-11-16T19:21:37.646+0100][gc,phases     ] GC(2)   Evacuate Collection Set: 17,8ms
[2018-11-16T19:21:37.646+0100][gc,phases     ] GC(2)   Post Evacuate Collection Set: 0,7ms
[2018-11-16T19:21:37.646+0100][gc,phases     ] GC(2)   Other: 0,4ms
[2018-11-16T19:21:37.646+0100][gc,heap       ] GC(2) Eden regions: 44->0(47)
[2018-11-16T19:21:37.646+0100][gc,heap       ] GC(2) Survivor regions: 7->4(7)
[2018-11-16T19:21:37.646+0100][gc,heap       ] GC(2) Old regions: 0->6
[2018-11-16T19:21:37.646+0100][gc,heap       ] GC(2) Humongous regions: 130->130
[2018-11-16T19:21:37.646+0100][gc,metaspace  ] GC(2) Metaspace: 29767K->29767K(1077248K)
[2018-11-16T19:21:37.646+0100][gc            ] GC(2) Pause Young (G1 Evacuation Pause) 180M->139M(1024M) 19,030ms
[2018-11-16T19:21:37.646+0100][gc,cpu        ] GC(2) User=0,07s Sys=0,00s Real=0,02s
[2018-11-16T19:48:56.625+0100][gc,start      ] GC(3) Pause Young (G1 Evacuation Pause)
[2018-11-16T19:48:56.625+0100][gc,task       ] GC(3) Using 4 workers of 4 for evacuation
[2018-11-16T19:48:56.632+0100][gc,phases     ] GC(3)   Pre Evacuate Collection Set: 0,0ms
[2018-11-16T19:48:56.632+0100][gc,phases     ] GC(3)   Evacuate Collection Set: 6,9ms
[2018-11-16T19:48:56.632+0100][gc,phases     ] GC(3)   Post Evacuate Collection Set: 0,3ms
[2018-11-16T19:48:56.632+0100][gc,phases     ] GC(3)   Other: 0,4ms
[2018-11-16T19:48:56.632+0100][gc,heap       ] GC(3) Eden regions: 47->0(46)
[2018-11-16T19:48:56.632+0100][gc,heap       ] GC(3) Survivor regions: 4->5(7)
[2018-11-16T19:48:56.632+0100][gc,heap       ] GC(3) Old regions: 6->6
[2018-11-16T19:48:56.632+0100][gc,heap       ] GC(3) Humongous regions: 130->130
[2018-11-16T19:48:56.632+0100][gc,metaspace  ] GC(3) Metaspace: 33435K->33435K(1079296K)
[2018-11-16T19:48:56.632+0100][gc            ] GC(3) Pause Young (G1 Evacuation Pause) 186M->140M(1024M) 7,605ms
[2018-11-16T19:48:56.632+0100][gc,cpu        ] GC(3) User=0,03s Sys=0,00s Real=0,01s
[2018-11-16T20:30:31.624+0100][gc,start      ] GC(4) Pause Young (G1 Evacuation Pause)
[2018-11-16T20:30:31.624+0100][gc,task       ] GC(4) Using 4 workers of 4 for evacuation
[2018-11-16T20:30:31.631+0100][gc,phases     ] GC(4)   Pre Evacuate Collection Set: 0,0ms
[2018-11-16T20:30:31.631+0100][gc,phases     ] GC(4)   Evacuate Collection Set: 6,0ms
[2018-11-16T20:30:31.631+0100][gc,phases     ] GC(4)   Post Evacuate Collection Set: 0,3ms
[2018-11-16T20:30:31.631+0100][gc,phases     ] GC(4)   Other: 0,3ms
[2018-11-16T20:30:31.631+0100][gc,heap       ] GC(4) Eden regions: 46->0(49)
[2018-11-16T20:30:31.631+0100][gc,heap       ] GC(4) Survivor regions: 5->2(7)
[2018-11-16T20:30:31.631+0100][gc,heap       ] GC(4) Old regions: 6->9
[2018-11-16T20:30:31.631+0100][gc,heap       ] GC(4) Humongous regions: 130->130
[2018-11-16T20:30:31.631+0100][gc,metaspace  ] GC(4) Metaspace: 33894K->33894K(1079296K)
[2018-11-16T20:30:31.631+0100][gc            ] GC(4) Pause Young (G1 Evacuation Pause) 186M->140M(1024M) 6,622ms
[2018-11-16T20:30:31.631+0100][gc,cpu        ] GC(4) User=0,02s Sys=0,00s Real=0,01s
