[2018-11-21T15:02:49.024+0100][gc,heap] Heap region size: 1M
[2018-11-21T15:02:49.051+0100][gc     ] Using G1
[2018-11-21T15:02:49.051+0100][gc,heap,coops] Heap address: 0x00000000c0000000, size: 1024 MB, Compressed Oops mode: 32-bit
[2018-11-21T15:02:51.312+0100][gc,start     ] GC(0) Pause Initial Mark (Metadata GC Threshold)
[2018-11-21T15:02:51.312+0100][gc,task      ] GC(0) Using 4 workers of 4 for evacuation
[2018-11-21T15:02:51.318+0100][gc,phases    ] GC(0)   Pre Evacuate Collection Set: 0,0ms
[2018-11-21T15:02:51.318+0100][gc,phases    ] GC(0)   Evacuate Collection Set: 5,1ms
[2018-11-21T15:02:51.318+0100][gc,phases    ] GC(0)   Post Evacuate Collection Set: 0,4ms
[2018-11-21T15:02:51.318+0100][gc,phases    ] GC(0)   Other: 0,3ms
[2018-11-21T15:02:51.318+0100][gc,heap      ] GC(0) Eden regions: 43->0(44)
[2018-11-21T15:02:51.318+0100][gc,heap      ] GC(0) Survivor regions: 0->7(7)
[2018-11-21T15:02:51.318+0100][gc,heap      ] GC(0) Old regions: 0->0
[2018-11-21T15:02:51.318+0100][gc,heap      ] GC(0) Humongous regions: 1->1
[2018-11-21T15:02:51.318+0100][gc,metaspace ] GC(0) Metaspace: 20746K->20746K(1069056K)
[2018-11-21T15:02:51.318+0100][gc           ] GC(0) Pause Initial Mark (Metadata GC Threshold) 44M->7M(1024M) 5,895ms
[2018-11-21T15:02:51.318+0100][gc,cpu       ] GC(0) User=0,02s Sys=0,00s Real=0,00s
[2018-11-21T15:02:51.318+0100][gc           ] GC(1) Concurrent Cycle
[2018-11-21T15:02:51.318+0100][gc,marking   ] GC(1) Concurrent Clear Claimed Marks
[2018-11-21T15:02:51.318+0100][gc,marking   ] GC(1) Concurrent Clear Claimed Marks 0,029ms
[2018-11-21T15:02:51.318+0100][gc,marking   ] GC(1) Concurrent Scan Root Regions
[2018-11-21T15:02:51.321+0100][gc,marking   ] GC(1) Concurrent Scan Root Regions 2,541ms
[2018-11-21T15:02:51.321+0100][gc,marking   ] GC(1) Concurrent Mark (2,303s)
[2018-11-21T15:02:51.321+0100][gc,marking   ] GC(1) Concurrent Mark From Roots
[2018-11-21T15:02:51.321+0100][gc,task      ] GC(1) Using 1 workers of 1 for marking
[2018-11-21T15:02:51.321+0100][gc,marking   ] GC(1) Concurrent Mark From Roots 0,728ms
[2018-11-21T15:02:51.321+0100][gc,marking   ] GC(1) Concurrent Mark (2,303s, 2,304s) 0,751ms
[2018-11-21T15:02:51.322+0100][gc,start     ] GC(1) Pause Remark
[2018-11-21T15:02:51.324+0100][gc,stringtable] GC(1) Cleaned string and symbol table, strings: 8300 processed, 0 removed, symbols: 67230 processed, 43 removed
[2018-11-21T15:02:51.324+0100][gc            ] GC(1) Pause Remark 7M->7M(1024M) 2,420ms
[2018-11-21T15:02:51.324+0100][gc,cpu        ] GC(1) User=0,01s Sys=0,00s Real=0,00s
[2018-11-21T15:02:51.324+0100][gc,marking    ] GC(1) Concurrent Create Live Data
[2018-11-21T15:02:51.324+0100][gc,marking    ] GC(1) Concurrent Create Live Data 0,108ms
[2018-11-21T15:02:51.324+0100][gc,start      ] GC(1) Pause Cleanup
[2018-11-21T15:02:51.326+0100][gc            ] GC(1) Pause Cleanup 7M->7M(1024M) 1,359ms
[2018-11-21T15:02:51.326+0100][gc,cpu        ] GC(1) User=0,00s Sys=0,00s Real=0,00s
[2018-11-21T15:02:51.326+0100][gc,marking    ] GC(1) Concurrent Cleanup for Next Mark
[2018-11-21T15:02:51.332+0100][gc,marking    ] GC(1) Concurrent Cleanup for Next Mark 6,556ms
[2018-11-21T15:02:51.332+0100][gc            ] GC(1) Concurrent Cycle 14,129ms
[2018-11-21T15:02:52.983+0100][gc,start      ] GC(2) Pause Young (G1 Evacuation Pause)
[2018-11-21T15:02:52.984+0100][gc,task       ] GC(2) Using 4 workers of 4 for evacuation
[2018-11-21T15:02:53.012+0100][gc,mmu        ] GC(2) MMU target violated: 21,0ms (20,0ms/21,0ms)
[2018-11-21T15:02:53.012+0100][gc,phases     ] GC(2)   Pre Evacuate Collection Set: 0,0ms
[2018-11-21T15:02:53.012+0100][gc,phases     ] GC(2)   Evacuate Collection Set: 27,0ms
[2018-11-21T15:02:53.012+0100][gc,phases     ] GC(2)   Post Evacuate Collection Set: 0,8ms
[2018-11-21T15:02:53.012+0100][gc,phases     ] GC(2)   Other: 0,6ms
[2018-11-21T15:02:53.012+0100][gc,heap       ] GC(2) Eden regions: 44->0(47)
[2018-11-21T15:02:53.012+0100][gc,heap       ] GC(2) Survivor regions: 7->4(7)
[2018-11-21T15:02:53.012+0100][gc,heap       ] GC(2) Old regions: 0->6
[2018-11-21T15:02:53.012+0100][gc,heap       ] GC(2) Humongous regions: 130->130
[2018-11-21T15:02:53.012+0100][gc,metaspace  ] GC(2) Metaspace: 29757K->29757K(1077248K)
[2018-11-21T15:02:53.012+0100][gc            ] GC(2) Pause Young (G1 Evacuation Pause) 180M->139M(1024M) 28,627ms
[2018-11-21T15:02:53.012+0100][gc,cpu        ] GC(2) User=0,09s Sys=0,01s Real=0,03s
[2018-11-21T15:26:30.561+0100][gc,start      ] GC(3) Pause Young (G1 Evacuation Pause)
[2018-11-21T15:26:30.581+0100][gc,task       ] GC(3) Using 4 workers of 4 for evacuation
[2018-11-21T15:26:30.616+0100][gc,mmu        ] GC(3) MMU target violated: 21,0ms (20,0ms/21,0ms)
[2018-11-21T15:26:30.616+0100][gc,phases     ] GC(3)   Pre Evacuate Collection Set: 8,7ms
[2018-11-21T15:26:30.616+0100][gc,phases     ] GC(3)   Evacuate Collection Set: 19,3ms
[2018-11-21T15:26:30.616+0100][gc,phases     ] GC(3)   Post Evacuate Collection Set: 1,3ms
[2018-11-21T15:26:30.616+0100][gc,phases     ] GC(3)   Other: 37,7ms
[2018-11-21T15:26:30.616+0100][gc,heap       ] GC(3) Eden regions: 47->0(46)
[2018-11-21T15:26:30.616+0100][gc,heap       ] GC(3) Survivor regions: 4->5(7)
[2018-11-21T15:26:30.616+0100][gc,heap       ] GC(3) Old regions: 6->6
[2018-11-21T15:26:30.616+0100][gc,heap       ] GC(3) Humongous regions: 130->130
[2018-11-21T15:26:30.616+0100][gc,metaspace  ] GC(3) Metaspace: 34115K->34115K(1079296K)
[2018-11-21T15:26:30.616+0100][gc            ] GC(3) Pause Young (G1 Evacuation Pause) 186M->140M(1024M) 62,271ms
[2018-11-21T15:26:30.616+0100][gc,cpu        ] GC(3) User=0,05s Sys=0,00s Real=0,06s
[2018-11-21T15:44:07.420+0100][gc,start      ] GC(4) Pause Initial Mark (Metadata GC Threshold)
[2018-11-21T15:44:07.433+0100][gc,task       ] GC(4) Using 4 workers of 4 for evacuation
[2018-11-21T15:44:07.475+0100][gc,mmu        ] GC(4) MMU target violated: 21,0ms (20,0ms/21,0ms)
[2018-11-21T15:44:07.475+0100][gc,phases     ] GC(4)   Pre Evacuate Collection Set: 3,2ms
[2018-11-21T15:44:07.475+0100][gc,phases     ] GC(4)   Evacuate Collection Set: 11,3ms
[2018-11-21T15:44:07.475+0100][gc,phases     ] GC(4)   Post Evacuate Collection Set: 10,4ms
[2018-11-21T15:44:07.481+0100][gc,phases     ] GC(4)   Other: 30,2ms
[2018-11-21T15:44:07.481+0100][gc,heap       ] GC(4) Eden regions: 38->0(48)
[2018-11-21T15:44:07.481+0100][gc,heap       ] GC(4) Survivor regions: 5->3(7)
[2018-11-21T15:44:07.481+0100][gc,heap       ] GC(4) Old regions: 6->10
[2018-11-21T15:44:07.481+0100][gc,heap       ] GC(4) Humongous regions: 130->130
[2018-11-21T15:44:07.481+0100][gc,metaspace  ] GC(4) Metaspace: 34959K->34959K(1081344K)
[2018-11-21T15:44:07.481+0100][gc            ] GC(4) Pause Initial Mark (Metadata GC Threshold) 177M->141M(1024M) 61,204ms
[2018-11-21T15:44:07.481+0100][gc,cpu        ] GC(4) User=0,01s Sys=0,00s Real=0,07s
[2018-11-21T15:44:07.481+0100][gc            ] GC(5) Concurrent Cycle
[2018-11-21T15:44:07.481+0100][gc,marking    ] GC(5) Concurrent Clear Claimed Marks
[2018-11-21T15:44:07.481+0100][gc,marking    ] GC(5) Concurrent Clear Claimed Marks 0,035ms
[2018-11-21T15:44:07.481+0100][gc,marking    ] GC(5) Concurrent Scan Root Regions
[2018-11-21T15:44:07.483+0100][gc,marking    ] GC(5) Concurrent Scan Root Regions 1,631ms
[2018-11-21T15:44:07.483+0100][gc,marking    ] GC(5) Concurrent Mark (2478,465s)
[2018-11-21T15:44:07.483+0100][gc,marking    ] GC(5) Concurrent Mark From Roots
[2018-11-21T15:44:07.483+0100][gc,task       ] GC(5) Using 1 workers of 1 for marking
[2018-11-21T15:44:07.496+0100][gc,marking    ] GC(5) Concurrent Mark From Roots 12,469ms
[2018-11-21T15:44:07.496+0100][gc,marking    ] GC(5) Concurrent Mark (2478,465s, 2478,478s) 12,517ms
[2018-11-21T15:44:07.496+0100][gc,start      ] GC(5) Pause Remark
[2018-11-21T15:44:07.505+0100][gc,stringtable] GC(5) Cleaned string and symbol table, strings: 14517 processed, 297 removed, symbols: 94996 processed, 16 removed
[2018-11-21T15:44:07.506+0100][gc            ] GC(5) Pause Remark 142M->142M(1024M) 9,639ms
[2018-11-21T15:44:07.506+0100][gc,cpu        ] GC(5) User=0,02s Sys=0,00s Real=0,01s
[2018-11-21T15:44:07.506+0100][gc,marking    ] GC(5) Concurrent Create Live Data
[2018-11-21T15:44:07.509+0100][gc,marking    ] GC(5) Concurrent Create Live Data 3,099ms
[2018-11-21T15:44:07.509+0100][gc,start      ] GC(5) Pause Cleanup
[2018-11-21T15:44:07.510+0100][gc            ] GC(5) Pause Cleanup 142M->142M(1024M) 0,691ms
[2018-11-21T15:44:07.510+0100][gc,cpu        ] GC(5) User=0,00s Sys=0,00s Real=0,00s
[2018-11-21T15:44:07.510+0100][gc,marking    ] GC(5) Concurrent Cleanup for Next Mark
[2018-11-21T15:44:07.517+0100][gc,marking    ] GC(5) Concurrent Cleanup for Next Mark 7,684ms
[2018-11-21T15:44:07.517+0100][gc            ] GC(5) Concurrent Cycle 35,956ms
[2018-11-21T15:52:42.146+0100][gc,start      ] GC(6) Pause Young (G1 Evacuation Pause)
[2018-11-21T15:52:42.152+0100][gc,task       ] GC(6) Using 4 workers of 4 for evacuation
[2018-11-21T15:52:42.155+0100][gc,phases     ] GC(6)   Pre Evacuate Collection Set: 0,0ms
[2018-11-21T15:52:42.155+0100][gc,phases     ] GC(6)   Evacuate Collection Set: 3,4ms
[2018-11-21T15:52:42.156+0100][gc,phases     ] GC(6)   Post Evacuate Collection Set: 0,3ms
[2018-11-21T15:52:42.156+0100][gc,phases     ] GC(6)   Other: 5,5ms
[2018-11-21T15:52:42.156+0100][gc,heap       ] GC(6) Eden regions: 48->0(48)
[2018-11-21T15:52:42.156+0100][gc,heap       ] GC(6) Survivor regions: 3->3(7)
[2018-11-21T15:52:42.156+0100][gc,heap       ] GC(6) Old regions: 10->10
[2018-11-21T15:52:42.156+0100][gc,heap       ] GC(6) Humongous regions: 130->130
[2018-11-21T15:52:42.156+0100][gc,metaspace  ] GC(6) Metaspace: 35110K->35110K(1081344K)
[2018-11-21T15:52:42.156+0100][gc            ] GC(6) Pause Young (G1 Evacuation Pause) 189M->141M(1024M) 9,366ms
[2018-11-21T15:52:42.156+0100][gc,cpu        ] GC(6) User=0,01s Sys=0,00s Real=0,01s
[2018-11-21T16:02:27.025+0100][gc,start      ] GC(7) Pause Young (G1 Evacuation Pause)
[2018-11-21T16:02:27.025+0100][gc,task       ] GC(7) Using 4 workers of 4 for evacuation
[2018-11-21T16:02:27.038+0100][gc,phases     ] GC(7)   Pre Evacuate Collection Set: 0,1ms
[2018-11-21T16:02:27.038+0100][gc,phases     ] GC(7)   Evacuate Collection Set: 11,8ms
[2018-11-21T16:02:27.038+0100][gc,phases     ] GC(7)   Post Evacuate Collection Set: 0,5ms
[2018-11-21T16:02:27.038+0100][gc,phases     ] GC(7)   Other: 0,5ms
[2018-11-21T16:02:27.038+0100][gc,heap       ] GC(7) Eden regions: 48->0(48)
[2018-11-21T16:02:27.038+0100][gc,heap       ] GC(7) Survivor regions: 3->3(7)
[2018-11-21T16:02:27.038+0100][gc,heap       ] GC(7) Old regions: 10->10
[2018-11-21T16:02:27.038+0100][gc,heap       ] GC(7) Humongous regions: 130->130
[2018-11-21T16:02:27.038+0100][gc,metaspace  ] GC(7) Metaspace: 35146K->35146K(1081344K)
[2018-11-21T16:02:27.038+0100][gc            ] GC(7) Pause Young (G1 Evacuation Pause) 189M->142M(1024M) 12,988ms
[2018-11-21T16:02:27.038+0100][gc,cpu        ] GC(7) User=0,04s Sys=0,00s Real=0,01s
[2018-11-21T16:10:41.055+0100][gc,start      ] GC(8) Pause Young (G1 Evacuation Pause)
[2018-11-21T16:10:41.062+0100][gc,task       ] GC(8) Using 4 workers of 4 for evacuation
[2018-11-21T16:10:41.069+0100][gc,phases     ] GC(8)   Pre Evacuate Collection Set: 0,0ms
[2018-11-21T16:10:41.069+0100][gc,phases     ] GC(8)   Evacuate Collection Set: 5,8ms
[2018-11-21T16:10:41.069+0100][gc,phases     ] GC(8)   Post Evacuate Collection Set: 1,1ms
[2018-11-21T16:10:41.069+0100][gc,phases     ] GC(8)   Other: 7,4ms
[2018-11-21T16:10:41.069+0100][gc,heap       ] GC(8) Eden regions: 48->0(48)
[2018-11-21T16:10:41.069+0100][gc,heap       ] GC(8) Survivor regions: 3->3(7)
[2018-11-21T16:10:41.069+0100][gc,heap       ] GC(8) Old regions: 10->10
[2018-11-21T16:10:41.069+0100][gc,heap       ] GC(8) Humongous regions: 130->130
[2018-11-21T16:10:41.069+0100][gc,metaspace  ] GC(8) Metaspace: 35270K->35270K(1081344K)
[2018-11-21T16:10:41.069+0100][gc            ] GC(8) Pause Young (G1 Evacuation Pause) 190M->142M(1024M) 14,374ms
[2018-11-21T16:10:41.069+0100][gc,cpu        ] GC(8) User=0,02s Sys=0,01s Real=0,02s
[2018-11-21T16:19:39.285+0100][gc,start      ] GC(9) Pause Young (G1 Evacuation Pause)
[2018-11-21T16:19:39.301+0100][gc,task       ] GC(9) Using 4 workers of 4 for evacuation
[2018-11-21T16:19:39.314+0100][gc,phases     ] GC(9)   Pre Evacuate Collection Set: 0,1ms
[2018-11-21T16:19:39.314+0100][gc,phases     ] GC(9)   Evacuate Collection Set: 11,8ms
[2018-11-21T16:19:39.314+0100][gc,phases     ] GC(9)   Post Evacuate Collection Set: 0,6ms
[2018-11-21T16:19:39.314+0100][gc,phases     ] GC(9)   Other: 16,7ms
[2018-11-21T16:19:39.314+0100][gc,heap       ] GC(9) Eden regions: 48->0(47)
[2018-11-21T16:19:39.314+0100][gc,heap       ] GC(9) Survivor regions: 3->4(7)
[2018-11-21T16:19:39.314+0100][gc,heap       ] GC(9) Old regions: 10->10
[2018-11-21T16:19:39.314+0100][gc,heap       ] GC(9) Humongous regions: 130->130
[2018-11-21T16:19:39.314+0100][gc,metaspace  ] GC(9) Metaspace: 35290K->35290K(1081344K)
[2018-11-21T16:19:39.314+0100][gc            ] GC(9) Pause Young (G1 Evacuation Pause) 190M->142M(1024M) 29,312ms
[2018-11-21T16:19:39.314+0100][gc,cpu        ] GC(9) User=0,04s Sys=0,00s Real=0,03s
[2018-11-21T16:28:32.800+0100][gc,start      ] GC(10) Pause Young (G1 Evacuation Pause)
[2018-11-21T16:28:32.821+0100][gc,task       ] GC(10) Using 4 workers of 4 for evacuation
[2018-11-21T16:28:32.825+0100][gc,phases     ] GC(10)   Pre Evacuate Collection Set: 0,0ms
[2018-11-21T16:28:32.825+0100][gc,phases     ] GC(10)   Evacuate Collection Set: 3,3ms
[2018-11-21T16:28:32.825+0100][gc,phases     ] GC(10)   Post Evacuate Collection Set: 0,3ms
[2018-11-21T16:28:32.825+0100][gc,phases     ] GC(10)   Other: 21,7ms
[2018-11-21T16:28:32.825+0100][gc,heap       ] GC(10) Eden regions: 47->0(47)
[2018-11-21T16:28:32.825+0100][gc,heap       ] GC(10) Survivor regions: 4->4(7)
[2018-11-21T16:28:32.825+0100][gc,heap       ] GC(10) Old regions: 10->10
[2018-11-21T16:28:32.825+0100][gc,heap       ] GC(10) Humongous regions: 130->130
[2018-11-21T16:28:32.825+0100][gc,metaspace  ] GC(10) Metaspace: 35310K->35310K(1081344K)
[2018-11-21T16:28:32.825+0100][gc            ] GC(10) Pause Young (G1 Evacuation Pause) 189M->142M(1024M) 25,460ms
[2018-11-21T16:28:32.825+0100][gc,cpu        ] GC(10) User=0,01s Sys=0,00s Real=0,03s
[2018-11-21T16:37:21.120+0100][gc,start      ] GC(11) Pause Young (G1 Evacuation Pause)
[2018-11-21T16:37:21.120+0100][gc,task       ] GC(11) Using 4 workers of 4 for evacuation
[2018-11-21T16:37:21.124+0100][gc,phases     ] GC(11)   Pre Evacuate Collection Set: 0,0ms
[2018-11-21T16:37:21.124+0100][gc,phases     ] GC(11)   Evacuate Collection Set: 3,4ms
[2018-11-21T16:37:21.124+0100][gc,phases     ] GC(11)   Post Evacuate Collection Set: 0,3ms
[2018-11-21T16:37:21.124+0100][gc,phases     ] GC(11)   Other: 0,2ms
[2018-11-21T16:37:21.124+0100][gc,heap       ] GC(11) Eden regions: 47->0(56)
[2018-11-21T16:37:21.124+0100][gc,heap       ] GC(11) Survivor regions: 4->4(7)
[2018-11-21T16:37:21.124+0100][gc,heap       ] GC(11) Old regions: 10->10
[2018-11-21T16:37:21.124+0100][gc,heap       ] GC(11) Humongous regions: 130->130
[2018-11-21T16:37:21.124+0100][gc,metaspace  ] GC(11) Metaspace: 35322K->35322K(1081344K)
[2018-11-21T16:37:21.124+0100][gc            ] GC(11) Pause Young (G1 Evacuation Pause) 189M->142M(1024M) 4,035ms
[2018-11-21T16:37:21.124+0100][gc,cpu        ] GC(11) User=0,02s Sys=0,00s Real=0,01s
[2018-11-21T16:47:47.730+0100][gc,start      ] GC(12) Pause Young (G1 Evacuation Pause)
[2018-11-21T16:47:47.763+0100][gc,task       ] GC(12) Using 4 workers of 4 for evacuation
[2018-11-21T16:47:47.805+0100][gc,phases     ] GC(12)   Pre Evacuate Collection Set: 0,7ms
[2018-11-21T16:47:47.805+0100][gc,phases     ] GC(12)   Evacuate Collection Set: 9,1ms
[2018-11-21T16:47:47.805+0100][gc,phases     ] GC(12)   Post Evacuate Collection Set: 9,7ms
[2018-11-21T16:47:47.805+0100][gc,phases     ] GC(12)   Other: 75,4ms
[2018-11-21T16:47:47.805+0100][gc,heap       ] GC(12) Eden regions: 56->0(76)
[2018-11-21T16:47:47.805+0100][gc,heap       ] GC(12) Survivor regions: 4->4(8)
[2018-11-21T16:47:47.805+0100][gc,heap       ] GC(12) Old regions: 10->10
[2018-11-21T16:47:47.805+0100][gc,heap       ] GC(12) Humongous regions: 130->130
[2018-11-21T16:47:47.806+0100][gc,metaspace  ] GC(12) Metaspace: 35333K->35333K(1081344K)
[2018-11-21T16:47:47.806+0100][gc            ] GC(12) Pause Young (G1 Evacuation Pause) 198M->142M(1024M) 75,770ms
[2018-11-21T16:47:47.806+0100][gc,cpu        ] GC(12) User=0,04s Sys=0,00s Real=0,07s
[2018-11-21T17:01:51.419+0100][gc,start      ] GC(13) Pause Young (G1 Evacuation Pause)
[2018-11-21T17:01:51.431+0100][gc,task       ] GC(13) Using 4 workers of 4 for evacuation
[2018-11-21T17:01:51.469+0100][gc,phases     ] GC(13)   Pre Evacuate Collection Set: 0,3ms
[2018-11-21T17:01:51.469+0100][gc,phases     ] GC(13)   Evacuate Collection Set: 15,7ms
[2018-11-21T17:01:51.469+0100][gc,phases     ] GC(13)   Post Evacuate Collection Set: 1,3ms
[2018-11-21T17:01:51.469+0100][gc,phases     ] GC(13)   Other: 40,8ms
[2018-11-21T17:01:51.474+0100][gc,heap       ] GC(13) Eden regions: 76->0(127)
[2018-11-21T17:01:51.474+0100][gc,heap       ] GC(13) Survivor regions: 4->4(10)
[2018-11-21T17:01:51.474+0100][gc,heap       ] GC(13) Old regions: 10->10
[2018-11-21T17:01:51.474+0100][gc,heap       ] GC(13) Humongous regions: 130->130
[2018-11-21T17:01:51.474+0100][gc,metaspace  ] GC(13) Metaspace: 35369K->35369K(1081344K)
[2018-11-21T17:01:51.474+0100][gc            ] GC(13) Pause Young (G1 Evacuation Pause) 218M->142M(1024M) 54,803ms
[2018-11-21T17:01:51.474+0100][gc,cpu        ] GC(13) User=0,04s Sys=0,02s Real=0,06s
[2018-11-21T17:28:42.800+0100][gc,start      ] GC(14) Pause Young (G1 Evacuation Pause)
[2018-11-21T17:28:42.823+0100][gc,task       ] GC(14) Using 4 workers of 4 for evacuation
[2018-11-21T17:28:42.839+0100][gc,phases     ] GC(14)   Pre Evacuate Collection Set: 0,0ms
[2018-11-21T17:28:42.839+0100][gc,phases     ] GC(14)   Evacuate Collection Set: 14,1ms
[2018-11-21T17:28:42.839+0100][gc,phases     ] GC(14)   Post Evacuate Collection Set: 0,8ms
[2018-11-21T17:28:42.839+0100][gc,phases     ] GC(14)   Other: 23,8ms
[2018-11-21T17:28:42.839+0100][gc,heap       ] GC(14) Eden regions: 127->0(293)
[2018-11-21T17:28:42.839+0100][gc,heap       ] GC(14) Survivor regions: 4->4(17)
[2018-11-21T17:28:42.839+0100][gc,heap       ] GC(14) Old regions: 10->10
[2018-11-21T17:28:42.839+0100][gc,heap       ] GC(14) Humongous regions: 130->130
[2018-11-21T17:28:42.839+0100][gc,metaspace  ] GC(14) Metaspace: 35420K->35420K(1081344K)
[2018-11-21T17:28:42.840+0100][gc            ] GC(14) Pause Young (G1 Evacuation Pause) 269M->142M(1024M) 39,790ms
[2018-11-21T17:28:42.840+0100][gc,cpu        ] GC(14) User=0,01s Sys=0,00s Real=0,04s
