[2018-11-15T17:30:24.884+0100][gc,heap] Heap region size: 1M
[2018-11-15T17:30:24.893+0100][gc     ] Using G1
[2018-11-15T17:30:24.893+0100][gc,heap,coops] Heap address: 0x00000000c0000000, size: 1024 MB, Compressed Oops mode: 32-bit
[2018-11-15T17:30:27.113+0100][gc,start     ] GC(0) Pause Initial Mark (Metadata GC Threshold)
[2018-11-15T17:30:27.113+0100][gc,task      ] GC(0) Using 4 workers of 4 for evacuation
[2018-11-15T17:30:27.118+0100][gc,phases    ] GC(0)   Pre Evacuate Collection Set: 0,0ms
[2018-11-15T17:30:27.118+0100][gc,phases    ] GC(0)   Evacuate Collection Set: 4,7ms
[2018-11-15T17:30:27.118+0100][gc,phases    ] GC(0)   Post Evacuate Collection Set: 0,3ms
[2018-11-15T17:30:27.118+0100][gc,phases    ] GC(0)   Other: 0,3ms
[2018-11-15T17:30:27.118+0100][gc,heap      ] GC(0) Eden regions: 43->0(45)
[2018-11-15T17:30:27.118+0100][gc,heap      ] GC(0) Survivor regions: 0->6(7)
[2018-11-15T17:30:27.118+0100][gc,heap      ] GC(0) Old regions: 0->0
[2018-11-15T17:30:27.118+0100][gc,heap      ] GC(0) Humongous regions: 1->1
[2018-11-15T17:30:27.118+0100][gc,metaspace ] GC(0) Metaspace: 20661K->20661K(1069056K)
[2018-11-15T17:30:27.118+0100][gc           ] GC(0) Pause Initial Mark (Metadata GC Threshold) 44M->6M(1024M) 5,428ms
[2018-11-15T17:30:27.118+0100][gc,cpu       ] GC(0) User=0,02s Sys=0,00s Real=0,00s
[2018-11-15T17:30:27.119+0100][gc           ] GC(1) Concurrent Cycle
[2018-11-15T17:30:27.119+0100][gc,marking   ] GC(1) Concurrent Clear Claimed Marks
[2018-11-15T17:30:27.119+0100][gc,marking   ] GC(1) Concurrent Clear Claimed Marks 0,029ms
[2018-11-15T17:30:27.119+0100][gc,marking   ] GC(1) Concurrent Scan Root Regions
[2018-11-15T17:30:27.121+0100][gc,marking   ] GC(1) Concurrent Scan Root Regions 2,564ms
[2018-11-15T17:30:27.121+0100][gc,marking   ] GC(1) Concurrent Mark (2,239s)
[2018-11-15T17:30:27.121+0100][gc,marking   ] GC(1) Concurrent Mark From Roots
[2018-11-15T17:30:27.121+0100][gc,task      ] GC(1) Using 1 workers of 1 for marking
[2018-11-15T17:30:27.122+0100][gc,marking   ] GC(1) Concurrent Mark From Roots 0,671ms
[2018-11-15T17:30:27.122+0100][gc,marking   ] GC(1) Concurrent Mark (2,239s, 2,240s) 0,694ms
[2018-11-15T17:30:27.122+0100][gc,start     ] GC(1) Pause Remark
[2018-11-15T17:30:27.124+0100][gc,stringtable] GC(1) Cleaned string and symbol table, strings: 8283 processed, 0 removed, symbols: 67101 processed, 35 removed
[2018-11-15T17:30:27.124+0100][gc            ] GC(1) Pause Remark 7M->7M(1024M) 1,975ms
[2018-11-15T17:30:27.124+0100][gc,cpu        ] GC(1) User=0,01s Sys=0,00s Real=0,00s
[2018-11-15T17:30:27.124+0100][gc,marking    ] GC(1) Concurrent Create Live Data
[2018-11-15T17:30:27.124+0100][gc,marking    ] GC(1) Concurrent Create Live Data 0,141ms
[2018-11-15T17:30:27.124+0100][gc,start      ] GC(1) Pause Cleanup
[2018-11-15T17:30:27.125+0100][gc            ] GC(1) Pause Cleanup 7M->7M(1024M) 0,605ms
[2018-11-15T17:30:27.125+0100][gc,cpu        ] GC(1) User=0,00s Sys=0,00s Real=0,00s
[2018-11-15T17:30:27.125+0100][gc,marking    ] GC(1) Concurrent Cleanup for Next Mark
[2018-11-15T17:30:27.131+0100][gc,marking    ] GC(1) Concurrent Cleanup for Next Mark 6,505ms
[2018-11-15T17:30:27.131+0100][gc            ] GC(1) Concurrent Cycle 12,931ms
[2018-11-15T17:30:28.658+0100][gc,start      ] GC(2) Pause Young (G1 Evacuation Pause)
[2018-11-15T17:30:28.658+0100][gc,task       ] GC(2) Using 4 workers of 4 for evacuation
[2018-11-15T17:30:28.672+0100][gc,phases     ] GC(2)   Pre Evacuate Collection Set: 0,0ms
[2018-11-15T17:30:28.672+0100][gc,phases     ] GC(2)   Evacuate Collection Set: 13,6ms
[2018-11-15T17:30:28.672+0100][gc,phases     ] GC(2)   Post Evacuate Collection Set: 0,6ms
[2018-11-15T17:30:28.672+0100][gc,phases     ] GC(2)   Other: 0,2ms
[2018-11-15T17:30:28.672+0100][gc,heap       ] GC(2) Eden regions: 45->0(47)
[2018-11-15T17:30:28.672+0100][gc,heap       ] GC(2) Survivor regions: 6->4(7)
[2018-11-15T17:30:28.672+0100][gc,heap       ] GC(2) Old regions: 0->7
[2018-11-15T17:30:28.672+0100][gc,heap       ] GC(2) Humongous regions: 130->130
[2018-11-15T17:30:28.672+0100][gc,metaspace  ] GC(2) Metaspace: 29884K->29884K(1077248K)
[2018-11-15T17:30:28.672+0100][gc            ] GC(2) Pause Young (G1 Evacuation Pause) 180M->140M(1024M) 14,477ms
[2018-11-15T17:30:28.672+0100][gc,cpu        ] GC(2) User=0,04s Sys=0,01s Real=0,02s
[2018-11-15T17:49:12.794+0100][gc,start      ] GC(3) Pause Young (G1 Evacuation Pause)
[2018-11-15T17:49:12.794+0100][gc,task       ] GC(3) Using 4 workers of 4 for evacuation
[2018-11-15T17:49:12.810+0100][gc,phases     ] GC(3)   Pre Evacuate Collection Set: 0,0ms
[2018-11-15T17:49:12.810+0100][gc,phases     ] GC(3)   Evacuate Collection Set: 15,3ms
[2018-11-15T17:49:12.810+0100][gc,phases     ] GC(3)   Post Evacuate Collection Set: 0,6ms
[2018-11-15T17:49:12.810+0100][gc,phases     ] GC(3)   Other: 0,4ms
[2018-11-15T17:49:12.810+0100][gc,heap       ] GC(3) Eden regions: 47->0(46)
[2018-11-15T17:49:12.810+0100][gc,heap       ] GC(3) Survivor regions: 4->5(7)
[2018-11-15T17:49:12.810+0100][gc,heap       ] GC(3) Old regions: 7->7
[2018-11-15T17:49:12.810+0100][gc,heap       ] GC(3) Humongous regions: 130->130
[2018-11-15T17:49:12.810+0100][gc,metaspace  ] GC(3) Metaspace: 34376K->34376K(1081344K)
[2018-11-15T17:49:12.811+0100][gc            ] GC(3) Pause Young (G1 Evacuation Pause) 187M->140M(1024M) 16,614ms
[2018-11-15T17:49:12.811+0100][gc,cpu        ] GC(3) User=0,05s Sys=0,01s Real=0,01s
[2018-11-15T17:52:43.418+0100][gc,start      ] GC(4) Pause Initial Mark (Metadata GC Threshold)
[2018-11-15T17:52:43.418+0100][gc,task       ] GC(4) Using 4 workers of 4 for evacuation
[2018-11-15T17:52:43.427+0100][gc,phases     ] GC(4)   Pre Evacuate Collection Set: 0,0ms
[2018-11-15T17:52:43.427+0100][gc,phases     ] GC(4)   Evacuate Collection Set: 8,0ms
[2018-11-15T17:52:43.427+0100][gc,phases     ] GC(4)   Post Evacuate Collection Set: 0,5ms
[2018-11-15T17:52:43.427+0100][gc,phases     ] GC(4)   Other: 0,3ms
[2018-11-15T17:52:43.427+0100][gc,heap       ] GC(4) Eden regions: 14->0(49)
[2018-11-15T17:52:43.427+0100][gc,heap       ] GC(4) Survivor regions: 5->2(7)
[2018-11-15T17:52:43.427+0100][gc,heap       ] GC(4) Old regions: 7->10
[2018-11-15T17:52:43.427+0100][gc,heap       ] GC(4) Humongous regions: 130->130
[2018-11-15T17:52:43.427+0100][gc,metaspace  ] GC(4) Metaspace: 34861K->34861K(1081344K)
[2018-11-15T17:52:43.427+0100][gc            ] GC(4) Pause Initial Mark (Metadata GC Threshold) 154M->141M(1024M) 9,078ms
[2018-11-15T17:52:43.427+0100][gc,cpu        ] GC(4) User=0,02s Sys=0,00s Real=0,01s
[2018-11-15T17:52:43.427+0100][gc            ] GC(5) Concurrent Cycle
[2018-11-15T17:52:43.427+0100][gc,marking    ] GC(5) Concurrent Clear Claimed Marks
[2018-11-15T17:52:43.427+0100][gc,marking    ] GC(5) Concurrent Clear Claimed Marks 0,064ms
[2018-11-15T17:52:43.427+0100][gc,marking    ] GC(5) Concurrent Scan Root Regions
[2018-11-15T17:52:43.429+0100][gc,marking    ] GC(5) Concurrent Scan Root Regions 1,842ms
[2018-11-15T17:52:43.429+0100][gc,marking    ] GC(5) Concurrent Mark (1338,547s)
[2018-11-15T17:52:43.429+0100][gc,marking    ] GC(5) Concurrent Mark From Roots
[2018-11-15T17:52:43.429+0100][gc,task       ] GC(5) Using 1 workers of 1 for marking
[2018-11-15T17:52:43.446+0100][gc,marking    ] GC(5) Concurrent Mark From Roots 16,520ms
[2018-11-15T17:52:43.446+0100][gc,marking    ] GC(5) Concurrent Mark (1338,547s, 1338,564s) 16,564ms
[2018-11-15T17:52:43.446+0100][gc,start      ] GC(5) Pause Remark
[2018-11-15T17:52:43.458+0100][gc,stringtable] GC(5) Cleaned string and symbol table, strings: 14431 processed, 296 removed, symbols: 94596 processed, 16 removed
[2018-11-15T17:52:43.458+0100][gc            ] GC(5) Pause Remark 141M->141M(1024M) 12,431ms
[2018-11-15T17:52:43.458+0100][gc,cpu        ] GC(5) User=0,02s Sys=0,00s Real=0,01s
[2018-11-15T17:52:43.459+0100][gc,marking    ] GC(5) Concurrent Create Live Data
[2018-11-15T17:52:43.462+0100][gc,marking    ] GC(5) Concurrent Create Live Data 2,788ms
[2018-11-15T17:52:43.462+0100][gc,start      ] GC(5) Pause Cleanup
[2018-11-15T17:52:43.463+0100][gc            ] GC(5) Pause Cleanup 141M->141M(1024M) 0,637ms
[2018-11-15T17:52:43.463+0100][gc,cpu        ] GC(5) User=0,00s Sys=0,00s Real=0,00s
[2018-11-15T17:52:43.463+0100][gc,marking    ] GC(5) Concurrent Cleanup for Next Mark
[2018-11-15T17:52:43.469+0100][gc,marking    ] GC(5) Concurrent Cleanup for Next Mark 6,681ms
[2018-11-15T17:52:43.469+0100][gc            ] GC(5) Concurrent Cycle 42,006ms
[2018-11-15T18:13:40.096+0100][gc,start      ] GC(6) Pause Young (G1 Evacuation Pause)
[2018-11-15T18:13:40.096+0100][gc,task       ] GC(6) Using 4 workers of 4 for evacuation
[2018-11-15T18:13:40.103+0100][gc,phases     ] GC(6)   Pre Evacuate Collection Set: 0,0ms
[2018-11-15T18:13:40.103+0100][gc,phases     ] GC(6)   Evacuate Collection Set: 6,2ms
[2018-11-15T18:13:40.103+0100][gc,phases     ] GC(6)   Post Evacuate Collection Set: 0,3ms
[2018-11-15T18:13:40.103+0100][gc,phases     ] GC(6)   Other: 0,4ms
[2018-11-15T18:13:40.103+0100][gc,heap       ] GC(6) Eden regions: 49->0(49)
[2018-11-15T18:13:40.103+0100][gc,heap       ] GC(6) Survivor regions: 2->2(7)
[2018-11-15T18:13:40.103+0100][gc,heap       ] GC(6) Old regions: 10->10
[2018-11-15T18:13:40.103+0100][gc,heap       ] GC(6) Humongous regions: 130->130
[2018-11-15T18:13:40.103+0100][gc,metaspace  ] GC(6) Metaspace: 35009K->35009K(1081344K)
[2018-11-15T18:13:40.103+0100][gc            ] GC(6) Pause Young (G1 Evacuation Pause) 190M->141M(1024M) 6,913ms
[2018-11-15T18:13:40.103+0100][gc,cpu        ] GC(6) User=0,02s Sys=0,00s Real=0,01s
[2018-11-15T18:34:42.904+0100][gc,start      ] GC(7) Pause Young (G1 Evacuation Pause)
[2018-11-15T18:34:42.904+0100][gc,task       ] GC(7) Using 4 workers of 4 for evacuation
[2018-11-15T18:34:42.909+0100][gc,phases     ] GC(7)   Pre Evacuate Collection Set: 0,0ms
[2018-11-15T18:34:42.909+0100][gc,phases     ] GC(7)   Evacuate Collection Set: 4,4ms
[2018-11-15T18:34:42.909+0100][gc,phases     ] GC(7)   Post Evacuate Collection Set: 0,4ms
[2018-11-15T18:34:42.909+0100][gc,phases     ] GC(7)   Other: 0,2ms
[2018-11-15T18:34:42.909+0100][gc,heap       ] GC(7) Eden regions: 49->0(48)
[2018-11-15T18:34:42.909+0100][gc,heap       ] GC(7) Survivor regions: 2->3(7)
[2018-11-15T18:34:42.909+0100][gc,heap       ] GC(7) Old regions: 10->10
[2018-11-15T18:34:42.909+0100][gc,heap       ] GC(7) Humongous regions: 130->130
[2018-11-15T18:34:42.909+0100][gc,metaspace  ] GC(7) Metaspace: 35631K->35631K(1081344K)
[2018-11-15T18:34:42.909+0100][gc            ] GC(7) Pause Young (G1 Evacuation Pause) 190M->141M(1024M) 5,107ms
[2018-11-15T18:34:42.909+0100][gc,cpu        ] GC(7) User=0,02s Sys=0,00s Real=0,00s
[2018-11-15T18:42:49.352+0100][gc,start      ] GC(8) Pause Young (G1 Evacuation Pause)
[2018-11-15T18:42:49.352+0100][gc,task       ] GC(8) Using 4 workers of 4 for evacuation
[2018-11-15T18:42:49.368+0100][gc,phases     ] GC(8)   Pre Evacuate Collection Set: 0,0ms
[2018-11-15T18:42:49.368+0100][gc,phases     ] GC(8)   Evacuate Collection Set: 15,0ms
[2018-11-15T18:42:49.368+0100][gc,phases     ] GC(8)   Post Evacuate Collection Set: 0,5ms
[2018-11-15T18:42:49.368+0100][gc,phases     ] GC(8)   Other: 0,3ms
[2018-11-15T18:42:49.368+0100][gc,heap       ] GC(8) Eden regions: 48->0(47)
[2018-11-15T18:42:49.368+0100][gc,heap       ] GC(8) Survivor regions: 3->4(7)
[2018-11-15T18:42:49.368+0100][gc,heap       ] GC(8) Old regions: 10->10
[2018-11-15T18:42:49.368+0100][gc,heap       ] GC(8) Humongous regions: 130->130
[2018-11-15T18:42:49.368+0100][gc,metaspace  ] GC(8) Metaspace: 35846K->35846K(1081344K)
[2018-11-15T18:42:49.368+0100][gc            ] GC(8) Pause Young (G1 Evacuation Pause) 189M->142M(1024M) 15,969ms
[2018-11-15T18:42:49.368+0100][gc,cpu        ] GC(8) User=0,03s Sys=0,00s Real=0,01s
[2018-11-15T18:50:53.672+0100][gc,start      ] GC(9) Pause Young (G1 Evacuation Pause)
[2018-11-15T18:50:53.672+0100][gc,task       ] GC(9) Using 4 workers of 4 for evacuation
[2018-11-15T18:50:53.682+0100][gc,phases     ] GC(9)   Pre Evacuate Collection Set: 0,0ms
[2018-11-15T18:50:53.682+0100][gc,phases     ] GC(9)   Evacuate Collection Set: 9,6ms
[2018-11-15T18:50:53.682+0100][gc,phases     ] GC(9)   Post Evacuate Collection Set: 0,5ms
[2018-11-15T18:50:53.682+0100][gc,phases     ] GC(9)   Other: 0,4ms
[2018-11-15T18:50:53.682+0100][gc,heap       ] GC(9) Eden regions: 47->0(47)
[2018-11-15T18:50:53.682+0100][gc,heap       ] GC(9) Survivor regions: 4->4(7)
[2018-11-15T18:50:53.682+0100][gc,heap       ] GC(9) Old regions: 10->10
[2018-11-15T18:50:53.682+0100][gc,heap       ] GC(9) Humongous regions: 130->130
[2018-11-15T18:50:53.682+0100][gc,metaspace  ] GC(9) Metaspace: 35887K->35887K(1081344K)
[2018-11-15T18:50:53.682+0100][gc            ] GC(9) Pause Young (G1 Evacuation Pause) 189M->142M(1024M) 10,776ms
[2018-11-15T18:50:53.682+0100][gc,cpu        ] GC(9) User=0,04s Sys=0,00s Real=0,01s
