[2018-12-14T17:10:51.337+0100][gc,heap] Heap region size: 1M
[2018-12-14T17:10:51.346+0100][gc     ] Using G1
[2018-12-14T17:10:51.346+0100][gc,heap,coops] Heap address: 0x00000000c0000000, size: 1024 MB, Compressed Oops mode: 32-bit
[2018-12-14T17:10:53.515+0100][gc,start     ] GC(0) Pause Initial Mark (Metadata GC Threshold)
[2018-12-14T17:10:53.515+0100][gc,task      ] GC(0) Using 4 workers of 4 for evacuation
[2018-12-14T17:10:53.520+0100][gc,phases    ] GC(0)   Pre Evacuate Collection Set: 0,0ms
[2018-12-14T17:10:53.520+0100][gc,phases    ] GC(0)   Evacuate Collection Set: 4,5ms
[2018-12-14T17:10:53.520+0100][gc,phases    ] GC(0)   Post Evacuate Collection Set: 0,3ms
[2018-12-14T17:10:53.520+0100][gc,phases    ] GC(0)   Other: 0,2ms
[2018-12-14T17:10:53.520+0100][gc,heap      ] GC(0) Eden regions: 43->0(45)
[2018-12-14T17:10:53.520+0100][gc,heap      ] GC(0) Survivor regions: 0->6(7)
[2018-12-14T17:10:53.520+0100][gc,heap      ] GC(0) Old regions: 0->0
[2018-12-14T17:10:53.520+0100][gc,heap      ] GC(0) Humongous regions: 1->1
[2018-12-14T17:10:53.520+0100][gc,metaspace ] GC(0) Metaspace: 20741K->20741K(1069056K)
[2018-12-14T17:10:53.520+0100][gc           ] GC(0) Pause Initial Mark (Metadata GC Threshold) 44M->6M(1024M) 5,095ms
[2018-12-14T17:10:53.520+0100][gc,cpu       ] GC(0) User=0,02s Sys=0,01s Real=0,00s
[2018-12-14T17:10:53.520+0100][gc           ] GC(1) Concurrent Cycle
[2018-12-14T17:10:53.520+0100][gc,marking   ] GC(1) Concurrent Clear Claimed Marks
[2018-12-14T17:10:53.520+0100][gc,marking   ] GC(1) Concurrent Clear Claimed Marks 0,028ms
[2018-12-14T17:10:53.520+0100][gc,marking   ] GC(1) Concurrent Scan Root Regions
[2018-12-14T17:10:53.523+0100][gc,marking   ] GC(1) Concurrent Scan Root Regions 2,491ms
[2018-12-14T17:10:53.523+0100][gc,marking   ] GC(1) Concurrent Mark (2,188s)
[2018-12-14T17:10:53.523+0100][gc,marking   ] GC(1) Concurrent Mark From Roots
[2018-12-14T17:10:53.523+0100][gc,task      ] GC(1) Using 1 workers of 1 for marking
[2018-12-14T17:10:53.523+0100][gc,marking   ] GC(1) Concurrent Mark From Roots 0,676ms
[2018-12-14T17:10:53.523+0100][gc,marking   ] GC(1) Concurrent Mark (2,188s, 2,189s) 0,698ms
[2018-12-14T17:10:53.523+0100][gc,start     ] GC(1) Pause Remark
[2018-12-14T17:10:53.527+0100][gc,stringtable] GC(1) Cleaned string and symbol table, strings: 8313 processed, 0 removed, symbols: 67230 processed, 43 removed
[2018-12-14T17:10:53.527+0100][gc            ] GC(1) Pause Remark 7M->7M(1024M) 3,267ms
[2018-12-14T17:10:53.527+0100][gc,cpu        ] GC(1) User=0,01s Sys=0,00s Real=0,01s
[2018-12-14T17:10:53.527+0100][gc,marking    ] GC(1) Concurrent Create Live Data
[2018-12-14T17:10:53.527+0100][gc,marking    ] GC(1) Concurrent Create Live Data 0,162ms
[2018-12-14T17:10:53.527+0100][gc,start      ] GC(1) Pause Cleanup
[2018-12-14T17:10:53.527+0100][gc            ] GC(1) Pause Cleanup 7M->7M(1024M) 0,442ms
[2018-12-14T17:10:53.527+0100][gc,cpu        ] GC(1) User=0,00s Sys=0,00s Real=0,00s
[2018-12-14T17:10:53.527+0100][gc,marking    ] GC(1) Concurrent Cleanup for Next Mark
[2018-12-14T17:10:53.534+0100][gc,marking    ] GC(1) Concurrent Cleanup for Next Mark 6,777ms
[2018-12-14T17:10:53.534+0100][gc            ] GC(1) Concurrent Cycle 14,202ms
[2018-12-14T17:10:54.914+0100][gc,start      ] GC(2) Pause Young (G1 Evacuation Pause)
[2018-12-14T17:10:54.914+0100][gc,task       ] GC(2) Using 4 workers of 4 for evacuation
[2018-12-14T17:10:54.927+0100][gc,phases     ] GC(2)   Pre Evacuate Collection Set: 0,0ms
[2018-12-14T17:10:54.927+0100][gc,phases     ] GC(2)   Evacuate Collection Set: 12,3ms
[2018-12-14T17:10:54.927+0100][gc,phases     ] GC(2)   Post Evacuate Collection Set: 0,3ms
[2018-12-14T17:10:54.927+0100][gc,phases     ] GC(2)   Other: 0,2ms
[2018-12-14T17:10:54.927+0100][gc,heap       ] GC(2) Eden regions: 45->0(47)
[2018-12-14T17:10:54.927+0100][gc,heap       ] GC(2) Survivor regions: 6->4(7)
[2018-12-14T17:10:54.927+0100][gc,heap       ] GC(2) Old regions: 0->6
[2018-12-14T17:10:54.927+0100][gc,heap       ] GC(2) Humongous regions: 130->130
[2018-12-14T17:10:54.927+0100][gc,metaspace  ] GC(2) Metaspace: 29926K->29926K(1077248K)
[2018-12-14T17:10:54.927+0100][gc            ] GC(2) Pause Young (G1 Evacuation Pause) 180M->139M(1024M) 12,865ms
[2018-12-14T17:10:54.927+0100][gc,cpu        ] GC(2) User=0,03s Sys=0,01s Real=0,01s
[2018-12-14T17:29:03.510+0100][gc,start      ] GC(3) Pause Young (G1 Evacuation Pause)
[2018-12-14T17:29:03.510+0100][gc,task       ] GC(3) Using 4 workers of 4 for evacuation
[2018-12-14T17:29:03.530+0100][gc,phases     ] GC(3)   Pre Evacuate Collection Set: 0,0ms
[2018-12-14T17:29:03.530+0100][gc,phases     ] GC(3)   Evacuate Collection Set: 18,4ms
[2018-12-14T17:29:03.530+0100][gc,phases     ] GC(3)   Post Evacuate Collection Set: 0,7ms
[2018-12-14T17:29:03.530+0100][gc,phases     ] GC(3)   Other: 0,5ms
[2018-12-14T17:29:03.530+0100][gc,heap       ] GC(3) Eden regions: 47->0(45)
[2018-12-14T17:29:03.530+0100][gc,heap       ] GC(3) Survivor regions: 4->6(7)
[2018-12-14T17:29:03.530+0100][gc,heap       ] GC(3) Old regions: 6->6
[2018-12-14T17:29:03.530+0100][gc,heap       ] GC(3) Humongous regions: 130->130
[2018-12-14T17:29:03.530+0100][gc,metaspace  ] GC(3) Metaspace: 34611K->34611K(1081344K)
[2018-12-14T17:29:03.530+0100][gc            ] GC(3) Pause Young (G1 Evacuation Pause) 186M->141M(1024M) 19,823ms
[2018-12-14T17:29:03.530+0100][gc,cpu        ] GC(3) User=0,04s Sys=0,00s Real=0,02s
[2018-12-14T17:34:18.983+0100][gc,start      ] GC(4) Pause Initial Mark (Metadata GC Threshold)
[2018-12-14T17:34:18.983+0100][gc,task       ] GC(4) Using 4 workers of 4 for evacuation
[2018-12-14T17:34:18.993+0100][gc,phases     ] GC(4)   Pre Evacuate Collection Set: 0,1ms
[2018-12-14T17:34:18.993+0100][gc,phases     ] GC(4)   Evacuate Collection Set: 8,9ms
[2018-12-14T17:34:18.993+0100][gc,phases     ] GC(4)   Post Evacuate Collection Set: 0,4ms
[2018-12-14T17:34:18.993+0100][gc,phases     ] GC(4)   Other: 0,5ms
[2018-12-14T17:34:18.993+0100][gc,heap       ] GC(4) Eden regions: 30->0(47)
[2018-12-14T17:34:18.993+0100][gc,heap       ] GC(4) Survivor regions: 6->4(7)
[2018-12-14T17:34:18.993+0100][gc,heap       ] GC(4) Old regions: 6->10
[2018-12-14T17:34:18.993+0100][gc,heap       ] GC(4) Humongous regions: 130->130
[2018-12-14T17:34:18.993+0100][gc,metaspace  ] GC(4) Metaspace: 34955K->34955K(1081344K)
[2018-12-14T17:34:18.993+0100][gc            ] GC(4) Pause Initial Mark (Metadata GC Threshold) 171M->142M(1024M) 9,886ms
[2018-12-14T17:34:18.993+0100][gc,cpu        ] GC(4) User=0,04s Sys=0,00s Real=0,01s
[2018-12-14T17:34:18.993+0100][gc            ] GC(5) Concurrent Cycle
[2018-12-14T17:34:18.993+0100][gc,marking    ] GC(5) Concurrent Clear Claimed Marks
[2018-12-14T17:34:18.993+0100][gc,marking    ] GC(5) Concurrent Clear Claimed Marks 0,030ms
[2018-12-14T17:34:18.993+0100][gc,marking    ] GC(5) Concurrent Scan Root Regions
[2018-12-14T17:34:18.995+0100][gc,marking    ] GC(5) Concurrent Scan Root Regions 2,043ms
[2018-12-14T17:34:18.995+0100][gc,marking    ] GC(5) Concurrent Mark (1407,661s)
[2018-12-14T17:34:18.995+0100][gc,marking    ] GC(5) Concurrent Mark From Roots
[2018-12-14T17:34:18.995+0100][gc,task       ] GC(5) Using 1 workers of 1 for marking
[2018-12-14T17:34:19.005+0100][gc,marking    ] GC(5) Concurrent Mark From Roots 9,151ms
[2018-12-14T17:34:19.005+0100][gc,marking    ] GC(5) Concurrent Mark (1407,661s, 1407,670s) 9,199ms
[2018-12-14T17:34:19.030+0100][gc,start      ] GC(5) Pause Remark
[2018-12-14T17:34:19.042+0100][gc,stringtable] GC(5) Cleaned string and symbol table, strings: 14414 processed, 285 removed, symbols: 95105 processed, 17 removed
[2018-12-14T17:34:19.042+0100][gc            ] GC(5) Pause Remark 143M->143M(1024M) 12,744ms
[2018-12-14T17:34:19.042+0100][gc,cpu        ] GC(5) User=0,03s Sys=0,00s Real=0,01s
[2018-12-14T17:34:19.043+0100][gc,marking    ] GC(5) Concurrent Create Live Data
[2018-12-14T17:34:19.050+0100][gc,marking    ] GC(5) Concurrent Create Live Data 7,205ms
[2018-12-14T17:34:19.050+0100][gc,start      ] GC(5) Pause Cleanup
[2018-12-14T17:34:19.052+0100][gc            ] GC(5) Pause Cleanup 143M->143M(1024M) 1,605ms
[2018-12-14T17:34:19.052+0100][gc,cpu        ] GC(5) User=0,01s Sys=0,00s Real=0,00s
[2018-12-14T17:34:19.052+0100][gc,marking    ] GC(5) Concurrent Cleanup for Next Mark
[2018-12-14T17:34:19.070+0100][gc,marking    ] GC(5) Concurrent Cleanup for Next Mark 17,927ms
[2018-12-14T17:34:19.070+0100][gc            ] GC(5) Concurrent Cycle 76,532ms
[2018-12-14T17:43:00.447+0100][gc,start      ] GC(6) Pause Young (G1 Evacuation Pause)
[2018-12-14T17:43:00.447+0100][gc,task       ] GC(6) Using 4 workers of 4 for evacuation
[2018-12-14T17:43:00.461+0100][gc,phases     ] GC(6)   Pre Evacuate Collection Set: 0,0ms
[2018-12-14T17:43:00.461+0100][gc,phases     ] GC(6)   Evacuate Collection Set: 13,6ms
[2018-12-14T17:43:00.461+0100][gc,phases     ] GC(6)   Post Evacuate Collection Set: 0,5ms
[2018-12-14T17:43:00.461+0100][gc,phases     ] GC(6)   Other: 0,4ms
[2018-12-14T17:43:00.461+0100][gc,heap       ] GC(6) Eden regions: 47->0(47)
[2018-12-14T17:43:00.461+0100][gc,heap       ] GC(6) Survivor regions: 4->4(7)
[2018-12-14T17:43:00.461+0100][gc,heap       ] GC(6) Old regions: 10->10
[2018-12-14T17:43:00.461+0100][gc,heap       ] GC(6) Humongous regions: 130->130
[2018-12-14T17:43:00.461+0100][gc,metaspace  ] GC(6) Metaspace: 35072K->35072K(1081344K)
[2018-12-14T17:43:00.461+0100][gc            ] GC(6) Pause Young (G1 Evacuation Pause) 189M->143M(1024M) 14,776ms
[2018-12-14T17:43:00.461+0100][gc,cpu        ] GC(6) User=0,04s Sys=0,00s Real=0,01s
[2018-12-14T17:52:22.980+0100][gc,start      ] GC(7) Pause Young (G1 Evacuation Pause)
[2018-12-14T17:52:22.980+0100][gc,task       ] GC(7) Using 4 workers of 4 for evacuation
[2018-12-14T17:52:22.992+0100][gc,phases     ] GC(7)   Pre Evacuate Collection Set: 0,0ms
[2018-12-14T17:52:22.992+0100][gc,phases     ] GC(7)   Evacuate Collection Set: 11,7ms
[2018-12-14T17:52:22.992+0100][gc,phases     ] GC(7)   Post Evacuate Collection Set: 0,5ms
[2018-12-14T17:52:22.992+0100][gc,phases     ] GC(7)   Other: 0,4ms
[2018-12-14T17:52:22.992+0100][gc,heap       ] GC(7) Eden regions: 47->0(46)
[2018-12-14T17:52:22.992+0100][gc,heap       ] GC(7) Survivor regions: 4->5(7)
[2018-12-14T17:52:22.992+0100][gc,heap       ] GC(7) Old regions: 10->10
[2018-12-14T17:52:22.992+0100][gc,heap       ] GC(7) Humongous regions: 130->130
[2018-12-14T17:52:22.992+0100][gc,metaspace  ] GC(7) Metaspace: 35103K->35103K(1081344K)
[2018-12-14T17:52:22.993+0100][gc            ] GC(7) Pause Young (G1 Evacuation Pause) 190M->143M(1024M) 12,839ms
[2018-12-14T17:52:22.993+0100][gc,cpu        ] GC(7) User=0,05s Sys=0,01s Real=0,01s
[2018-12-14T18:01:53.273+0100][gc,start      ] GC(8) Pause Young (G1 Evacuation Pause)
[2018-12-14T18:01:53.273+0100][gc,task       ] GC(8) Using 4 workers of 4 for evacuation
[2018-12-14T18:01:53.286+0100][gc,phases     ] GC(8)   Pre Evacuate Collection Set: 0,0ms
[2018-12-14T18:01:53.286+0100][gc,phases     ] GC(8)   Evacuate Collection Set: 11,3ms
[2018-12-14T18:01:53.286+0100][gc,phases     ] GC(8)   Post Evacuate Collection Set: 0,6ms
[2018-12-14T18:01:53.286+0100][gc,phases     ] GC(8)   Other: 0,4ms
[2018-12-14T18:01:53.286+0100][gc,heap       ] GC(8) Eden regions: 46->0(48)
[2018-12-14T18:01:53.286+0100][gc,heap       ] GC(8) Survivor regions: 5->3(7)
[2018-12-14T18:01:53.286+0100][gc,heap       ] GC(8) Old regions: 10->11
[2018-12-14T18:01:53.286+0100][gc,heap       ] GC(8) Humongous regions: 130->130
[2018-12-14T18:01:53.286+0100][gc,metaspace  ] GC(8) Metaspace: 35121K->35121K(1081344K)
[2018-12-14T18:01:53.286+0100][gc            ] GC(8) Pause Young (G1 Evacuation Pause) 189M->142M(1024M) 12,576ms
[2018-12-14T18:01:53.286+0100][gc,cpu        ] GC(8) User=0,04s Sys=0,00s Real=0,01s
[2018-12-14T18:11:14.519+0100][gc,start      ] GC(9) Pause Young (G1 Evacuation Pause)
[2018-12-14T18:11:14.519+0100][gc,task       ] GC(9) Using 4 workers of 4 for evacuation
[2018-12-14T18:11:14.530+0100][gc,phases     ] GC(9)   Pre Evacuate Collection Set: 0,0ms
[2018-12-14T18:11:14.530+0100][gc,phases     ] GC(9)   Evacuate Collection Set: 10,5ms
[2018-12-14T18:11:14.530+0100][gc,phases     ] GC(9)   Post Evacuate Collection Set: 0,6ms
[2018-12-14T18:11:14.530+0100][gc,phases     ] GC(9)   Other: 0,4ms
[2018-12-14T18:11:14.530+0100][gc,heap       ] GC(9) Eden regions: 48->0(48)
[2018-12-14T18:11:14.530+0100][gc,heap       ] GC(9) Survivor regions: 3->3(7)
[2018-12-14T18:11:14.530+0100][gc,heap       ] GC(9) Old regions: 11->11
[2018-12-14T18:11:14.530+0100][gc,heap       ] GC(9) Humongous regions: 130->130
[2018-12-14T18:11:14.530+0100][gc,metaspace  ] GC(9) Metaspace: 35173K->35173K(1081344K)
[2018-12-14T18:11:14.530+0100][gc            ] GC(9) Pause Young (G1 Evacuation Pause) 190M->142M(1024M) 11,761ms
[2018-12-14T18:11:14.531+0100][gc,cpu        ] GC(9) User=0,03s Sys=0,00s Real=0,01s
[2018-12-14T18:21:11.133+0100][gc,start      ] GC(10) Pause Young (G1 Evacuation Pause)
[2018-12-14T18:21:11.133+0100][gc,task       ] GC(10) Using 4 workers of 4 for evacuation
[2018-12-14T18:21:11.136+0100][gc,phases     ] GC(10)   Pre Evacuate Collection Set: 0,0ms
[2018-12-14T18:21:11.137+0100][gc,phases     ] GC(10)   Evacuate Collection Set: 3,1ms
[2018-12-14T18:21:11.137+0100][gc,phases     ] GC(10)   Post Evacuate Collection Set: 0,3ms
[2018-12-14T18:21:11.137+0100][gc,phases     ] GC(10)   Other: 0,2ms
[2018-12-14T18:21:11.137+0100][gc,heap       ] GC(10) Eden regions: 48->0(47)
[2018-12-14T18:21:11.137+0100][gc,heap       ] GC(10) Survivor regions: 3->4(7)
[2018-12-14T18:21:11.137+0100][gc,heap       ] GC(10) Old regions: 11->11
[2018-12-14T18:21:11.137+0100][gc,heap       ] GC(10) Humongous regions: 130->130
[2018-12-14T18:21:11.137+0100][gc,metaspace  ] GC(10) Metaspace: 35234K->35234K(1081344K)
[2018-12-14T18:21:11.137+0100][gc            ] GC(10) Pause Young (G1 Evacuation Pause) 190M->143M(1024M) 3,609ms
[2018-12-14T18:21:11.137+0100][gc,cpu        ] GC(10) User=0,01s Sys=0,00s Real=0,01s
[2018-12-14T18:33:26.687+0100][gc,start      ] GC(11) Pause Young (G1 Evacuation Pause)
[2018-12-14T18:33:26.687+0100][gc,task       ] GC(11) Using 4 workers of 4 for evacuation
[2018-12-14T18:33:26.695+0100][gc,phases     ] GC(11)   Pre Evacuate Collection Set: 0,0ms
[2018-12-14T18:33:26.695+0100][gc,phases     ] GC(11)   Evacuate Collection Set: 7,1ms
[2018-12-14T18:33:26.695+0100][gc,phases     ] GC(11)   Post Evacuate Collection Set: 0,8ms
[2018-12-14T18:33:26.695+0100][gc,phases     ] GC(11)   Other: 0,5ms
[2018-12-14T18:33:26.695+0100][gc,heap       ] GC(11) Eden regions: 47->0(140)
[2018-12-14T18:33:26.695+0100][gc,heap       ] GC(11) Survivor regions: 4->3(7)
[2018-12-14T18:33:26.695+0100][gc,heap       ] GC(11) Old regions: 11->11
[2018-12-14T18:33:26.695+0100][gc,heap       ] GC(11) Humongous regions: 130->130
[2018-12-14T18:33:26.695+0100][gc,metaspace  ] GC(11) Metaspace: 35282K->35282K(1081344K)
[2018-12-14T18:33:26.695+0100][gc            ] GC(11) Pause Young (G1 Evacuation Pause) 190M->142M(1024M) 8,659ms
[2018-12-14T18:33:26.696+0100][gc,cpu        ] GC(11) User=0,02s Sys=0,01s Real=0,01s
