[2018-11-16T14:21:32.283+0100][gc,heap] Heap region size: 1M
[2018-11-16T14:21:32.310+0100][gc     ] Using G1
[2018-11-16T14:21:32.310+0100][gc,heap,coops] Heap address: 0x00000000c0000000, size: 1024 MB, Compressed Oops mode: 32-bit
[2018-11-16T14:21:34.579+0100][gc,start     ] GC(0) Pause Initial Mark (Metadata GC Threshold)
[2018-11-16T14:21:34.579+0100][gc,task      ] GC(0) Using 4 workers of 4 for evacuation
[2018-11-16T14:21:34.588+0100][gc,phases    ] GC(0)   Pre Evacuate Collection Set: 0,0ms
[2018-11-16T14:21:34.588+0100][gc,phases    ] GC(0)   Evacuate Collection Set: 5,2ms
[2018-11-16T14:21:34.588+0100][gc,phases    ] GC(0)   Post Evacuate Collection Set: 3,2ms
[2018-11-16T14:21:34.588+0100][gc,phases    ] GC(0)   Other: 0,3ms
[2018-11-16T14:21:34.588+0100][gc,heap      ] GC(0) Eden regions: 43->0(45)
[2018-11-16T14:21:34.588+0100][gc,heap      ] GC(0) Survivor regions: 0->6(7)
[2018-11-16T14:21:34.588+0100][gc,heap      ] GC(0) Old regions: 0->0
[2018-11-16T14:21:34.588+0100][gc,heap      ] GC(0) Humongous regions: 1->1
[2018-11-16T14:21:34.588+0100][gc,metaspace ] GC(0) Metaspace: 20743K->20743K(1069056K)
[2018-11-16T14:21:34.588+0100][gc           ] GC(0) Pause Initial Mark (Metadata GC Threshold) 44M->6M(1024M) 8,802ms
[2018-11-16T14:21:34.588+0100][gc,cpu       ] GC(0) User=0,02s Sys=0,00s Real=0,00s
[2018-11-16T14:21:34.588+0100][gc           ] GC(1) Concurrent Cycle
[2018-11-16T14:21:34.588+0100][gc,marking   ] GC(1) Concurrent Clear Claimed Marks
[2018-11-16T14:21:34.588+0100][gc,marking   ] GC(1) Concurrent Clear Claimed Marks 0,025ms
[2018-11-16T14:21:34.588+0100][gc,marking   ] GC(1) Concurrent Scan Root Regions
[2018-11-16T14:21:34.591+0100][gc,marking   ] GC(1) Concurrent Scan Root Regions 3,177ms
[2018-11-16T14:21:34.591+0100][gc,marking   ] GC(1) Concurrent Mark (2,314s)
[2018-11-16T14:21:34.591+0100][gc,marking   ] GC(1) Concurrent Mark From Roots
[2018-11-16T14:21:34.591+0100][gc,task      ] GC(1) Using 1 workers of 1 for marking
[2018-11-16T14:21:34.592+0100][gc,marking   ] GC(1) Concurrent Mark From Roots 0,637ms
[2018-11-16T14:21:34.592+0100][gc,marking   ] GC(1) Concurrent Mark (2,314s, 2,315s) 0,652ms
[2018-11-16T14:21:34.592+0100][gc,start     ] GC(1) Pause Remark
[2018-11-16T14:21:34.597+0100][gc,stringtable] GC(1) Cleaned string and symbol table, strings: 8290 processed, 0 removed, symbols: 66878 processed, 35 removed
[2018-11-16T14:21:34.597+0100][gc            ] GC(1) Pause Remark 7M->7M(1024M) 5,201ms
[2018-11-16T14:21:34.597+0100][gc,cpu        ] GC(1) User=0,01s Sys=0,00s Real=0,00s
[2018-11-16T14:21:34.597+0100][gc,marking    ] GC(1) Concurrent Create Live Data
[2018-11-16T14:21:34.597+0100][gc,marking    ] GC(1) Concurrent Create Live Data 0,105ms
[2018-11-16T14:21:34.597+0100][gc,start      ] GC(1) Pause Cleanup
[2018-11-16T14:21:34.598+0100][gc            ] GC(1) Pause Cleanup 7M->7M(1024M) 0,617ms
[2018-11-16T14:21:34.598+0100][gc,cpu        ] GC(1) User=0,00s Sys=0,00s Real=0,00s
[2018-11-16T14:21:34.598+0100][gc,marking    ] GC(1) Concurrent Cleanup for Next Mark
[2018-11-16T14:21:34.605+0100][gc,marking    ] GC(1) Concurrent Cleanup for Next Mark 6,666ms
[2018-11-16T14:21:34.605+0100][gc            ] GC(1) Concurrent Cycle 16,780ms
[2018-11-16T14:21:36.534+0100][gc,start      ] GC(2) Pause Young (G1 Evacuation Pause)
[2018-11-16T14:21:36.534+0100][gc,task       ] GC(2) Using 4 workers of 4 for evacuation
[2018-11-16T14:21:36.555+0100][gc,mmu        ] GC(2) MMU target violated: 21,0ms (20,0ms/21,0ms)
[2018-11-16T14:21:36.555+0100][gc,phases     ] GC(2)   Pre Evacuate Collection Set: 0,0ms
[2018-11-16T14:21:36.555+0100][gc,phases     ] GC(2)   Evacuate Collection Set: 20,5ms
[2018-11-16T14:21:36.555+0100][gc,phases     ] GC(2)   Post Evacuate Collection Set: 0,3ms
[2018-11-16T14:21:36.555+0100][gc,phases     ] GC(2)   Other: 0,2ms
[2018-11-16T14:21:36.555+0100][gc,heap       ] GC(2) Eden regions: 45->0(47)
[2018-11-16T14:21:36.555+0100][gc,heap       ] GC(2) Survivor regions: 6->4(7)
[2018-11-16T14:21:36.555+0100][gc,heap       ] GC(2) Old regions: 0->7
[2018-11-16T14:21:36.555+0100][gc,heap       ] GC(2) Humongous regions: 130->130
[2018-11-16T14:21:36.555+0100][gc,metaspace  ] GC(2) Metaspace: 29821K->29821K(1077248K)
[2018-11-16T14:21:36.555+0100][gc            ] GC(2) Pause Young (G1 Evacuation Pause) 180M->139M(1024M) 21,172ms
[2018-11-16T14:21:36.555+0100][gc,cpu        ] GC(2) User=0,03s Sys=0,01s Real=0,02s
[2018-11-16T14:53:50.593+0100][gc,start      ] GC(3) Pause Young (G1 Evacuation Pause)
[2018-11-16T14:53:50.594+0100][gc,task       ] GC(3) Using 4 workers of 4 for evacuation
[2018-11-16T14:53:50.603+0100][gc,phases     ] GC(3)   Pre Evacuate Collection Set: 0,0ms
[2018-11-16T14:53:50.603+0100][gc,phases     ] GC(3)   Evacuate Collection Set: 8,4ms
[2018-11-16T14:53:50.603+0100][gc,phases     ] GC(3)   Post Evacuate Collection Set: 0,4ms
[2018-11-16T14:53:50.603+0100][gc,phases     ] GC(3)   Other: 0,4ms
[2018-11-16T14:53:50.603+0100][gc,heap       ] GC(3) Eden regions: 47->0(46)
[2018-11-16T14:53:50.603+0100][gc,heap       ] GC(3) Survivor regions: 4->5(7)
[2018-11-16T14:53:50.603+0100][gc,heap       ] GC(3) Old regions: 7->7
[2018-11-16T14:53:50.603+0100][gc,heap       ] GC(3) Humongous regions: 130->130
[2018-11-16T14:53:50.603+0100][gc,metaspace  ] GC(3) Metaspace: 33057K->33057K(1079296K)
[2018-11-16T14:53:50.603+0100][gc            ] GC(3) Pause Young (G1 Evacuation Pause) 186M->140M(1024M) 9,299ms
[2018-11-16T14:53:50.603+0100][gc,cpu        ] GC(3) User=0,03s Sys=0,00s Real=0,01s
[2018-11-16T15:05:55.700+0100][gc,heap,exit  ] Heap
[2018-11-16T15:05:55.700+0100][gc,heap,exit  ]  garbage-first heap   total 1048576K, used 171572K [0x00000000c0000000, 0x0000000100000000)
[2018-11-16T15:05:55.700+0100][gc,heap,exit  ]   region size 1024K, 33 young (33792K), 5 survivors (5120K)
[2018-11-16T15:05:55.700+0100][gc,heap,exit  ]  Metaspace       used 34933K, capacity 35266K, committed 35840K, reserved 1081344K
[2018-11-16T15:05:55.700+0100][gc,heap,exit  ]   class space    used 4234K, capacity 4358K, committed 4480K, reserved 1048576K
