[2018-12-13T15:41:24.268+0100][gc,heap] Heap region size: 1M
[2018-12-13T15:41:24.277+0100][gc     ] Using G1
[2018-12-13T15:41:24.277+0100][gc,heap,coops] Heap address: 0x00000000c0000000, size: 1024 MB, Compressed Oops mode: 32-bit
[2018-12-13T15:41:26.386+0100][gc,start     ] GC(0) Pause Initial Mark (Metadata GC Threshold)
[2018-12-13T15:41:26.386+0100][gc,task      ] GC(0) Using 4 workers of 4 for evacuation
[2018-12-13T15:41:26.392+0100][gc,phases    ] GC(0)   Pre Evacuate Collection Set: 0,0ms
[2018-12-13T15:41:26.392+0100][gc,phases    ] GC(0)   Evacuate Collection Set: 5,4ms
[2018-12-13T15:41:26.392+0100][gc,phases    ] GC(0)   Post Evacuate Collection Set: 0,3ms
[2018-12-13T15:41:26.392+0100][gc,phases    ] GC(0)   Other: 0,3ms
[2018-12-13T15:41:26.392+0100][gc,heap      ] GC(0) Eden regions: 43->0(44)
[2018-12-13T15:41:26.392+0100][gc,heap      ] GC(0) Survivor regions: 0->7(7)
[2018-12-13T15:41:26.392+0100][gc,heap      ] GC(0) Old regions: 0->0
[2018-12-13T15:41:26.392+0100][gc,heap      ] GC(0) Humongous regions: 1->1
[2018-12-13T15:41:26.392+0100][gc,metaspace ] GC(0) Metaspace: 20733K->20733K(1069056K)
[2018-12-13T15:41:26.392+0100][gc           ] GC(0) Pause Initial Mark (Metadata GC Threshold) 44M->7M(1024M) 6,214ms
[2018-12-13T15:41:26.392+0100][gc,cpu       ] GC(0) User=0,02s Sys=0,01s Real=0,01s
[2018-12-13T15:41:26.392+0100][gc           ] GC(1) Concurrent Cycle
[2018-12-13T15:41:26.392+0100][gc,marking   ] GC(1) Concurrent Clear Claimed Marks
[2018-12-13T15:41:26.392+0100][gc,marking   ] GC(1) Concurrent Clear Claimed Marks 0,027ms
[2018-12-13T15:41:26.392+0100][gc,marking   ] GC(1) Concurrent Scan Root Regions
[2018-12-13T15:41:26.394+0100][gc,marking   ] GC(1) Concurrent Scan Root Regions 2,604ms
[2018-12-13T15:41:26.395+0100][gc,marking   ] GC(1) Concurrent Mark (2,129s)
[2018-12-13T15:41:26.395+0100][gc,marking   ] GC(1) Concurrent Mark From Roots
[2018-12-13T15:41:26.395+0100][gc,task      ] GC(1) Using 1 workers of 1 for marking
[2018-12-13T15:41:26.395+0100][gc,marking   ] GC(1) Concurrent Mark From Roots 0,732ms
[2018-12-13T15:41:26.395+0100][gc,marking   ] GC(1) Concurrent Mark (2,129s, 2,129s) 0,758ms
[2018-12-13T15:41:26.396+0100][gc,start     ] GC(1) Pause Remark
[2018-12-13T15:41:26.398+0100][gc,stringtable] GC(1) Cleaned string and symbol table, strings: 8294 processed, 0 removed, symbols: 67229 processed, 43 removed
[2018-12-13T15:41:26.398+0100][gc            ] GC(1) Pause Remark 7M->7M(1024M) 2,274ms
[2018-12-13T15:41:26.398+0100][gc,cpu        ] GC(1) User=0,01s Sys=0,00s Real=0,01s
[2018-12-13T15:41:26.398+0100][gc,marking    ] GC(1) Concurrent Create Live Data
[2018-12-13T15:41:26.398+0100][gc,marking    ] GC(1) Concurrent Create Live Data 0,142ms
[2018-12-13T15:41:26.398+0100][gc,start      ] GC(1) Pause Cleanup
[2018-12-13T15:41:26.399+0100][gc            ] GC(1) Pause Cleanup 7M->7M(1024M) 0,692ms
[2018-12-13T15:41:26.399+0100][gc,cpu        ] GC(1) User=0,00s Sys=0,00s Real=0,00s
[2018-12-13T15:41:26.399+0100][gc,marking    ] GC(1) Concurrent Cleanup for Next Mark
[2018-12-13T15:41:26.406+0100][gc,marking    ] GC(1) Concurrent Cleanup for Next Mark 6,743ms
[2018-12-13T15:41:26.406+0100][gc            ] GC(1) Concurrent Cycle 13,819ms
[2018-12-13T15:41:28.040+0100][gc,start      ] GC(2) Pause Young (G1 Evacuation Pause)
[2018-12-13T15:41:28.040+0100][gc,task       ] GC(2) Using 4 workers of 4 for evacuation
[2018-12-13T15:41:28.051+0100][gc,phases     ] GC(2)   Pre Evacuate Collection Set: 0,0ms
[2018-12-13T15:41:28.051+0100][gc,phases     ] GC(2)   Evacuate Collection Set: 10,2ms
[2018-12-13T15:41:28.051+0100][gc,phases     ] GC(2)   Post Evacuate Collection Set: 0,4ms
[2018-12-13T15:41:28.051+0100][gc,phases     ] GC(2)   Other: 0,2ms
[2018-12-13T15:41:28.051+0100][gc,heap       ] GC(2) Eden regions: 44->0(47)
[2018-12-13T15:41:28.051+0100][gc,heap       ] GC(2) Survivor regions: 7->4(7)
[2018-12-13T15:41:28.051+0100][gc,heap       ] GC(2) Old regions: 0->7
[2018-12-13T15:41:28.051+0100][gc,heap       ] GC(2) Humongous regions: 130->130
[2018-12-13T15:41:28.051+0100][gc,metaspace  ] GC(2) Metaspace: 29750K->29750K(1077248K)
[2018-12-13T15:41:28.051+0100][gc            ] GC(2) Pause Young (G1 Evacuation Pause) 180M->139M(1024M) 10,814ms
[2018-12-13T15:41:28.051+0100][gc,cpu        ] GC(2) User=0,03s Sys=0,01s Real=0,01s
[2018-12-13T15:58:57.547+0100][gc,start      ] GC(3) Pause Young (G1 Evacuation Pause)
[2018-12-13T15:58:57.905+0100][gc,task       ] GC(3) Using 4 workers of 4 for evacuation
[2018-12-13T15:58:57.920+0100][gc,phases     ] GC(3)   Pre Evacuate Collection Set: 0,0ms
[2018-12-13T15:58:57.920+0100][gc,phases     ] GC(3)   Evacuate Collection Set: 13,7ms
[2018-12-13T15:58:57.920+0100][gc,phases     ] GC(3)   Post Evacuate Collection Set: 0,5ms
[2018-12-13T15:58:57.920+0100][gc,phases     ] GC(3)   Other: 359,1ms
[2018-12-13T15:58:57.920+0100][gc,heap       ] GC(3) Eden regions: 47->0(46)
[2018-12-13T15:58:57.920+0100][gc,heap       ] GC(3) Survivor regions: 4->5(7)
[2018-12-13T15:58:57.920+0100][gc,heap       ] GC(3) Old regions: 7->7
[2018-12-13T15:58:57.920+0100][gc,heap       ] GC(3) Humongous regions: 130->130
[2018-12-13T15:58:57.920+0100][gc,metaspace  ] GC(3) Metaspace: 34631K->34631K(1081344K)
[2018-12-13T15:58:57.920+0100][gc            ] GC(3) Pause Young (G1 Evacuation Pause) 186M->141M(1024M) 373,355ms
[2018-12-13T15:58:57.920+0100][gc,cpu        ] GC(3) User=0,04s Sys=0,00s Real=0,38s
[2018-12-13T16:03:07.424+0100][gc,start      ] GC(4) Pause Initial Mark (Metadata GC Threshold)
[2018-12-13T16:03:07.424+0100][gc,task       ] GC(4) Using 4 workers of 4 for evacuation
[2018-12-13T16:03:07.444+0100][gc,phases     ] GC(4)   Pre Evacuate Collection Set: 0,1ms
[2018-12-13T16:03:07.444+0100][gc,phases     ] GC(4)   Evacuate Collection Set: 18,6ms
[2018-12-13T16:03:07.444+0100][gc,phases     ] GC(4)   Post Evacuate Collection Set: 0,6ms
[2018-12-13T16:03:07.444+0100][gc,phases     ] GC(4)   Other: 0,6ms
[2018-12-13T16:03:07.444+0100][gc,heap       ] GC(4) Eden regions: 24->0(48)
[2018-12-13T16:03:07.444+0100][gc,heap       ] GC(4) Survivor regions: 5->3(7)
[2018-12-13T16:03:07.444+0100][gc,heap       ] GC(4) Old regions: 7->10
[2018-12-13T16:03:07.444+0100][gc,heap       ] GC(4) Humongous regions: 130->130
[2018-12-13T16:03:07.444+0100][gc,metaspace  ] GC(4) Metaspace: 34938K->34938K(1081344K)
[2018-12-13T16:03:07.444+0100][gc            ] GC(4) Pause Initial Mark (Metadata GC Threshold) 164M->142M(1024M) 20,053ms
[2018-12-13T16:03:07.444+0100][gc,cpu        ] GC(4) User=0,06s Sys=0,00s Real=0,02s
[2018-12-13T16:03:07.444+0100][gc            ] GC(5) Concurrent Cycle
[2018-12-13T16:03:07.444+0100][gc,marking    ] GC(5) Concurrent Clear Claimed Marks
[2018-12-13T16:03:07.444+0100][gc,marking    ] GC(5) Concurrent Clear Claimed Marks 0,058ms
[2018-12-13T16:03:07.444+0100][gc,marking    ] GC(5) Concurrent Scan Root Regions
[2018-12-13T16:03:07.451+0100][gc,marking    ] GC(5) Concurrent Scan Root Regions 6,790ms
[2018-12-13T16:03:07.451+0100][gc,marking    ] GC(5) Concurrent Mark (1303,186s)
[2018-12-13T16:03:07.451+0100][gc,marking    ] GC(5) Concurrent Mark From Roots
[2018-12-13T16:03:07.451+0100][gc,task       ] GC(5) Using 1 workers of 1 for marking
[2018-12-13T16:03:07.468+0100][gc,marking    ] GC(5) Concurrent Mark From Roots 16,243ms
[2018-12-13T16:03:07.468+0100][gc,marking    ] GC(5) Concurrent Mark (1303,186s, 1303,202s) 16,308ms
[2018-12-13T16:03:07.468+0100][gc,start      ] GC(5) Pause Remark
[2018-12-13T16:03:07.474+0100][gc,stringtable] GC(5) Cleaned string and symbol table, strings: 14399 processed, 296 removed, symbols: 95002 processed, 16 removed
[2018-12-13T16:03:07.474+0100][gc            ] GC(5) Pause Remark 142M->142M(1024M) 6,337ms
[2018-12-13T16:03:07.474+0100][gc,cpu        ] GC(5) User=0,01s Sys=0,01s Real=0,01s
[2018-12-13T16:03:07.474+0100][gc,marking    ] GC(5) Concurrent Create Live Data
[2018-12-13T16:03:07.477+0100][gc,marking    ] GC(5) Concurrent Create Live Data 2,523ms
[2018-12-13T16:03:07.477+0100][gc,start      ] GC(5) Pause Cleanup
[2018-12-13T16:03:07.478+0100][gc            ] GC(5) Pause Cleanup 142M->142M(1024M) 0,798ms
[2018-12-13T16:03:07.478+0100][gc,cpu        ] GC(5) User=0,00s Sys=0,00s Real=0,01s
[2018-12-13T16:03:07.478+0100][gc,marking    ] GC(5) Concurrent Cleanup for Next Mark
[2018-12-13T16:03:07.484+0100][gc,marking    ] GC(5) Concurrent Cleanup for Next Mark 6,481ms
[2018-12-13T16:03:07.484+0100][gc            ] GC(5) Concurrent Cycle 40,045ms
[2018-12-13T16:11:55.714+0100][gc,start      ] GC(6) Pause Young (G1 Evacuation Pause)
[2018-12-13T16:11:55.723+0100][gc,task       ] GC(6) Using 4 workers of 4 for evacuation
[2018-12-13T16:11:55.736+0100][gc,phases     ] GC(6)   Pre Evacuate Collection Set: 0,1ms
[2018-12-13T16:11:55.736+0100][gc,phases     ] GC(6)   Evacuate Collection Set: 11,9ms
[2018-12-13T16:11:55.736+0100][gc,phases     ] GC(6)   Post Evacuate Collection Set: 0,6ms
[2018-12-13T16:11:55.736+0100][gc,phases     ] GC(6)   Other: 9,7ms
[2018-12-13T16:11:55.736+0100][gc,heap       ] GC(6) Eden regions: 48->0(47)
[2018-12-13T16:11:55.736+0100][gc,heap       ] GC(6) Survivor regions: 3->4(7)
[2018-12-13T16:11:55.736+0100][gc,heap       ] GC(6) Old regions: 10->10
[2018-12-13T16:11:55.736+0100][gc,heap       ] GC(6) Humongous regions: 130->130
[2018-12-13T16:11:55.736+0100][gc,metaspace  ] GC(6) Metaspace: 35035K->35035K(1081344K)
[2018-12-13T16:11:55.736+0100][gc            ] GC(6) Pause Young (G1 Evacuation Pause) 190M->142M(1024M) 22,482ms
[2018-12-13T16:11:55.736+0100][gc,cpu        ] GC(6) User=0,04s Sys=0,00s Real=0,02s
[2018-12-13T16:21:12.370+0100][gc,start      ] GC(7) Pause Young (G1 Evacuation Pause)
[2018-12-13T16:21:12.379+0100][gc,task       ] GC(7) Using 4 workers of 4 for evacuation
[2018-12-13T16:21:12.391+0100][gc,phases     ] GC(7)   Pre Evacuate Collection Set: 0,1ms
[2018-12-13T16:21:12.391+0100][gc,phases     ] GC(7)   Evacuate Collection Set: 10,8ms
[2018-12-13T16:21:12.391+0100][gc,phases     ] GC(7)   Post Evacuate Collection Set: 0,5ms
[2018-12-13T16:21:12.391+0100][gc,phases     ] GC(7)   Other: 9,9ms
[2018-12-13T16:21:12.391+0100][gc,heap       ] GC(7) Eden regions: 47->0(47)
[2018-12-13T16:21:12.391+0100][gc,heap       ] GC(7) Survivor regions: 4->4(7)
[2018-12-13T16:21:12.391+0100][gc,heap       ] GC(7) Old regions: 10->10
[2018-12-13T16:21:12.391+0100][gc,heap       ] GC(7) Humongous regions: 130->130
[2018-12-13T16:21:12.391+0100][gc,metaspace  ] GC(7) Metaspace: 35070K->35070K(1081344K)
[2018-12-13T16:21:12.391+0100][gc            ] GC(7) Pause Young (G1 Evacuation Pause) 189M->142M(1024M) 21,456ms
[2018-12-13T16:21:12.391+0100][gc,cpu        ] GC(7) User=0,05s Sys=0,00s Real=0,02s
[2018-12-13T16:30:55.714+0100][gc,start      ] GC(8) Pause Young (G1 Evacuation Pause)
[2018-12-13T16:30:55.728+0100][gc,task       ] GC(8) Using 4 workers of 4 for evacuation
[2018-12-13T16:30:55.741+0100][gc,phases     ] GC(8)   Pre Evacuate Collection Set: 0,0ms
[2018-12-13T16:30:55.741+0100][gc,phases     ] GC(8)   Evacuate Collection Set: 12,0ms
[2018-12-13T16:30:55.741+0100][gc,phases     ] GC(8)   Post Evacuate Collection Set: 0,6ms
[2018-12-13T16:30:55.741+0100][gc,phases     ] GC(8)   Other: 15,0ms
[2018-12-13T16:30:55.741+0100][gc,heap       ] GC(8) Eden regions: 47->0(46)
[2018-12-13T16:30:55.741+0100][gc,heap       ] GC(8) Survivor regions: 4->5(7)
[2018-12-13T16:30:55.741+0100][gc,heap       ] GC(8) Old regions: 10->10
[2018-12-13T16:30:55.741+0100][gc,heap       ] GC(8) Humongous regions: 130->130
[2018-12-13T16:30:55.741+0100][gc,metaspace  ] GC(8) Metaspace: 35089K->35089K(1081344K)
[2018-12-13T16:30:55.741+0100][gc            ] GC(8) Pause Young (G1 Evacuation Pause) 189M->143M(1024M) 27,797ms
[2018-12-13T16:30:55.741+0100][gc,cpu        ] GC(8) User=0,04s Sys=0,01s Real=0,03s
[2018-12-13T16:40:29.290+0100][gc,start      ] GC(9) Pause Young (G1 Evacuation Pause)
[2018-12-13T16:40:29.290+0100][gc,task       ] GC(9) Using 4 workers of 4 for evacuation
[2018-12-13T16:40:29.294+0100][gc,phases     ] GC(9)   Pre Evacuate Collection Set: 0,0ms
[2018-12-13T16:40:29.294+0100][gc,phases     ] GC(9)   Evacuate Collection Set: 3,4ms
[2018-12-13T16:40:29.294+0100][gc,phases     ] GC(9)   Post Evacuate Collection Set: 0,3ms
[2018-12-13T16:40:29.294+0100][gc,phases     ] GC(9)   Other: 0,2ms
[2018-12-13T16:40:29.294+0100][gc,heap       ] GC(9) Eden regions: 46->0(48)
[2018-12-13T16:40:29.294+0100][gc,heap       ] GC(9) Survivor regions: 5->3(7)
[2018-12-13T16:40:29.294+0100][gc,heap       ] GC(9) Old regions: 10->11
[2018-12-13T16:40:29.294+0100][gc,heap       ] GC(9) Humongous regions: 130->130
[2018-12-13T16:40:29.294+0100][gc,metaspace  ] GC(9) Metaspace: 35109K->35109K(1081344K)
[2018-12-13T16:40:29.294+0100][gc            ] GC(9) Pause Young (G1 Evacuation Pause) 189M->142M(1024M) 4,059ms
[2018-12-13T16:40:29.294+0100][gc,cpu        ] GC(9) User=0,01s Sys=0,00s Real=0,00s
[2018-12-13T16:49:49.753+0100][gc,start      ] GC(10) Pause Young (G1 Evacuation Pause)
[2018-12-13T16:49:49.786+0100][gc,task       ] GC(10) Using 4 workers of 4 for evacuation
[2018-12-13T16:49:49.820+0100][gc,phases     ] GC(10)   Pre Evacuate Collection Set: 0,0ms
[2018-12-13T16:49:49.820+0100][gc,phases     ] GC(10)   Evacuate Collection Set: 12,3ms
[2018-12-13T16:49:49.820+0100][gc,phases     ] GC(10)   Post Evacuate Collection Set: 2,5ms
[2018-12-13T16:49:49.820+0100][gc,phases     ] GC(10)   Other: 69,5ms
[2018-12-13T16:49:49.820+0100][gc,heap       ] GC(10) Eden regions: 48->0(48)
[2018-12-13T16:49:49.820+0100][gc,heap       ] GC(10) Survivor regions: 3->3(7)
[2018-12-13T16:49:49.820+0100][gc,heap       ] GC(10) Old regions: 11->11
[2018-12-13T16:49:49.820+0100][gc,heap       ] GC(10) Humongous regions: 130->130
[2018-12-13T16:49:49.820+0100][gc,metaspace  ] GC(10) Metaspace: 35212K->35212K(1081344K)
[2018-12-13T16:49:49.820+0100][gc            ] GC(10) Pause Young (G1 Evacuation Pause) 190M->142M(1024M) 67,271ms
[2018-12-13T16:49:49.820+0100][gc,cpu        ] GC(10) User=0,04s Sys=0,00s Real=0,07s
[2018-12-13T16:59:40.713+0100][gc,start      ] GC(11) Pause Young (G1 Evacuation Pause)
[2018-12-13T16:59:40.713+0100][gc,task       ] GC(11) Using 4 workers of 4 for evacuation
[2018-12-13T16:59:40.729+0100][gc,phases     ] GC(11)   Pre Evacuate Collection Set: 0,0ms
[2018-12-13T16:59:40.729+0100][gc,phases     ] GC(11)   Evacuate Collection Set: 14,3ms
[2018-12-13T16:59:40.729+0100][gc,phases     ] GC(11)   Post Evacuate Collection Set: 0,7ms
[2018-12-13T16:59:40.729+0100][gc,phases     ] GC(11)   Other: 0,5ms
[2018-12-13T16:59:40.729+0100][gc,heap       ] GC(11) Eden regions: 48->0(48)
[2018-12-13T16:59:40.729+0100][gc,heap       ] GC(11) Survivor regions: 3->3(7)
[2018-12-13T16:59:40.729+0100][gc,heap       ] GC(11) Old regions: 11->11
[2018-12-13T16:59:40.729+0100][gc,heap       ] GC(11) Humongous regions: 130->130
[2018-12-13T16:59:40.729+0100][gc,metaspace  ] GC(11) Metaspace: 35220K->35220K(1081344K)
[2018-12-13T16:59:40.729+0100][gc            ] GC(11) Pause Young (G1 Evacuation Pause) 190M->143M(1024M) 15,739ms
[2018-12-13T16:59:40.729+0100][gc,cpu        ] GC(11) User=0,05s Sys=0,00s Real=0,01s
[2018-12-13T17:09:32.706+0100][gc,start      ] GC(12) Pause Young (G1 Evacuation Pause)
[2018-12-13T17:09:32.706+0100][gc,task       ] GC(12) Using 4 workers of 4 for evacuation
[2018-12-13T17:09:32.719+0100][gc,phases     ] GC(12)   Pre Evacuate Collection Set: 0,1ms
[2018-12-13T17:09:32.719+0100][gc,phases     ] GC(12)   Evacuate Collection Set: 12,0ms
[2018-12-13T17:09:32.719+0100][gc,phases     ] GC(12)   Post Evacuate Collection Set: 0,5ms
[2018-12-13T17:09:32.719+0100][gc,phases     ] GC(12)   Other: 0,5ms
[2018-12-13T17:09:32.719+0100][gc,heap       ] GC(12) Eden regions: 48->0(48)
[2018-12-13T17:09:32.719+0100][gc,heap       ] GC(12) Survivor regions: 3->3(7)
[2018-12-13T17:09:32.719+0100][gc,heap       ] GC(12) Old regions: 11->11
[2018-12-13T17:09:32.719+0100][gc,heap       ] GC(12) Humongous regions: 130->130
[2018-12-13T17:09:32.719+0100][gc,metaspace  ] GC(12) Metaspace: 35243K->35243K(1081344K)
[2018-12-13T17:09:32.719+0100][gc            ] GC(12) Pause Young (G1 Evacuation Pause) 191M->142M(1024M) 13,163ms
[2018-12-13T17:09:32.719+0100][gc,cpu        ] GC(12) User=0,03s Sys=0,00s Real=0,02s
