[2018-11-16T15:06:22.543+0100][gc,heap] Heap region size: 1M
[2018-11-16T15:06:22.551+0100][gc     ] Using G1
[2018-11-16T15:06:22.551+0100][gc,heap,coops] Heap address: 0x00000000c0000000, size: 1024 MB, Compressed Oops mode: 32-bit
[2018-11-16T15:06:24.155+0100][gc,start     ] GC(0) Pause Initial Mark (Metadata GC Threshold)
[2018-11-16T15:06:24.156+0100][gc,task      ] GC(0) Using 4 workers of 4 for evacuation
[2018-11-16T15:06:24.162+0100][gc,phases    ] GC(0)   Pre Evacuate Collection Set: 0,0ms
[2018-11-16T15:06:24.162+0100][gc,phases    ] GC(0)   Evacuate Collection Set: 5,9ms
[2018-11-16T15:06:24.162+0100][gc,phases    ] GC(0)   Post Evacuate Collection Set: 0,3ms
[2018-11-16T15:06:24.162+0100][gc,phases    ] GC(0)   Other: 0,3ms
[2018-11-16T15:06:24.162+0100][gc,heap      ] GC(0) Eden regions: 43->0(44)
[2018-11-16T15:06:24.162+0100][gc,heap      ] GC(0) Survivor regions: 0->7(7)
[2018-11-16T15:06:24.162+0100][gc,heap      ] GC(0) Old regions: 0->0
[2018-11-16T15:06:24.162+0100][gc,heap      ] GC(0) Humongous regions: 1->1
[2018-11-16T15:06:24.162+0100][gc,metaspace ] GC(0) Metaspace: 20720K->20720K(1069056K)
[2018-11-16T15:06:24.162+0100][gc           ] GC(0) Pause Initial Mark (Metadata GC Threshold) 44M->7M(1024M) 6,627ms
[2018-11-16T15:06:24.162+0100][gc,cpu       ] GC(0) User=0,02s Sys=0,00s Real=0,01s
[2018-11-16T15:06:24.162+0100][gc           ] GC(1) Concurrent Cycle
[2018-11-16T15:06:24.162+0100][gc,marking   ] GC(1) Concurrent Clear Claimed Marks
[2018-11-16T15:06:24.162+0100][gc,marking   ] GC(1) Concurrent Clear Claimed Marks 0,029ms
[2018-11-16T15:06:24.162+0100][gc,marking   ] GC(1) Concurrent Scan Root Regions
[2018-11-16T15:06:24.165+0100][gc,marking   ] GC(1) Concurrent Scan Root Regions 2,724ms
[2018-11-16T15:06:24.165+0100][gc,marking   ] GC(1) Concurrent Mark (1,624s)
[2018-11-16T15:06:24.165+0100][gc,marking   ] GC(1) Concurrent Mark From Roots
[2018-11-16T15:06:24.165+0100][gc,task      ] GC(1) Using 1 workers of 1 for marking
[2018-11-16T15:06:24.166+0100][gc,marking   ] GC(1) Concurrent Mark From Roots 0,774ms
[2018-11-16T15:06:24.166+0100][gc,marking   ] GC(1) Concurrent Mark (1,624s, 1,625s) 0,800ms
[2018-11-16T15:06:24.166+0100][gc,start     ] GC(1) Pause Remark
[2018-11-16T15:06:24.169+0100][gc,stringtable] GC(1) Cleaned string and symbol table, strings: 8321 processed, 0 removed, symbols: 67190 processed, 43 removed
[2018-11-16T15:06:24.169+0100][gc            ] GC(1) Pause Remark 7M->7M(1024M) 3,229ms
[2018-11-16T15:06:24.169+0100][gc,cpu        ] GC(1) User=0,01s Sys=0,00s Real=0,00s
[2018-11-16T15:06:24.169+0100][gc,marking    ] GC(1) Concurrent Create Live Data
[2018-11-16T15:06:24.169+0100][gc,marking    ] GC(1) Concurrent Create Live Data 0,155ms
[2018-11-16T15:06:24.169+0100][gc,start      ] GC(1) Pause Cleanup
[2018-11-16T15:06:24.170+0100][gc            ] GC(1) Pause Cleanup 7M->7M(1024M) 0,736ms
[2018-11-16T15:06:24.170+0100][gc,cpu        ] GC(1) User=0,00s Sys=0,00s Real=0,00s
[2018-11-16T15:06:24.170+0100][gc,marking    ] GC(1) Concurrent Cleanup for Next Mark
[2018-11-16T15:06:24.177+0100][gc,marking    ] GC(1) Concurrent Cleanup for Next Mark 6,618ms
[2018-11-16T15:06:24.177+0100][gc            ] GC(1) Concurrent Cycle 14,811ms
[2018-11-16T15:06:25.425+0100][gc,start      ] GC(2) Pause Young (G1 Evacuation Pause)
[2018-11-16T15:06:25.425+0100][gc,task       ] GC(2) Using 4 workers of 4 for evacuation
[2018-11-16T15:06:25.437+0100][gc,phases     ] GC(2)   Pre Evacuate Collection Set: 0,0ms
[2018-11-16T15:06:25.437+0100][gc,phases     ] GC(2)   Evacuate Collection Set: 11,4ms
[2018-11-16T15:06:25.437+0100][gc,phases     ] GC(2)   Post Evacuate Collection Set: 0,5ms
[2018-11-16T15:06:25.437+0100][gc,phases     ] GC(2)   Other: 0,2ms
[2018-11-16T15:06:25.437+0100][gc,heap       ] GC(2) Eden regions: 44->0(47)
[2018-11-16T15:06:25.437+0100][gc,heap       ] GC(2) Survivor regions: 7->4(7)
[2018-11-16T15:06:25.437+0100][gc,heap       ] GC(2) Old regions: 0->6
[2018-11-16T15:06:25.437+0100][gc,heap       ] GC(2) Humongous regions: 130->130
[2018-11-16T15:06:25.437+0100][gc,metaspace  ] GC(2) Metaspace: 29745K->29745K(1077248K)
[2018-11-16T15:06:25.437+0100][gc            ] GC(2) Pause Young (G1 Evacuation Pause) 180M->139M(1024M) 12,254ms
[2018-11-16T15:06:25.437+0100][gc,cpu        ] GC(2) User=0,04s Sys=0,00s Real=0,01s
[2018-11-16T15:20:59.622+0100][gc,start      ] GC(3) Pause Young (G1 Evacuation Pause)
[2018-11-16T15:20:59.666+0100][gc,task       ] GC(3) Using 4 workers of 4 for evacuation
[2018-11-16T15:20:59.682+0100][gc,phases     ] GC(3)   Pre Evacuate Collection Set: 0,0ms
[2018-11-16T15:20:59.682+0100][gc,phases     ] GC(3)   Evacuate Collection Set: 14,9ms
[2018-11-16T15:20:59.682+0100][gc,phases     ] GC(3)   Post Evacuate Collection Set: 0,7ms
[2018-11-16T15:20:59.682+0100][gc,phases     ] GC(3)   Other: 44,1ms
[2018-11-16T15:20:59.682+0100][gc,heap       ] GC(3) Eden regions: 47->0(46)
[2018-11-16T15:20:59.682+0100][gc,heap       ] GC(3) Survivor regions: 4->5(7)
[2018-11-16T15:20:59.682+0100][gc,heap       ] GC(3) Old regions: 6->6
[2018-11-16T15:20:59.682+0100][gc,heap       ] GC(3) Humongous regions: 130->130
[2018-11-16T15:20:59.682+0100][gc,metaspace  ] GC(3) Metaspace: 34429K->34429K(1081344K)
[2018-11-16T15:20:59.682+0100][gc            ] GC(3) Pause Young (G1 Evacuation Pause) 186M->140M(1024M) 59,956ms
[2018-11-16T15:20:59.682+0100][gc,cpu        ] GC(3) User=0,05s Sys=0,01s Real=0,06s
[2018-11-16T15:45:38.286+0100][gc,start      ] GC(4) Pause Young (G1 Evacuation Pause)
[2018-11-16T15:45:38.299+0100][gc,task       ] GC(4) Using 4 workers of 4 for evacuation
[2018-11-16T15:45:38.311+0100][gc,phases     ] GC(4)   Pre Evacuate Collection Set: 0,0ms
[2018-11-16T15:45:38.311+0100][gc,phases     ] GC(4)   Evacuate Collection Set: 11,4ms
[2018-11-16T15:45:38.311+0100][gc,phases     ] GC(4)   Post Evacuate Collection Set: 0,6ms
[2018-11-16T15:45:38.311+0100][gc,phases     ] GC(4)   Other: 13,5ms
[2018-11-16T15:45:38.311+0100][gc,heap       ] GC(4) Eden regions: 46->0(49)
[2018-11-16T15:45:38.311+0100][gc,heap       ] GC(4) Survivor regions: 5->2(7)
[2018-11-16T15:45:38.311+0100][gc,heap       ] GC(4) Old regions: 6->9
[2018-11-16T15:45:38.311+0100][gc,heap       ] GC(4) Humongous regions: 130->130
[2018-11-16T15:45:38.311+0100][gc,metaspace  ] GC(4) Metaspace: 34592K->34592K(1081344K)
[2018-11-16T15:45:38.311+0100][gc            ] GC(4) Pause Young (G1 Evacuation Pause) 186M->140M(1024M) 25,754ms
[2018-11-16T15:45:38.312+0100][gc,cpu        ] GC(4) User=0,04s Sys=0,01s Real=0,03s
[2018-11-16T16:09:40.751+0100][gc,start      ] GC(5) Pause Young (G1 Evacuation Pause)
[2018-11-16T16:09:40.751+0100][gc,task       ] GC(5) Using 4 workers of 4 for evacuation
[2018-11-16T16:09:40.758+0100][gc,phases     ] GC(5)   Pre Evacuate Collection Set: 0,0ms
[2018-11-16T16:09:40.758+0100][gc,phases     ] GC(5)   Evacuate Collection Set: 6,4ms
[2018-11-16T16:09:40.758+0100][gc,phases     ] GC(5)   Post Evacuate Collection Set: 0,4ms
[2018-11-16T16:09:40.758+0100][gc,phases     ] GC(5)   Other: 0,4ms
[2018-11-16T16:09:40.758+0100][gc,heap       ] GC(5) Eden regions: 49->0(49)
[2018-11-16T16:09:40.758+0100][gc,heap       ] GC(5) Survivor regions: 2->2(7)
[2018-11-16T16:09:40.758+0100][gc,heap       ] GC(5) Old regions: 9->9
[2018-11-16T16:09:40.758+0100][gc,heap       ] GC(5) Humongous regions: 130->130
[2018-11-16T16:09:40.758+0100][gc,metaspace  ] GC(5) Metaspace: 34789K->34789K(1081344K)
[2018-11-16T16:09:40.758+0100][gc            ] GC(5) Pause Young (G1 Evacuation Pause) 189M->140M(1024M) 7,324ms
[2018-11-16T16:09:40.758+0100][gc,cpu        ] GC(5) User=0,02s Sys=0,00s Real=0,00s
[2018-11-16T16:15:56.773+0100][gc,start      ] GC(6) Pause Initial Mark (Metadata GC Threshold)
[2018-11-16T16:15:56.773+0100][gc,task       ] GC(6) Using 4 workers of 4 for evacuation
[2018-11-16T16:15:56.778+0100][gc,phases     ] GC(6)   Pre Evacuate Collection Set: 0,1ms
[2018-11-16T16:15:56.778+0100][gc,phases     ] GC(6)   Evacuate Collection Set: 5,1ms
[2018-11-16T16:15:56.778+0100][gc,phases     ] GC(6)   Post Evacuate Collection Set: 0,2ms
[2018-11-16T16:15:56.778+0100][gc,phases     ] GC(6)   Other: 0,4ms
[2018-11-16T16:15:56.778+0100][gc,heap       ] GC(6) Eden regions: 16->0(48)
[2018-11-16T16:15:56.778+0100][gc,heap       ] GC(6) Survivor regions: 2->3(7)
[2018-11-16T16:15:56.778+0100][gc,heap       ] GC(6) Old regions: 9->9
[2018-11-16T16:15:56.778+0100][gc,heap       ] GC(6) Humongous regions: 130->130
[2018-11-16T16:15:56.778+0100][gc,metaspace  ] GC(6) Metaspace: 35006K->35006K(1081344K)
[2018-11-16T16:15:56.778+0100][gc            ] GC(6) Pause Initial Mark (Metadata GC Threshold) 156M->140M(1024M) 5,807ms
[2018-11-16T16:15:56.778+0100][gc,cpu        ] GC(6) User=0,02s Sys=0,00s Real=0,00s
[2018-11-16T16:15:56.778+0100][gc            ] GC(7) Concurrent Cycle
[2018-11-16T16:15:56.779+0100][gc,marking    ] GC(7) Concurrent Clear Claimed Marks
[2018-11-16T16:15:56.779+0100][gc,marking    ] GC(7) Concurrent Clear Claimed Marks 0,017ms
[2018-11-16T16:15:56.779+0100][gc,marking    ] GC(7) Concurrent Scan Root Regions
[2018-11-16T16:15:56.780+0100][gc,marking    ] GC(7) Concurrent Scan Root Regions 1,494ms
[2018-11-16T16:15:56.780+0100][gc,marking    ] GC(7) Concurrent Mark (4174,239s)
[2018-11-16T16:15:56.780+0100][gc,marking    ] GC(7) Concurrent Mark From Roots
[2018-11-16T16:15:56.780+0100][gc,task       ] GC(7) Using 1 workers of 1 for marking
[2018-11-16T16:15:56.790+0100][gc,marking    ] GC(7) Concurrent Mark From Roots 9,979ms
[2018-11-16T16:15:56.790+0100][gc,marking    ] GC(7) Concurrent Mark (4174,239s, 4174,249s) 10,024ms
[2018-11-16T16:15:56.790+0100][gc,start      ] GC(7) Pause Remark
[2018-11-16T16:15:56.795+0100][gc,stringtable] GC(7) Cleaned string and symbol table, strings: 13304 processed, 763 removed, symbols: 93417 processed, 18 removed
[2018-11-16T16:15:56.795+0100][gc            ] GC(7) Pause Remark 141M->141M(1024M) 5,043ms
[2018-11-16T16:15:56.795+0100][gc,cpu        ] GC(7) User=0,01s Sys=0,00s Real=0,01s
[2018-11-16T16:15:56.795+0100][gc,marking    ] GC(7) Concurrent Create Live Data
[2018-11-16T16:15:56.798+0100][gc,marking    ] GC(7) Concurrent Create Live Data 2,740ms
[2018-11-16T16:15:56.798+0100][gc,start      ] GC(7) Pause Cleanup
[2018-11-16T16:15:56.799+0100][gc            ] GC(7) Pause Cleanup 141M->141M(1024M) 0,904ms
[2018-11-16T16:15:56.799+0100][gc,cpu        ] GC(7) User=0,00s Sys=0,00s Real=0,01s
[2018-11-16T16:15:56.799+0100][gc,marking    ] GC(7) Concurrent Cleanup for Next Mark
[2018-11-16T16:15:56.807+0100][gc,marking    ] GC(7) Concurrent Cleanup for Next Mark 7,722ms
[2018-11-16T16:15:56.807+0100][gc            ] GC(7) Concurrent Cycle 28,532ms
