[2018-11-16T14:21:28.648+0100][gc,heap] Heap region size: 1M
[2018-11-16T14:21:28.669+0100][gc     ] Using G1
[2018-11-16T14:21:28.669+0100][gc,heap,coops] Heap address: 0x00000000e0000000, size: 512 MB, Compressed Oops mode: 32-bit
[2018-11-16T15:04:56.584+0100][gc,start     ] GC(0) Pause Young (G1 Evacuation Pause)
[2018-11-16T15:04:56.596+0100][gc,task      ] GC(0) Using 4 workers of 4 for evacuation
[2018-11-16T15:04:56.607+0100][gc,phases    ] GC(0)   Pre Evacuate Collection Set: 0,0ms
[2018-11-16T15:04:56.607+0100][gc,phases    ] GC(0)   Evacuate Collection Set: 9,6ms
[2018-11-16T15:04:56.607+0100][gc,phases    ] GC(0)   Post Evacuate Collection Set: 0,4ms
[2018-11-16T15:04:56.607+0100][gc,phases    ] GC(0)   Other: 12,6ms
[2018-11-16T15:04:56.607+0100][gc,heap      ] GC(0) Eden regions: 25->0(21)
[2018-11-16T15:04:56.607+0100][gc,heap      ] GC(0) Survivor regions: 0->4(4)
[2018-11-16T15:04:56.607+0100][gc,heap      ] GC(0) Old regions: 0->2
[2018-11-16T15:04:56.607+0100][gc,heap      ] GC(0) Humongous regions: 1->1
[2018-11-16T15:04:56.607+0100][gc,metaspace ] GC(0) Metaspace: 14901K->14901K(1062912K)
[2018-11-16T15:04:56.607+0100][gc           ] GC(0) Pause Young (G1 Evacuation Pause) 26M->6M(512M) 22,624ms
[2018-11-16T15:04:56.607+0100][gc,cpu       ] GC(0) User=0,02s Sys=0,01s Real=0,02s
[2018-11-16T15:05:56.885+0100][gc,heap,exit ] Heap
[2018-11-16T15:05:56.885+0100][gc,heap,exit ]  garbage-first heap   total 524288K, used 7844K [0x00000000e0000000, 0x0000000100000000)
[2018-11-16T15:05:56.885+0100][gc,heap,exit ]   region size 1024K, 6 young (6144K), 4 survivors (4096K)
[2018-11-16T15:05:56.885+0100][gc,heap,exit ]  Metaspace       used 14923K, capacity 15258K, committed 15488K, reserved 1062912K
[2018-11-16T15:05:56.885+0100][gc,heap,exit ]   class space    used 1425K, capacity 1556K, committed 1664K, reserved 1048576K
