[2018-11-15T17:30:17.749+0100][gc,heap] Heap region size: 1M
[2018-11-15T17:30:17.755+0100][gc     ] Using G1
[2018-11-15T17:30:17.755+0100][gc,heap,coops] Heap address: 0x00000000e0000000, size: 512 MB, Compressed Oops mode: 32-bit
[2018-11-15T17:52:41.500+0100][gc,start     ] GC(0) Pause Young (G1 Evacuation Pause)
[2018-11-15T17:52:41.500+0100][gc,task      ] GC(0) Using 4 workers of 4 for evacuation
[2018-11-15T17:52:41.515+0100][gc,phases    ] GC(0)   Pre Evacuate Collection Set: 0,0ms
[2018-11-15T17:52:41.516+0100][gc,phases    ] GC(0)   Evacuate Collection Set: 14,3ms
[2018-11-15T17:52:41.516+0100][gc,phases    ] GC(0)   Post Evacuate Collection Set: 0,5ms
[2018-11-15T17:52:41.516+0100][gc,phases    ] GC(0)   Other: 0,5ms
[2018-11-15T17:52:41.516+0100][gc,heap      ] GC(0) Eden regions: 25->0(21)
[2018-11-15T17:52:41.516+0100][gc,heap      ] GC(0) Survivor regions: 0->4(4)
[2018-11-15T17:52:41.516+0100][gc,heap      ] GC(0) Old regions: 0->2
[2018-11-15T17:52:41.516+0100][gc,heap      ] GC(0) Humongous regions: 1->1
[2018-11-15T17:52:41.516+0100][gc,metaspace ] GC(0) Metaspace: 14919K->14919K(1062912K)
[2018-11-15T17:52:41.516+0100][gc           ] GC(0) Pause Young (G1 Evacuation Pause) 26M->6M(512M) 15,580ms
[2018-11-15T17:52:41.516+0100][gc,cpu       ] GC(0) User=0,04s Sys=0,01s Real=0,01s
[2018-11-15T18:57:40.860+0100][gc,heap,exit ] Heap
[2018-11-15T18:57:40.860+0100][gc,heap,exit ]  garbage-first heap   total 524288K, used 15092K [0x00000000e0000000, 0x0000000100000000)
[2018-11-15T18:57:40.860+0100][gc,heap,exit ]   region size 1024K, 13 young (13312K), 4 survivors (4096K)
[2018-11-15T18:57:40.860+0100][gc,heap,exit ]  Metaspace       used 14942K, capacity 15259K, committed 15488K, reserved 1062912K
[2018-11-15T18:57:40.860+0100][gc,heap,exit ]   class space    used 1424K, capacity 1556K, committed 1664K, reserved 1048576K
