[2018-11-16T15:06:17.657+0100][gc,heap] Heap region size: 1M
[2018-11-16T15:06:17.662+0100][gc     ] Using G1
[2018-11-16T15:06:17.662+0100][gc,heap,coops] Heap address: 0x00000000e0000000, size: 512 MB, Compressed Oops mode: 32-bit
[2018-11-16T15:52:12.165+0100][gc,start     ] GC(0) Pause Young (G1 Evacuation Pause)
[2018-11-16T15:52:12.176+0100][gc,task      ] GC(0) Using 4 workers of 4 for evacuation
[2018-11-16T15:52:12.189+0100][gc,phases    ] GC(0)   Pre Evacuate Collection Set: 0,0ms
[2018-11-16T15:52:12.189+0100][gc,phases    ] GC(0)   Evacuate Collection Set: 12,7ms
[2018-11-16T15:52:12.189+0100][gc,phases    ] GC(0)   Post Evacuate Collection Set: 0,6ms
[2018-11-16T15:52:12.189+0100][gc,phases    ] GC(0)   Other: 11,6ms
[2018-11-16T15:52:12.190+0100][gc,heap      ] GC(0) Eden regions: 25->0(21)
[2018-11-16T15:52:12.190+0100][gc,heap      ] GC(0) Survivor regions: 0->4(4)
[2018-11-16T15:52:12.190+0100][gc,heap      ] GC(0) Old regions: 0->2
[2018-11-16T15:52:12.190+0100][gc,heap      ] GC(0) Humongous regions: 1->1
[2018-11-16T15:52:12.190+0100][gc,metaspace ] GC(0) Metaspace: 14914K->14914K(1062912K)
[2018-11-16T15:52:12.190+0100][gc           ] GC(0) Pause Young (G1 Evacuation Pause) 26M->6M(512M) 25,085ms
[2018-11-16T15:52:12.190+0100][gc,cpu       ] GC(0) User=0,04s Sys=0,00s Real=0,02s
[2018-11-16T16:15:52.891+0100][gc,heap,exit ] Heap
[2018-11-16T16:15:52.891+0100][gc,heap,exit ]  garbage-first heap   total 524288K, used 8879K [0x00000000e0000000, 0x0000000100000000)
[2018-11-16T16:15:52.891+0100][gc,heap,exit ]   region size 1024K, 7 young (7168K), 4 survivors (4096K)
[2018-11-16T16:15:52.891+0100][gc,heap,exit ]  Metaspace       used 14940K, capacity 15258K, committed 15488K, reserved 1062912K
[2018-11-16T16:15:52.891+0100][gc,heap,exit ]   class space    used 1424K, capacity 1556K, committed 1664K, reserved 1048576K
