[2018-11-21T15:02:44.533+0100][gc,heap] Heap region size: 1M
[2018-11-21T15:02:44.539+0100][gc     ] Using G1
[2018-11-21T15:02:44.539+0100][gc,heap,coops] Heap address: 0x00000000e0000000, size: 512 MB, Compressed Oops mode: 32-bit
[2018-11-21T15:46:20.136+0100][gc,start     ] GC(0) Pause Young (G1 Evacuation Pause)
[2018-11-21T15:46:20.154+0100][gc,task      ] GC(0) Using 4 workers of 4 for evacuation
[2018-11-21T15:46:20.169+0100][gc,phases    ] GC(0)   Pre Evacuate Collection Set: 0,0ms
[2018-11-21T15:46:20.169+0100][gc,phases    ] GC(0)   Evacuate Collection Set: 13,4ms
[2018-11-21T15:46:20.169+0100][gc,phases    ] GC(0)   Post Evacuate Collection Set: 0,5ms
[2018-11-21T15:46:20.169+0100][gc,phases    ] GC(0)   Other: 18,5ms
[2018-11-21T15:46:20.169+0100][gc,heap      ] GC(0) Eden regions: 25->0(21)
[2018-11-21T15:46:20.169+0100][gc,heap      ] GC(0) Survivor regions: 0->4(4)
[2018-11-21T15:46:20.169+0100][gc,heap      ] GC(0) Old regions: 0->2
[2018-11-21T15:46:20.169+0100][gc,heap      ] GC(0) Humongous regions: 1->1
[2018-11-21T15:46:20.169+0100][gc,metaspace ] GC(0) Metaspace: 14917K->14917K(1062912K)
[2018-11-21T15:46:20.169+0100][gc           ] GC(0) Pause Young (G1 Evacuation Pause) 26M->6M(512M) 32,637ms
[2018-11-21T15:46:20.169+0100][gc,cpu       ] GC(0) User=0,04s Sys=0,00s Real=0,04s
